2026-07-02 00:55:49,080 INFO chronaris.pipelines.stage_i.public.deep_baseline: stage_i_deep_baseline observer start run_id=full__seed42 run_root=/home/wangminan/projects/chronaris/docs/artifacts/assets/stage_i_public_fusion_ablation/20260701T-stage-i-public-fusion-ablation-r1/screen/nasa_csm/full__seed42
2026-07-02 00:55:54,857 INFO chronaris.pipelines.stage_i.public.deep_baseline_runtime: deep_train fold_start dataset=nasa_csm model=chronaris_public_fusion track=objective group=benchmark_only seed=42 fold=001/002 split_group=subject_10 task=classification train_count=1364 epochs=5 batch_size=128
2026-07-02 00:55:54,858 INFO chronaris.pipelines.stage_i.public.deep_baseline_runtime: deep_train epoch_start dataset=nasa_csm model=chronaris_public_fusion track=objective group=benchmark_only seed=42 fold=001/002 epoch=001/005 batch_count=11
2026-07-02 00:55:55,738 INFO chronaris.pipelines.stage_i.public.deep_baseline_runtime: deep_train batch dataset=nasa_csm model=chronaris_public_fusion track=objective group=benchmark_only seed=42 fold=001/002 epoch=001/005 batch=001/011 loss=1.111953 elapsed_s=0.9 status=running
2026-07-02 00:55:55,869 INFO chronaris.pipelines.stage_i.public.deep_baseline_runtime: deep_train batch dataset=nasa_csm model=chronaris_public_fusion track=objective group=benchmark_only seed=42 fold=001/002 epoch=001/005 batch=011/011 loss=1.056311 elapsed_s=1.0 status=running
2026-07-02 00:55:55,870 INFO chronaris.pipelines.stage_i.public.deep_baseline_runtime: deep_train epoch_done dataset=nasa_csm model=chronaris_public_fusion track=objective group=benchmark_only seed=42 fold=001/002 epoch=001/005 train_loss=1.086341 elapsed_s=1.0
2026-07-02 00:55:56,090 INFO chronaris.pipelines.stage_i.public.deep_baseline_runtime: deep_train epoch_start dataset=nasa_csm model=chronaris_public_fusion track=objective group=benchmark_only seed=42 fold=001/002 epoch=002/005 batch_count=11
2026-07-02 00:55:56,137 INFO chronaris.pipelines.stage_i.public.deep_baseline_runtime: deep_train batch dataset=nasa_csm model=chronaris_public_fusion track=objective group=benchmark_only seed=42 fold=001/002 epoch=002/005 batch=001/011 loss=1.073972 elapsed_s=1.3 status=running
2026-07-02 00:55:56,260 INFO chronaris.pipelines.stage_i.public.deep_baseline_runtime: deep_train batch dataset=nasa_csm model=chronaris_public_fusion track=objective group=benchmark_only seed=42 fold=001/002 epoch=002/005 batch=011/011 loss=1.012619 elapsed_s=1.4 status=running
2026-07-02 00:55:56,260 INFO chronaris.pipelines.stage_i.public.deep_baseline_runtime: deep_train epoch_done dataset=nasa_csm model=chronaris_public_fusion track=objective group=benchmark_only seed=42 fold=001/002 epoch=002/005 train_loss=1.040702 elapsed_s=0.2
2026-07-02 00:55:56,295 INFO chronaris.pipelines.stage_i.public.deep_baseline_runtime: deep_train epoch_start dataset=nasa_csm model=chronaris_public_fusion track=objective group=benchmark_only seed=42 fold=001/002 epoch=003/005 batch_count=11
2026-07-02 00:55:56,320 INFO chronaris.pipelines.stage_i.public.deep_baseline_runtime: deep_train batch dataset=nasa_csm model=chronaris_public_fusion track=objective group=benchmark_only seed=42 fold=001/002 epoch=003/005 batch=001/011 loss=1.080809 elapsed_s=1.5 status=running
2026-07-02 00:55:56,484 INFO chronaris.pipelines.stage_i.public.deep_baseline_runtime: deep_train batch dataset=nasa_csm model=chronaris_public_fusion track=objective group=benchmark_only seed=42 fold=001/002 epoch=003/005 batch=011/011 loss=0.930531 elapsed_s=1.6 status=running
2026-07-02 00:55:56,485 INFO chronaris.pipelines.stage_i.public.deep_baseline_runtime: deep_train epoch_done dataset=nasa_csm model=chronaris_public_fusion track=objective group=benchmark_only seed=42 fold=001/002 epoch=003/005 train_loss=0.969281 elapsed_s=0.2
2026-07-02 00:55:56,519 INFO chronaris.pipelines.stage_i.public.deep_baseline_runtime: deep_train epoch_start dataset=nasa_csm model=chronaris_public_fusion track=objective group=benchmark_only seed=42 fold=001/002 epoch=004/005 batch_count=11
2026-07-02 00:55:56,540 INFO chronaris.pipelines.stage_i.public.deep_baseline_runtime: deep_train batch dataset=nasa_csm model=chronaris_public_fusion track=objective group=benchmark_only seed=42 fold=001/002 epoch=004/005 batch=001/011 loss=0.869270 elapsed_s=1.7 status=running
2026-07-02 00:55:56,661 INFO chronaris.pipelines.stage_i.public.deep_baseline_runtime: deep_train batch dataset=nasa_csm model=chronaris_public_fusion track=objective group=benchmark_only seed=42 fold=001/002 epoch=004/005 batch=011/011 loss=0.842714 elapsed_s=1.8 status=running
2026-07-02 00:55:56,662 INFO chronaris.pipelines.stage_i.public.deep_baseline_runtime: deep_train epoch_done dataset=nasa_csm model=chronaris_public_fusion track=objective group=benchmark_only seed=42 fold=001/002 epoch=004/005 train_loss=0.807751 elapsed_s=0.1
2026-07-02 00:55:56,694 INFO chronaris.pipelines.stage_i.public.deep_baseline_runtime: deep_train epoch_start dataset=nasa_csm model=chronaris_public_fusion track=objective group=benchmark_only seed=42 fold=001/002 epoch=005/005 batch_count=11
2026-07-02 00:55:56,714 INFO chronaris.pipelines.stage_i.public.deep_baseline_runtime: deep_train batch dataset=nasa_csm model=chronaris_public_fusion track=objective group=benchmark_only seed=42 fold=001/002 epoch=005/005 batch=001/011 loss=0.794710 elapsed_s=1.9 status=running
2026-07-02 00:55:56,834 INFO chronaris.pipelines.stage_i.public.deep_baseline_runtime: deep_train batch dataset=nasa_csm model=chronaris_public_fusion track=objective group=benchmark_only seed=42 fold=001/002 epoch=005/005 batch=011/011 loss=0.685382 elapsed_s=2.0 status=running
2026-07-02 00:55:56,835 INFO chronaris.pipelines.stage_i.public.deep_baseline_runtime: deep_train epoch_done dataset=nasa_csm model=chronaris_public_fusion track=objective group=benchmark_only seed=42 fold=001/002 epoch=005/005 train_loss=0.650548 elapsed_s=0.1
2026-07-02 00:55:56,867 INFO chronaris.pipelines.stage_i.public.deep_baseline_runtime: deep_train fold_done dataset=nasa_csm model=chronaris_public_fusion track=objective group=benchmark_only seed=42 fold=001/002 elapsed_s=2.0
2026-07-02 00:55:57,199 INFO chronaris.pipelines.stage_i.public.deep_baseline_runtime: deep_train fold_start dataset=nasa_csm model=chronaris_public_fusion track=objective group=benchmark_only seed=42 fold=002/002 split_group=subject_11 task=classification train_count=1366 epochs=5 batch_size=128
2026-07-02 00:55:57,200 INFO chronaris.pipelines.stage_i.public.deep_baseline_runtime: deep_train epoch_start dataset=nasa_csm model=chronaris_public_fusion track=objective group=benchmark_only seed=42 fold=002/002 epoch=001/005 batch_count=11
2026-07-02 00:55:57,218 INFO chronaris.pipelines.stage_i.public.deep_baseline_runtime: deep_train batch dataset=nasa_csm model=chronaris_public_fusion track=objective group=benchmark_only seed=42 fold=002/002 epoch=001/005 batch=001/011 loss=1.101318 elapsed_s=0.0 status=running
2026-07-02 00:55:57,332 INFO chronaris.pipelines.stage_i.public.deep_baseline_runtime: deep_train batch dataset=nasa_csm model=chronaris_public_fusion track=objective group=benchmark_only seed=42 fold=002/002 epoch=001/005 batch=011/011 loss=1.043532 elapsed_s=0.1 status=running
2026-07-02 00:55:57,333 INFO chronaris.pipelines.stage_i.public.deep_baseline_runtime: deep_train epoch_done dataset=nasa_csm model=chronaris_public_fusion track=objective group=benchmark_only seed=42 fold=002/002 epoch=001/005 train_loss=1.091297 elapsed_s=0.1
2026-07-02 00:55:57,367 INFO chronaris.pipelines.stage_i.public.deep_baseline_runtime: deep_train epoch_start dataset=nasa_csm model=chronaris_public_fusion track=objective group=benchmark_only seed=42 fold=002/002 epoch=002/005 batch_count=11
2026-07-02 00:55:57,381 INFO chronaris.pipelines.stage_i.public.deep_baseline_runtime: deep_train batch dataset=nasa_csm model=chronaris_public_fusion track=objective group=benchmark_only seed=42 fold=002/002 epoch=002/005 batch=001/011 loss=1.056870 elapsed_s=0.2 status=running
2026-07-02 00:55:57,501 INFO chronaris.pipelines.stage_i.public.deep_baseline_runtime: deep_train batch dataset=nasa_csm model=chronaris_public_fusion track=objective group=benchmark_only seed=42 fold=002/002 epoch=002/005 batch=011/011 loss=1.056995 elapsed_s=0.3 status=running
2026-07-02 00:55:57,502 INFO chronaris.pipelines.stage_i.public.deep_baseline_runtime: deep_train epoch_done dataset=nasa_csm model=chronaris_public_fusion track=objective group=benchmark_only seed=42 fold=002/002 epoch=002/005 train_loss=1.044676 elapsed_s=0.1
2026-07-02 00:55:57,536 INFO chronaris.pipelines.stage_i.public.deep_baseline_runtime: deep_train epoch_start dataset=nasa_csm model=chronaris_public_fusion track=objective group=benchmark_only seed=42 fold=002/002 epoch=003/005 batch_count=11
2026-07-02 00:55:57,571 INFO chronaris.pipelines.stage_i.public.deep_baseline_runtime: deep_train batch dataset=nasa_csm model=chronaris_public_fusion track=objective group=benchmark_only seed=42 fold=002/002 epoch=003/005 batch=001/011 loss=1.042609 elapsed_s=0.4 status=running
2026-07-02 00:55:57,725 INFO chronaris.pipelines.stage_i.public.deep_baseline_runtime: deep_train batch dataset=nasa_csm model=chronaris_public_fusion track=objective group=benchmark_only seed=42 fold=002/002 epoch=003/005 batch=011/011 loss=0.958300 elapsed_s=0.5 status=running
2026-07-02 00:55:57,726 INFO chronaris.pipelines.stage_i.public.deep_baseline_runtime: deep_train epoch_done dataset=nasa_csm model=chronaris_public_fusion track=objective group=benchmark_only seed=42 fold=002/002 epoch=003/005 train_loss=0.978785 elapsed_s=0.2
2026-07-02 00:55:57,766 INFO chronaris.pipelines.stage_i.public.deep_baseline_runtime: deep_train epoch_start dataset=nasa_csm model=chronaris_public_fusion track=objective group=benchmark_only seed=42 fold=002/002 epoch=004/005 batch_count=11
2026-07-02 00:55:57,835 INFO chronaris.pipelines.stage_i.public.deep_baseline_runtime: deep_train batch dataset=nasa_csm model=chronaris_public_fusion track=objective group=benchmark_only seed=42 fold=002/002 epoch=004/005 batch=001/011 loss=0.853940 elapsed_s=0.6 status=running
2026-07-02 00:55:57,972 INFO chronaris.pipelines.stage_i.public.deep_baseline_runtime: deep_train batch dataset=nasa_csm model=chronaris_public_fusion track=objective group=benchmark_only seed=42 fold=002/002 epoch=004/005 batch=011/011 loss=0.656959 elapsed_s=0.8 status=running
2026-07-02 00:55:57,973 INFO chronaris.pipelines.stage_i.public.deep_baseline_runtime: deep_train epoch_done dataset=nasa_csm model=chronaris_public_fusion track=objective group=benchmark_only seed=42 fold=002/002 epoch=004/005 train_loss=0.797964 elapsed_s=0.2
2026-07-02 00:55:58,007 INFO chronaris.pipelines.stage_i.public.deep_baseline_runtime: deep_train epoch_start dataset=nasa_csm model=chronaris_public_fusion track=objective group=benchmark_only seed=42 fold=002/002 epoch=005/005 batch_count=11
2026-07-02 00:55:58,043 INFO chronaris.pipelines.stage_i.public.deep_baseline_runtime: deep_train batch dataset=nasa_csm model=chronaris_public_fusion track=objective group=benchmark_only seed=42 fold=002/002 epoch=005/005 batch=001/011 loss=0.746770 elapsed_s=0.8 status=running
2026-07-02 00:55:58,200 INFO chronaris.pipelines.stage_i.public.deep_baseline_runtime: deep_train batch dataset=nasa_csm model=chronaris_public_fusion track=objective group=benchmark_only seed=42 fold=002/002 epoch=005/005 batch=011/011 loss=0.684803 elapsed_s=1.0 status=running
2026-07-02 00:55:58,201 INFO chronaris.pipelines.stage_i.public.deep_baseline_runtime: deep_train epoch_done dataset=nasa_csm model=chronaris_public_fusion track=objective group=benchmark_only seed=42 fold=002/002 epoch=005/005 train_loss=0.668998 elapsed_s=0.2
2026-07-02 00:55:58,235 INFO chronaris.pipelines.stage_i.public.deep_baseline_runtime: deep_train fold_done dataset=nasa_csm model=chronaris_public_fusion track=objective group=benchmark_only seed=42 fold=002/002 elapsed_s=1.0
2026-07-02 00:55:58,587 INFO chronaris.pipelines.stage_i.public.deep_baseline_runtime: deep_train fold_start dataset=nasa_csm model=chronaris_public_fusion track=objective group=loft_only seed=42 fold=001/002 split_group=subject_10 task=classification train_count=1259 epochs=5 batch_size=128
2026-07-02 00:55:58,589 INFO chronaris.pipelines.stage_i.public.deep_baseline_runtime: deep_train epoch_start dataset=nasa_csm model=chronaris_public_fusion track=objective group=loft_only seed=42 fold=001/002 epoch=001/005 batch_count=10
2026-07-02 00:55:58,630 INFO chronaris.pipelines.stage_i.public.deep_baseline_runtime: deep_train batch dataset=nasa_csm model=chronaris_public_fusion track=objective group=loft_only seed=42 fold=001/002 epoch=001/005 batch=001/010 loss=1.107967 elapsed_s=0.0 status=running
2026-07-02 00:55:58,745 INFO chronaris.pipelines.stage_i.public.deep_baseline_runtime: deep_train batch dataset=nasa_csm model=chronaris_public_fusion track=objective group=loft_only seed=42 fold=001/002 epoch=001/005 batch=010/010 loss=0.943782 elapsed_s=0.2 status=running
2026-07-02 00:55:58,746 INFO chronaris.pipelines.stage_i.public.deep_baseline_runtime: deep_train epoch_done dataset=nasa_csm model=chronaris_public_fusion track=objective group=loft_only seed=42 fold=001/002 epoch=001/005 train_loss=1.017112 elapsed_s=0.2
2026-07-02 00:55:58,780 INFO chronaris.pipelines.stage_i.public.deep_baseline_runtime: deep_train epoch_start dataset=nasa_csm model=chronaris_public_fusion track=objective group=loft_only seed=42 fold=001/002 epoch=002/005 batch_count=10
2026-07-02 00:55:58,795 INFO chronaris.pipelines.stage_i.public.deep_baseline_runtime: deep_train batch dataset=nasa_csm model=chronaris_public_fusion track=objective group=loft_only seed=42 fold=001/002 epoch=002/005 batch=001/010 loss=0.921234 elapsed_s=0.2 status=running
2026-07-02 00:55:58,963 INFO chronaris.pipelines.stage_i.public.deep_baseline_runtime: deep_train batch dataset=nasa_csm model=chronaris_public_fusion track=objective group=loft_only seed=42 fold=001/002 epoch=002/005 batch=010/010 loss=0.729843 elapsed_s=0.4 status=running
2026-07-02 00:55:58,964 INFO chronaris.pipelines.stage_i.public.deep_baseline_runtime: deep_train epoch_done dataset=nasa_csm model=chronaris_public_fusion track=objective group=loft_only seed=42 fold=001/002 epoch=002/005 train_loss=0.790766 elapsed_s=0.2
2026-07-02 00:55:59,000 INFO chronaris.pipelines.stage_i.public.deep_baseline_runtime: deep_train epoch_start dataset=nasa_csm model=chronaris_public_fusion track=objective group=loft_only seed=42 fold=001/002 epoch=003/005 batch_count=10
2026-07-02 00:55:59,016 INFO chronaris.pipelines.stage_i.public.deep_baseline_runtime: deep_train batch dataset=nasa_csm model=chronaris_public_fusion track=objective group=loft_only seed=42 fold=001/002 epoch=003/005 batch=001/010 loss=0.666778 elapsed_s=0.4 status=running
2026-07-02 00:55:59,131 INFO chronaris.pipelines.stage_i.public.deep_baseline_runtime: deep_train batch dataset=nasa_csm model=chronaris_public_fusion track=objective group=loft_only seed=42 fold=001/002 epoch=003/005 batch=010/010 loss=0.641657 elapsed_s=0.5 status=running
2026-07-02 00:55:59,132 INFO chronaris.pipelines.stage_i.public.deep_baseline_runtime: deep_train epoch_done dataset=nasa_csm model=chronaris_public_fusion track=objective group=loft_only seed=42 fold=001/002 epoch=003/005 train_loss=0.686879 elapsed_s=0.1
2026-07-02 00:55:59,166 INFO chronaris.pipelines.stage_i.public.deep_baseline_runtime: deep_train epoch_start dataset=nasa_csm model=chronaris_public_fusion track=objective group=loft_only seed=42 fold=001/002 epoch=004/005 batch_count=10
2026-07-02 00:55:59,193 INFO chronaris.pipelines.stage_i.public.deep_baseline_runtime: deep_train batch dataset=nasa_csm model=chronaris_public_fusion track=objective group=loft_only seed=42 fold=001/002 epoch=004/005 batch=001/010 loss=0.652041 elapsed_s=0.6 status=running
2026-07-02 00:55:59,362 INFO chronaris.pipelines.stage_i.public.deep_baseline_runtime: deep_train batch dataset=nasa_csm model=chronaris_public_fusion track=objective group=loft_only seed=42 fold=001/002 epoch=004/005 batch=010/010 loss=0.603592 elapsed_s=0.8 status=running
2026-07-02 00:55:59,364 INFO chronaris.pipelines.stage_i.public.deep_baseline_runtime: deep_train epoch_done dataset=nasa_csm model=chronaris_public_fusion track=objective group=loft_only seed=42 fold=001/002 epoch=004/005 train_loss=0.631072 elapsed_s=0.2
2026-07-02 00:55:59,398 INFO chronaris.pipelines.stage_i.public.deep_baseline_runtime: deep_train epoch_start dataset=nasa_csm model=chronaris_public_fusion track=objective group=loft_only seed=42 fold=001/002 epoch=005/005 batch_count=10
2026-07-02 00:55:59,430 INFO chronaris.pipelines.stage_i.public.deep_baseline_runtime: deep_train batch dataset=nasa_csm model=chronaris_public_fusion track=objective group=loft_only seed=42 fold=001/002 epoch=005/005 batch=001/010 loss=0.618629 elapsed_s=0.8 status=running
2026-07-02 00:55:59,592 INFO chronaris.pipelines.stage_i.public.deep_baseline_runtime: deep_train batch dataset=nasa_csm model=chronaris_public_fusion track=objective group=loft_only seed=42 fold=001/002 epoch=005/005 batch=010/010 loss=0.525900 elapsed_s=1.0 status=running
2026-07-02 00:55:59,593 INFO chronaris.pipelines.stage_i.public.deep_baseline_runtime: deep_train epoch_done dataset=nasa_csm model=chronaris_public_fusion track=objective group=loft_only seed=42 fold=001/002 epoch=005/005 train_loss=0.576718 elapsed_s=0.2
2026-07-02 00:55:59,634 INFO chronaris.pipelines.stage_i.public.deep_baseline_runtime: deep_train fold_done dataset=nasa_csm model=chronaris_public_fusion track=objective group=loft_only seed=42 fold=001/002 elapsed_s=1.0
2026-07-02 00:55:59,988 INFO chronaris.pipelines.stage_i.public.deep_baseline_runtime: deep_train fold_start dataset=nasa_csm model=chronaris_public_fusion track=objective group=loft_only seed=42 fold=002/002 split_group=subject_11 task=classification train_count=1279 epochs=5 batch_size=128
2026-07-02 00:55:59,989 INFO chronaris.pipelines.stage_i.public.deep_baseline_runtime: deep_train epoch_start dataset=nasa_csm model=chronaris_public_fusion track=objective group=loft_only seed=42 fold=002/002 epoch=001/005 batch_count=10
2026-07-02 00:56:00,008 INFO chronaris.pipelines.stage_i.public.deep_baseline_runtime: deep_train batch dataset=nasa_csm model=chronaris_public_fusion track=objective group=loft_only seed=42 fold=002/002 epoch=001/005 batch=001/010 loss=1.090823 elapsed_s=0.0 status=running
2026-07-02 00:56:00,123 INFO chronaris.pipelines.stage_i.public.deep_baseline_runtime: deep_train batch dataset=nasa_csm model=chronaris_public_fusion track=objective group=loft_only seed=42 fold=002/002 epoch=001/005 batch=010/010 loss=0.946394 elapsed_s=0.1 status=running
2026-07-02 00:56:00,124 INFO chronaris.pipelines.stage_i.public.deep_baseline_runtime: deep_train epoch_done dataset=nasa_csm model=chronaris_public_fusion track=objective group=loft_only seed=42 fold=002/002 epoch=001/005 train_loss=1.011727 elapsed_s=0.1
2026-07-02 00:56:00,157 INFO chronaris.pipelines.stage_i.public.deep_baseline_runtime: deep_train epoch_start dataset=nasa_csm model=chronaris_public_fusion track=objective group=loft_only seed=42 fold=002/002 epoch=002/005 batch_count=10
2026-07-02 00:56:00,171 INFO chronaris.pipelines.stage_i.public.deep_baseline_runtime: deep_train batch dataset=nasa_csm model=chronaris_public_fusion track=objective group=loft_only seed=42 fold=002/002 epoch=002/005 batch=001/010 loss=0.916947 elapsed_s=0.2 status=running
2026-07-02 00:56:00,285 INFO chronaris.pipelines.stage_i.public.deep_baseline_runtime: deep_train batch dataset=nasa_csm model=chronaris_public_fusion track=objective group=loft_only seed=42 fold=002/002 epoch=002/005 batch=010/010 loss=0.687271 elapsed_s=0.3 status=running
2026-07-02 00:56:00,286 INFO chronaris.pipelines.stage_i.public.deep_baseline_runtime: deep_train epoch_done dataset=nasa_csm model=chronaris_public_fusion track=objective group=loft_only seed=42 fold=002/002 epoch=002/005 train_loss=0.801835 elapsed_s=0.1
2026-07-02 00:56:00,340 INFO chronaris.pipelines.stage_i.public.deep_baseline_runtime: deep_train epoch_start dataset=nasa_csm model=chronaris_public_fusion track=objective group=loft_only seed=42 fold=002/002 epoch=003/005 batch_count=10
2026-07-02 00:56:00,366 INFO chronaris.pipelines.stage_i.public.deep_baseline_runtime: deep_train batch dataset=nasa_csm model=chronaris_public_fusion track=objective group=loft_only seed=42 fold=002/002 epoch=003/005 batch=001/010 loss=0.635622 elapsed_s=0.4 status=running
2026-07-02 00:56:00,481 INFO chronaris.pipelines.stage_i.public.deep_baseline_runtime: deep_train batch dataset=nasa_csm model=chronaris_public_fusion track=objective group=loft_only seed=42 fold=002/002 epoch=003/005 batch=010/010 loss=0.656558 elapsed_s=0.5 status=running
2026-07-02 00:56:00,483 INFO chronaris.pipelines.stage_i.public.deep_baseline_runtime: deep_train epoch_done dataset=nasa_csm model=chronaris_public_fusion track=objective group=loft_only seed=42 fold=002/002 epoch=003/005 train_loss=0.698324 elapsed_s=0.1
2026-07-02 00:56:00,517 INFO chronaris.pipelines.stage_i.public.deep_baseline_runtime: deep_train epoch_start dataset=nasa_csm model=chronaris_public_fusion track=objective group=loft_only seed=42 fold=002/002 epoch=004/005 batch_count=10
2026-07-02 00:56:00,562 INFO chronaris.pipelines.stage_i.public.deep_baseline_runtime: deep_train batch dataset=nasa_csm model=chronaris_public_fusion track=objective group=loft_only seed=42 fold=002/002 epoch=004/005 batch=001/010 loss=0.739522 elapsed_s=0.6 status=running
2026-07-02 00:56:00,678 INFO chronaris.pipelines.stage_i.public.deep_baseline_runtime: deep_train batch dataset=nasa_csm model=chronaris_public_fusion track=objective group=loft_only seed=42 fold=002/002 epoch=004/005 batch=010/010 loss=0.558143 elapsed_s=0.7 status=running
2026-07-02 00:56:00,680 INFO chronaris.pipelines.stage_i.public.deep_baseline_runtime: deep_train epoch_done dataset=nasa_csm model=chronaris_public_fusion track=objective group=loft_only seed=42 fold=002/002 epoch=004/005 train_loss=0.598370 elapsed_s=0.2
2026-07-02 00:56:00,714 INFO chronaris.pipelines.stage_i.public.deep_baseline_runtime: deep_train epoch_start dataset=nasa_csm model=chronaris_public_fusion track=objective group=loft_only seed=42 fold=002/002 epoch=005/005 batch_count=10
2026-07-02 00:56:00,741 INFO chronaris.pipelines.stage_i.public.deep_baseline_runtime: deep_train batch dataset=nasa_csm model=chronaris_public_fusion track=objective group=loft_only seed=42 fold=002/002 epoch=005/005 batch=001/010 loss=0.517173 elapsed_s=0.8 status=running
2026-07-02 00:56:00,858 INFO chronaris.pipelines.stage_i.public.deep_baseline_runtime: deep_train batch dataset=nasa_csm model=chronaris_public_fusion track=objective group=loft_only seed=42 fold=002/002 epoch=005/005 batch=010/010 loss=0.508633 elapsed_s=0.9 status=running
2026-07-02 00:56:00,860 INFO chronaris.pipelines.stage_i.public.deep_baseline_runtime: deep_train epoch_done dataset=nasa_csm model=chronaris_public_fusion track=objective group=loft_only seed=42 fold=002/002 epoch=005/005 train_loss=0.567113 elapsed_s=0.1
2026-07-02 00:56:00,893 INFO chronaris.pipelines.stage_i.public.deep_baseline_runtime: deep_train fold_done dataset=nasa_csm model=chronaris_public_fusion track=objective group=loft_only seed=42 fold=002/002 elapsed_s=0.9
2026-07-02 00:56:01,237 INFO chronaris.pipelines.stage_i.public.deep_baseline_runtime: deep_train fold_start dataset=nasa_csm model=chronaris_public_fusion track=objective group=combined seed=42 fold=001/002 split_group=subject_10 task=classification train_count=2623 epochs=5 batch_size=128
2026-07-02 00:56:01,239 INFO chronaris.pipelines.stage_i.public.deep_baseline_runtime: deep_train epoch_start dataset=nasa_csm model=chronaris_public_fusion track=objective group=combined seed=42 fold=001/002 epoch=001/005 batch_count=21
2026-07-02 00:56:01,279 INFO chronaris.pipelines.stage_i.public.deep_baseline_runtime: deep_train batch dataset=nasa_csm model=chronaris_public_fusion track=objective group=combined seed=42 fold=001/002 epoch=001/005 batch=001/021 loss=1.113429 elapsed_s=0.0 status=running
2026-07-02 00:56:01,518 INFO chronaris.pipelines.stage_i.public.deep_baseline_runtime: deep_train batch dataset=nasa_csm model=chronaris_public_fusion track=objective group=combined seed=42 fold=001/002 epoch=001/005 batch=020/021 loss=1.008448 elapsed_s=0.3 status=running
2026-07-02 00:56:01,542 INFO chronaris.pipelines.stage_i.public.deep_baseline_runtime: deep_train batch dataset=nasa_csm model=chronaris_public_fusion track=objective group=combined seed=42 fold=001/002 epoch=001/005 batch=021/021 loss=0.956108 elapsed_s=0.3 status=running
2026-07-02 00:56:01,544 INFO chronaris.pipelines.stage_i.public.deep_baseline_runtime: deep_train epoch_done dataset=nasa_csm model=chronaris_public_fusion track=objective group=combined seed=42 fold=001/002 epoch=001/005 train_loss=1.069289 elapsed_s=0.3
2026-07-02 00:56:01,585 INFO chronaris.pipelines.stage_i.public.deep_baseline_runtime: deep_train epoch_start dataset=nasa_csm model=chronaris_public_fusion track=objective group=combined seed=42 fold=001/002 epoch=002/005 batch_count=21
2026-07-02 00:56:01,665 INFO chronaris.pipelines.stage_i.public.deep_baseline_runtime: deep_train batch dataset=nasa_csm model=chronaris_public_fusion track=objective group=combined seed=42 fold=001/002 epoch=002/005 batch=001/021 loss=1.004115 elapsed_s=0.4 status=running
2026-07-02 00:56:01,906 INFO chronaris.pipelines.stage_i.public.deep_baseline_runtime: deep_train batch dataset=nasa_csm model=chronaris_public_fusion track=objective group=combined seed=42 fold=001/002 epoch=002/005 batch=020/021 loss=0.980357 elapsed_s=0.7 status=running
2026-07-02 00:56:01,921 INFO chronaris.pipelines.stage_i.public.deep_baseline_runtime: deep_train batch dataset=nasa_csm model=chronaris_public_fusion track=objective group=combined seed=42 fold=001/002 epoch=002/005 batch=021/021 loss=0.997243 elapsed_s=0.7 status=running
2026-07-02 00:56:01,958 INFO chronaris.pipelines.stage_i.public.deep_baseline_runtime: deep_train epoch_done dataset=nasa_csm model=chronaris_public_fusion track=objective group=combined seed=42 fold=001/002 epoch=002/005 train_loss=0.967349 elapsed_s=0.4
2026-07-02 00:56:01,996 INFO chronaris.pipelines.stage_i.public.deep_baseline_runtime: deep_train epoch_start dataset=nasa_csm model=chronaris_public_fusion track=objective group=combined seed=42 fold=001/002 epoch=003/005 batch_count=21
2026-07-02 00:56:02,040 INFO chronaris.pipelines.stage_i.public.deep_baseline_runtime: deep_train batch dataset=nasa_csm model=chronaris_public_fusion track=objective group=combined seed=42 fold=001/002 epoch=003/005 batch=001/021 loss=0.846152 elapsed_s=0.8 status=running
2026-07-02 00:56:02,294 INFO chronaris.pipelines.stage_i.public.deep_baseline_runtime: deep_train batch dataset=nasa_csm model=chronaris_public_fusion track=objective group=combined seed=42 fold=001/002 epoch=003/005 batch=020/021 loss=0.861058 elapsed_s=1.1 status=running
2026-07-02 00:56:02,309 INFO chronaris.pipelines.stage_i.public.deep_baseline_runtime: deep_train batch dataset=nasa_csm model=chronaris_public_fusion track=objective group=combined seed=42 fold=001/002 epoch=003/005 batch=021/021 loss=0.888934 elapsed_s=1.1 status=running
2026-07-02 00:56:02,311 INFO chronaris.pipelines.stage_i.public.deep_baseline_runtime: deep_train epoch_done dataset=nasa_csm model=chronaris_public_fusion track=objective group=combined seed=42 fold=001/002 epoch=003/005 train_loss=0.909898 elapsed_s=0.3
2026-07-02 00:56:02,349 INFO chronaris.pipelines.stage_i.public.deep_baseline_runtime: deep_train epoch_start dataset=nasa_csm model=chronaris_public_fusion track=objective group=combined seed=42 fold=001/002 epoch=004/005 batch_count=21
2026-07-02 00:56:02,369 INFO chronaris.pipelines.stage_i.public.deep_baseline_runtime: deep_train batch dataset=nasa_csm model=chronaris_public_fusion track=objective group=combined seed=42 fold=001/002 epoch=004/005 batch=001/021 loss=0.871166 elapsed_s=1.1 status=running
2026-07-02 00:56:02,609 INFO chronaris.pipelines.stage_i.public.deep_baseline_runtime: deep_train batch dataset=nasa_csm model=chronaris_public_fusion track=objective group=combined seed=42 fold=001/002 epoch=004/005 batch=020/021 loss=0.816742 elapsed_s=1.4 status=running
2026-07-02 00:56:02,623 INFO chronaris.pipelines.stage_i.public.deep_baseline_runtime: deep_train batch dataset=nasa_csm model=chronaris_public_fusion track=objective group=combined seed=42 fold=001/002 epoch=004/005 batch=021/021 loss=0.779158 elapsed_s=1.4 status=running
2026-07-02 00:56:02,625 INFO chronaris.pipelines.stage_i.public.deep_baseline_runtime: deep_train epoch_done dataset=nasa_csm model=chronaris_public_fusion track=objective group=combined seed=42 fold=001/002 epoch=004/005 train_loss=0.868200 elapsed_s=0.3
2026-07-02 00:56:02,659 INFO chronaris.pipelines.stage_i.public.deep_baseline_runtime: deep_train epoch_start dataset=nasa_csm model=chronaris_public_fusion track=objective group=combined seed=42 fold=001/002 epoch=005/005 batch_count=21
2026-07-02 00:56:02,680 INFO chronaris.pipelines.stage_i.public.deep_baseline_runtime: deep_train batch dataset=nasa_csm model=chronaris_public_fusion track=objective group=combined seed=42 fold=001/002 epoch=005/005 batch=001/021 loss=0.820863 elapsed_s=1.4 status=running
2026-07-02 00:56:02,920 INFO chronaris.pipelines.stage_i.public.deep_baseline_runtime: deep_train batch dataset=nasa_csm model=chronaris_public_fusion track=objective group=combined seed=42 fold=001/002 epoch=005/005 batch=020/021 loss=0.874855 elapsed_s=1.7 status=running
2026-07-02 00:56:02,935 INFO chronaris.pipelines.stage_i.public.deep_baseline_runtime: deep_train batch dataset=nasa_csm model=chronaris_public_fusion track=objective group=combined seed=42 fold=001/002 epoch=005/005 batch=021/021 loss=0.821962 elapsed_s=1.7 status=running
2026-07-02 00:56:02,948 INFO chronaris.pipelines.stage_i.public.deep_baseline_runtime: deep_train epoch_done dataset=nasa_csm model=chronaris_public_fusion track=objective group=combined seed=42 fold=001/002 epoch=005/005 train_loss=0.813416 elapsed_s=0.3
2026-07-02 00:56:02,983 INFO chronaris.pipelines.stage_i.public.deep_baseline_runtime: deep_train fold_done dataset=nasa_csm model=chronaris_public_fusion track=objective group=combined seed=42 fold=001/002 elapsed_s=1.7
2026-07-02 00:56:03,320 INFO chronaris.pipelines.stage_i.public.deep_baseline_runtime: deep_train fold_start dataset=nasa_csm model=chronaris_public_fusion track=objective group=combined seed=42 fold=002/002 split_group=subject_11 task=classification train_count=2645 epochs=5 batch_size=128
2026-07-02 00:56:03,323 INFO chronaris.pipelines.stage_i.public.deep_baseline_runtime: deep_train epoch_start dataset=nasa_csm model=chronaris_public_fusion track=objective group=combined seed=42 fold=002/002 epoch=001/005 batch_count=21
2026-07-02 00:56:03,343 INFO chronaris.pipelines.stage_i.public.deep_baseline_runtime: deep_train batch dataset=nasa_csm model=chronaris_public_fusion track=objective group=combined seed=42 fold=002/002 epoch=001/005 batch=001/021 loss=1.105937 elapsed_s=0.0 status=running
2026-07-02 00:56:03,589 INFO chronaris.pipelines.stage_i.public.deep_baseline_runtime: deep_train batch dataset=nasa_csm model=chronaris_public_fusion track=objective group=combined seed=42 fold=002/002 epoch=001/005 batch=020/021 loss=1.022882 elapsed_s=0.3 status=running
2026-07-02 00:56:03,606 INFO chronaris.pipelines.stage_i.public.deep_baseline_runtime: deep_train batch dataset=nasa_csm model=chronaris_public_fusion track=objective group=combined seed=42 fold=002/002 epoch=001/005 batch=021/021 loss=0.992829 elapsed_s=0.3 status=running
2026-07-02 00:56:03,614 INFO chronaris.pipelines.stage_i.public.deep_baseline_runtime: deep_train epoch_done dataset=nasa_csm model=chronaris_public_fusion track=objective group=combined seed=42 fold=002/002 epoch=001/005 train_loss=1.067534 elapsed_s=0.3
2026-07-02 00:56:03,654 INFO chronaris.pipelines.stage_i.public.deep_baseline_runtime: deep_train epoch_start dataset=nasa_csm model=chronaris_public_fusion track=objective group=combined seed=42 fold=002/002 epoch=002/005 batch_count=21
2026-07-02 00:56:03,697 INFO chronaris.pipelines.stage_i.public.deep_baseline_runtime: deep_train batch dataset=nasa_csm model=chronaris_public_fusion track=objective group=combined seed=42 fold=002/002 epoch=002/005 batch=001/021 loss=1.006305 elapsed_s=0.4 status=running
2026-07-02 00:56:03,968 INFO chronaris.pipelines.stage_i.public.deep_baseline_runtime: deep_train batch dataset=nasa_csm model=chronaris_public_fusion track=objective group=combined seed=42 fold=002/002 epoch=002/005 batch=020/021 loss=0.867040 elapsed_s=0.6 status=running
2026-07-02 00:56:03,984 INFO chronaris.pipelines.stage_i.public.deep_baseline_runtime: deep_train batch dataset=nasa_csm model=chronaris_public_fusion track=objective group=combined seed=42 fold=002/002 epoch=002/005 batch=021/021 loss=0.874542 elapsed_s=0.7 status=running
2026-07-02 00:56:03,997 INFO chronaris.pipelines.stage_i.public.deep_baseline_runtime: deep_train epoch_done dataset=nasa_csm model=chronaris_public_fusion track=objective group=combined seed=42 fold=002/002 epoch=002/005 train_loss=0.951791 elapsed_s=0.3
2026-07-02 00:56:04,033 INFO chronaris.pipelines.stage_i.public.deep_baseline_runtime: deep_train epoch_start dataset=nasa_csm model=chronaris_public_fusion track=objective group=combined seed=42 fold=002/002 epoch=003/005 batch_count=21
2026-07-02 00:56:04,060 INFO chronaris.pipelines.stage_i.public.deep_baseline_runtime: deep_train batch dataset=nasa_csm model=chronaris_public_fusion track=objective group=combined seed=42 fold=002/002 epoch=003/005 batch=001/021 loss=0.944763 elapsed_s=0.7 status=running
2026-07-02 00:56:05,097 INFO chronaris.pipelines.stage_i.public.deep_baseline_runtime: deep_train batch dataset=nasa_csm model=chronaris_public_fusion track=objective group=combined seed=42 fold=002/002 epoch=003/005 batch=020/021 loss=0.867752 elapsed_s=1.0 status=running
2026-07-02 00:56:07,111 INFO chronaris.pipelines.stage_i.public.deep_baseline_runtime: deep_train batch dataset=nasa_csm model=chronaris_public_fusion track=objective group=combined seed=42 fold=002/002 epoch=003/005 batch=021/021 loss=0.855512 elapsed_s=1.0 status=running
2026-07-02 00:56:07,114 INFO chronaris.pipelines.stage_i.public.deep_baseline_runtime: deep_train epoch_done dataset=nasa_csm model=chronaris_public_fusion track=objective group=combined seed=42 fold=002/002 epoch=003/005 train_loss=0.899551 elapsed_s=0.3
2026-07-02 00:56:07,152 INFO chronaris.pipelines.stage_i.public.deep_baseline_runtime: deep_train epoch_start dataset=nasa_csm model=chronaris_public_fusion track=objective group=combined seed=42 fold=002/002 epoch=004/005 batch_count=21
2026-07-02 00:56:07,201 INFO chronaris.pipelines.stage_i.public.deep_baseline_runtime: deep_train batch dataset=nasa_csm model=chronaris_public_fusion track=objective group=combined seed=42 fold=002/002 epoch=004/005 batch=001/021 loss=0.856931 elapsed_s=1.1 status=running
2026-07-02 00:56:07,446 INFO chronaris.pipelines.stage_i.public.deep_baseline_runtime: deep_train batch dataset=nasa_csm model=chronaris_public_fusion track=objective group=combined seed=42 fold=002/002 epoch=004/005 batch=020/021 loss=0.820344 elapsed_s=1.3 status=running
2026-07-02 00:56:07,461 INFO chronaris.pipelines.stage_i.public.deep_baseline_runtime: deep_train batch dataset=nasa_csm model=chronaris_public_fusion track=objective group=combined seed=42 fold=002/002 epoch=004/005 batch=021/021 loss=0.765913 elapsed_s=1.3 status=running
2026-07-02 00:56:07,464 INFO chronaris.pipelines.stage_i.public.deep_baseline_runtime: deep_train epoch_done dataset=nasa_csm model=chronaris_public_fusion track=objective group=combined seed=42 fold=002/002 epoch=004/005 train_loss=0.847601 elapsed_s=0.3
2026-07-02 00:56:07,499 INFO chronaris.pipelines.stage_i.public.deep_baseline_runtime: deep_train epoch_start dataset=nasa_csm model=chronaris_public_fusion track=objective group=combined seed=42 fold=002/002 epoch=005/005 batch_count=21
2026-07-02 00:56:07,521 INFO chronaris.pipelines.stage_i.public.deep_baseline_runtime: deep_train batch dataset=nasa_csm model=chronaris_public_fusion track=objective group=combined seed=42 fold=002/002 epoch=005/005 batch=001/021 loss=0.836079 elapsed_s=1.4 status=running
2026-07-02 00:56:07,766 INFO chronaris.pipelines.stage_i.public.deep_baseline_runtime: deep_train batch dataset=nasa_csm model=chronaris_public_fusion track=objective group=combined seed=42 fold=002/002 epoch=005/005 batch=020/021 loss=0.780556 elapsed_s=1.6 status=running
2026-07-02 00:56:07,782 INFO chronaris.pipelines.stage_i.public.deep_baseline_runtime: deep_train batch dataset=nasa_csm model=chronaris_public_fusion track=objective group=combined seed=42 fold=002/002 epoch=005/005 batch=021/021 loss=0.694674 elapsed_s=1.7 status=running
2026-07-02 00:56:07,784 INFO chronaris.pipelines.stage_i.public.deep_baseline_runtime: deep_train epoch_done dataset=nasa_csm model=chronaris_public_fusion track=objective group=combined seed=42 fold=002/002 epoch=005/005 train_loss=0.781352 elapsed_s=0.3
2026-07-02 00:56:07,819 INFO chronaris.pipelines.stage_i.public.deep_baseline_runtime: deep_train fold_done dataset=nasa_csm model=chronaris_public_fusion track=objective group=combined seed=42 fold=002/002 elapsed_s=1.7
