2026-06-13 17:40:32,273 INFO chronaris.pipelines.task_eval.task_eval_multitask_sweep: task_eval_multitask_sweep observer start run_id=20260613T-task-eval-p11-live-influx-r4-partial run_root=docs/artifacts/runs/2026-06-13_dingxin-weak-label-sweep-partial
2026-06-13 17:40:32,287 ERROR chronaris.pipelines.task_eval.task_eval_multitask_sweep: task_eval_multitask_sweep failed run_id=20260613T-task-eval-p11-live-influx-r4-partial
Traceback (most recent call last):
  File "/home/wangminan/projects/chronaris/src/chronaris/pipelines/task_eval/task_eval_multitask_sweep.py", line 110, in run_task_eval_multitask_sweep
    return _run_task_eval_multitask_sweep_observed(
           ^^^^^^^^^^^^^^^^^^^^^^^^^^^^^^^^^^^^^^
  File "/home/wangminan/projects/chronaris/src/chronaris/pipelines/task_eval/task_eval_multitask_sweep.py", line 415, in _run_task_eval_multitask_sweep_observed
    raise error
  File "/home/wangminan/projects/chronaris/src/chronaris/pipelines/task_eval/task_eval_multitask_sweep.py", line 290, in _run_task_eval_multitask_sweep_observed
    raise StageIMultitaskSweepRuntimeBudgetExceeded(
chronaris.pipelines.task_eval.task_eval_multitask_sweep.StageIMultitaskSweepRuntimeBudgetExceeded: runtime budget reached before starting the next child run: elapsed=0.010s budget=0.000s
2026-06-13 17:45:49,526 INFO chronaris.pipelines.task_eval.task_eval_multitask_sweep: task_eval_multitask_sweep observer start run_id=20260613T-task-eval-p11-live-influx-r4-partial run_root=docs/artifacts/runs/2026-06-13_dingxin-weak-label-sweep-partial
2026-06-13 17:45:49,539 ERROR chronaris.pipelines.task_eval.task_eval_multitask_sweep: task_eval_multitask_sweep failed run_id=20260613T-task-eval-p11-live-influx-r4-partial
Traceback (most recent call last):
  File "/home/wangminan/projects/chronaris/src/chronaris/pipelines/task_eval/task_eval_multitask_sweep.py", line 110, in run_task_eval_multitask_sweep
    return _run_task_eval_multitask_sweep_observed(
           ^^^^^^^^^^^^^^^^^^^^^^^^^^^^^^^^^^^^^^
  File "/home/wangminan/projects/chronaris/src/chronaris/pipelines/task_eval/task_eval_multitask_sweep.py", line 415, in _run_task_eval_multitask_sweep_observed
    raise error
  File "/home/wangminan/projects/chronaris/src/chronaris/pipelines/task_eval/task_eval_multitask_sweep.py", line 290, in _run_task_eval_multitask_sweep_observed
    raise StageIMultitaskSweepRuntimeBudgetExceeded(
chronaris.pipelines.task_eval.task_eval_multitask_sweep.StageIMultitaskSweepRuntimeBudgetExceeded: runtime budget reached before starting the next child run: elapsed=0.010s budget=0.000s
