2026-06-19 16:11:45,828 INFO chronaris.pipelines.task_eval.private.leakage_safe_ablation: task_eval_private_leakage_safe_ablation observer start run_id=20260619T-task-eval-leakage-safe-ablation-r2 run_root=docs/artifacts/runs/2026-06-19_dingxin-leakage-safe-ablation
2026-06-19 17:53:29,559 INFO chronaris.pipelines.task_eval.private.leakage_safe_ablation: task_eval_private_leakage_safe_ablation observer start run_id=20260619T-task-eval-leakage-safe-ablation-r2 run_root=docs/artifacts/runs/2026-06-19_dingxin-leakage-safe-ablation
2026-06-19 17:56:37,866 INFO chronaris.pipelines.task_eval.private.leakage_safe_ablation: task_eval_private_leakage_safe_ablation observer start run_id=20260619T-task-eval-leakage-safe-ablation-r2 run_root=docs/artifacts/runs/2026-06-19_dingxin-leakage-safe-ablation
2026-06-19 17:56:37,871 ERROR chronaris.pipelines.task_eval.private.leakage_safe_ablation: task_eval_private_leakage_safe_ablation failed run_id=20260619T-task-eval-leakage-safe-ablation-r2
Traceback (most recent call last):
  File "/home/wangminan/projects/chronaris/src/chronaris/pipelines/task_eval/private/leakage_safe_ablation.py", line 133, in run_task_eval_leakage_safe_ablation
    return _run_observed(config=config, run_root=run_root, progress=progress)
           ^^^^^^^^^^^^^^^^^^^^^^^^^^^^^^^^^^^^^^^^^^^^^^^^^^^^^^^^^^^^^^^^^^
  File "/home/wangminan/projects/chronaris/src/chronaris/pipelines/task_eval/private/leakage_safe_ablation.py", line 142, in _run_observed
    records = load_aligned_private_records(
              ^^^^^^^^^^^^^^^^^^^^^^^^^^^^^
  File "/home/wangminan/projects/chronaris/src/chronaris/pipelines/task_eval/private/benchmark_data.py", line 72, in load_aligned_private_records
    f_run = load_feature_export_feature_run(f_run_manifest_path)
            ^^^^^^^^^^^^^^^^^^^^^^^^^^^^^^^^^^^^^^^^^^^^^
  File "/home/wangminan/projects/chronaris/src/chronaris/features/feature_export_bundle.py", line 66, in load_feature_export_feature_run
    run_manifest = _read_json(manifest_path)
                   ^^^^^^^^^^^^^^^^^^^^^^^^^
  File "/home/wangminan/projects/chronaris/src/chronaris/features/feature_export_bundle.py", line 176, in _read_json
    return json.loads(path.read_text(encoding="utf-8"))
                      ^^^^^^^^^^^^^^^^^^^^^^^^^^^^^^^^
  File "/home/wangminan/env/anaconda3/envs/chronaris/lib/python3.11/pathlib.py", line 1058, in read_text
    with self.open(mode='r', encoding=encoding, errors=errors) as f:
         ^^^^^^^^^^^^^^^^^^^^^^^^^^^^^^^^^^^^^^^^^^^^^^^^^^^^^
  File "/home/wangminan/env/anaconda3/envs/chronaris/lib/python3.11/pathlib.py", line 1044, in open
    return io.open(self, mode, buffering, encoding, errors, newline)
           ^^^^^^^^^^^^^^^^^^^^^^^^^^^^^^^^^^^^^^^^^^^^^^^^^^^^^^^^^
FileNotFoundError: [Errno 2] No such file or directory: 'docs/artifacts/runs/2026-05-02_feature-export-f-allwindow-clean/run_manifest.json'
2026-06-19 17:56:49,038 INFO chronaris.pipelines.task_eval.private.leakage_safe_ablation: task_eval_private_leakage_safe_ablation observer start run_id=20260619T-task-eval-leakage-safe-ablation-r2 run_root=docs/artifacts/runs/2026-06-19_dingxin-leakage-safe-ablation
