2026-07-02 00:57:41,277 INFO chronaris.pipelines.stage_i.public.deep_baseline: stage_i_deep_baseline observer start run_id=simple_dual_stream_concat__seed42 run_root=/home/wangminan/projects/chronaris/docs/artifacts/assets/stage_i_public_fusion_ablation/20260701T-stage-i-public-fusion-ablation-r1/screen/nasa_csm/simple_dual_stream_concat__seed42
2026-07-02 00:57:42,426 INFO chronaris.pipelines.stage_i.public.deep_baseline_runtime: deep_train fold_start dataset=nasa_csm model=chronaris_public_fusion_simple_concat track=objective group=benchmark_only seed=42 fold=001/002 split_group=subject_10 task=classification train_count=1364 epochs=5 batch_size=128
2026-07-02 00:57:42,427 INFO chronaris.pipelines.stage_i.public.deep_baseline_runtime: deep_train epoch_start dataset=nasa_csm model=chronaris_public_fusion_simple_concat track=objective group=benchmark_only seed=42 fold=001/002 epoch=001/005 batch_count=11
2026-07-02 00:57:42,448 INFO chronaris.pipelines.stage_i.public.deep_baseline_runtime: deep_train batch dataset=nasa_csm model=chronaris_public_fusion_simple_concat track=objective group=benchmark_only seed=42 fold=001/002 epoch=001/005 batch=001/011 loss=1.110731 elapsed_s=0.0 status=running
2026-07-02 00:57:42,624 INFO chronaris.pipelines.stage_i.public.deep_baseline_runtime: deep_train batch dataset=nasa_csm model=chronaris_public_fusion_simple_concat track=objective group=benchmark_only seed=42 fold=001/002 epoch=001/005 batch=011/011 loss=1.050766 elapsed_s=0.2 status=running
2026-07-02 00:57:42,625 INFO chronaris.pipelines.stage_i.public.deep_baseline_runtime: deep_train epoch_done dataset=nasa_csm model=chronaris_public_fusion_simple_concat track=objective group=benchmark_only seed=42 fold=001/002 epoch=001/005 train_loss=1.083829 elapsed_s=0.2
2026-07-02 00:57:42,658 INFO chronaris.pipelines.stage_i.public.deep_baseline_runtime: deep_train epoch_start dataset=nasa_csm model=chronaris_public_fusion_simple_concat track=objective group=benchmark_only seed=42 fold=001/002 epoch=002/005 batch_count=11
2026-07-02 00:57:42,670 INFO chronaris.pipelines.stage_i.public.deep_baseline_runtime: deep_train batch dataset=nasa_csm model=chronaris_public_fusion_simple_concat track=objective group=benchmark_only seed=42 fold=001/002 epoch=002/005 batch=001/011 loss=1.081526 elapsed_s=0.2 status=running
2026-07-02 00:57:43,704 INFO chronaris.pipelines.stage_i.public.deep_baseline_runtime: deep_train batch dataset=nasa_csm model=chronaris_public_fusion_simple_concat track=objective group=benchmark_only seed=42 fold=001/002 epoch=002/005 batch=011/011 loss=1.049409 elapsed_s=0.4 status=running
2026-07-02 00:57:43,705 INFO chronaris.pipelines.stage_i.public.deep_baseline_runtime: deep_train epoch_done dataset=nasa_csm model=chronaris_public_fusion_simple_concat track=objective group=benchmark_only seed=42 fold=001/002 epoch=002/005 train_loss=1.047907 elapsed_s=0.1
2026-07-02 00:57:43,737 INFO chronaris.pipelines.stage_i.public.deep_baseline_runtime: deep_train epoch_start dataset=nasa_csm model=chronaris_public_fusion_simple_concat track=objective group=benchmark_only seed=42 fold=001/002 epoch=003/005 batch_count=11
2026-07-02 00:57:43,757 INFO chronaris.pipelines.stage_i.public.deep_baseline_runtime: deep_train batch dataset=nasa_csm model=chronaris_public_fusion_simple_concat track=objective group=benchmark_only seed=42 fold=001/002 epoch=003/005 batch=001/011 loss=1.071448 elapsed_s=0.4 status=running
2026-07-02 00:57:45,865 INFO chronaris.pipelines.stage_i.public.deep_baseline_runtime: deep_train batch dataset=nasa_csm model=chronaris_public_fusion_simple_concat track=objective group=benchmark_only seed=42 fold=001/002 epoch=003/005 batch=011/011 loss=0.961749 elapsed_s=0.5 status=running
2026-07-02 00:57:45,866 INFO chronaris.pipelines.stage_i.public.deep_baseline_runtime: deep_train epoch_done dataset=nasa_csm model=chronaris_public_fusion_simple_concat track=objective group=benchmark_only seed=42 fold=001/002 epoch=003/005 train_loss=1.001148 elapsed_s=0.1
2026-07-02 00:57:45,901 INFO chronaris.pipelines.stage_i.public.deep_baseline_runtime: deep_train epoch_start dataset=nasa_csm model=chronaris_public_fusion_simple_concat track=objective group=benchmark_only seed=42 fold=001/002 epoch=004/005 batch_count=11
2026-07-02 00:57:45,915 INFO chronaris.pipelines.stage_i.public.deep_baseline_runtime: deep_train batch dataset=nasa_csm model=chronaris_public_fusion_simple_concat track=objective group=benchmark_only seed=42 fold=001/002 epoch=004/005 batch=001/011 loss=0.951577 elapsed_s=0.6 status=running
2026-07-02 00:57:46,020 INFO chronaris.pipelines.stage_i.public.deep_baseline_runtime: deep_train batch dataset=nasa_csm model=chronaris_public_fusion_simple_concat track=objective group=benchmark_only seed=42 fold=001/002 epoch=004/005 batch=011/011 loss=0.915981 elapsed_s=0.7 status=running
2026-07-02 00:57:46,021 INFO chronaris.pipelines.stage_i.public.deep_baseline_runtime: deep_train epoch_done dataset=nasa_csm model=chronaris_public_fusion_simple_concat track=objective group=benchmark_only seed=42 fold=001/002 epoch=004/005 train_loss=0.917865 elapsed_s=0.1
2026-07-02 00:57:46,055 INFO chronaris.pipelines.stage_i.public.deep_baseline_runtime: deep_train epoch_start dataset=nasa_csm model=chronaris_public_fusion_simple_concat track=objective group=benchmark_only seed=42 fold=001/002 epoch=005/005 batch_count=11
2026-07-02 00:57:46,072 INFO chronaris.pipelines.stage_i.public.deep_baseline_runtime: deep_train batch dataset=nasa_csm model=chronaris_public_fusion_simple_concat track=objective group=benchmark_only seed=42 fold=001/002 epoch=005/005 batch=001/011 loss=0.927307 elapsed_s=0.7 status=running
2026-07-02 00:57:46,179 INFO chronaris.pipelines.stage_i.public.deep_baseline_runtime: deep_train batch dataset=nasa_csm model=chronaris_public_fusion_simple_concat track=objective group=benchmark_only seed=42 fold=001/002 epoch=005/005 batch=011/011 loss=0.680141 elapsed_s=0.8 status=running
2026-07-02 00:57:46,180 INFO chronaris.pipelines.stage_i.public.deep_baseline_runtime: deep_train epoch_done dataset=nasa_csm model=chronaris_public_fusion_simple_concat track=objective group=benchmark_only seed=42 fold=001/002 epoch=005/005 train_loss=0.778076 elapsed_s=0.1
2026-07-02 00:57:46,211 INFO chronaris.pipelines.stage_i.public.deep_baseline_runtime: deep_train fold_done dataset=nasa_csm model=chronaris_public_fusion_simple_concat track=objective group=benchmark_only seed=42 fold=001/002 elapsed_s=0.9
2026-07-02 00:57:46,437 INFO chronaris.pipelines.stage_i.public.deep_baseline_runtime: deep_train fold_start dataset=nasa_csm model=chronaris_public_fusion_simple_concat track=objective group=benchmark_only seed=42 fold=002/002 split_group=subject_11 task=classification train_count=1366 epochs=5 batch_size=128
2026-07-02 00:57:46,438 INFO chronaris.pipelines.stage_i.public.deep_baseline_runtime: deep_train epoch_start dataset=nasa_csm model=chronaris_public_fusion_simple_concat track=objective group=benchmark_only seed=42 fold=002/002 epoch=001/005 batch_count=11
2026-07-02 00:57:46,456 INFO chronaris.pipelines.stage_i.public.deep_baseline_runtime: deep_train batch dataset=nasa_csm model=chronaris_public_fusion_simple_concat track=objective group=benchmark_only seed=42 fold=002/002 epoch=001/005 batch=001/011 loss=1.108735 elapsed_s=0.0 status=running
2026-07-02 00:57:46,566 INFO chronaris.pipelines.stage_i.public.deep_baseline_runtime: deep_train batch dataset=nasa_csm model=chronaris_public_fusion_simple_concat track=objective group=benchmark_only seed=42 fold=002/002 epoch=001/005 batch=011/011 loss=1.049461 elapsed_s=0.1 status=running
2026-07-02 00:57:46,567 INFO chronaris.pipelines.stage_i.public.deep_baseline_runtime: deep_train epoch_done dataset=nasa_csm model=chronaris_public_fusion_simple_concat track=objective group=benchmark_only seed=42 fold=002/002 epoch=001/005 train_loss=1.089509 elapsed_s=0.1
2026-07-02 00:57:46,601 INFO chronaris.pipelines.stage_i.public.deep_baseline_runtime: deep_train epoch_start dataset=nasa_csm model=chronaris_public_fusion_simple_concat track=objective group=benchmark_only seed=42 fold=002/002 epoch=002/005 batch_count=11
2026-07-02 00:57:46,656 INFO chronaris.pipelines.stage_i.public.deep_baseline_runtime: deep_train batch dataset=nasa_csm model=chronaris_public_fusion_simple_concat track=objective group=benchmark_only seed=42 fold=002/002 epoch=002/005 batch=001/011 loss=1.073380 elapsed_s=0.2 status=running
2026-07-02 00:57:46,764 INFO chronaris.pipelines.stage_i.public.deep_baseline_runtime: deep_train batch dataset=nasa_csm model=chronaris_public_fusion_simple_concat track=objective group=benchmark_only seed=42 fold=002/002 epoch=002/005 batch=011/011 loss=1.097952 elapsed_s=0.3 status=running
2026-07-02 00:57:46,765 INFO chronaris.pipelines.stage_i.public.deep_baseline_runtime: deep_train epoch_done dataset=nasa_csm model=chronaris_public_fusion_simple_concat track=objective group=benchmark_only seed=42 fold=002/002 epoch=002/005 train_loss=1.054457 elapsed_s=0.2
2026-07-02 00:57:46,804 INFO chronaris.pipelines.stage_i.public.deep_baseline_runtime: deep_train epoch_start dataset=nasa_csm model=chronaris_public_fusion_simple_concat track=objective group=benchmark_only seed=42 fold=002/002 epoch=003/005 batch_count=11
2026-07-02 00:57:46,882 INFO chronaris.pipelines.stage_i.public.deep_baseline_runtime: deep_train batch dataset=nasa_csm model=chronaris_public_fusion_simple_concat track=objective group=benchmark_only seed=42 fold=002/002 epoch=003/005 batch=001/011 loss=1.063618 elapsed_s=0.4 status=running
2026-07-02 00:57:47,020 INFO chronaris.pipelines.stage_i.public.deep_baseline_runtime: deep_train batch dataset=nasa_csm model=chronaris_public_fusion_simple_concat track=objective group=benchmark_only seed=42 fold=002/002 epoch=003/005 batch=011/011 loss=0.987483 elapsed_s=0.6 status=running
2026-07-02 00:57:47,021 INFO chronaris.pipelines.stage_i.public.deep_baseline_runtime: deep_train epoch_done dataset=nasa_csm model=chronaris_public_fusion_simple_concat track=objective group=benchmark_only seed=42 fold=002/002 epoch=003/005 train_loss=1.013906 elapsed_s=0.2
2026-07-02 00:57:47,055 INFO chronaris.pipelines.stage_i.public.deep_baseline_runtime: deep_train epoch_start dataset=nasa_csm model=chronaris_public_fusion_simple_concat track=objective group=benchmark_only seed=42 fold=002/002 epoch=004/005 batch_count=11
2026-07-02 00:57:47,069 INFO chronaris.pipelines.stage_i.public.deep_baseline_runtime: deep_train batch dataset=nasa_csm model=chronaris_public_fusion_simple_concat track=objective group=benchmark_only seed=42 fold=002/002 epoch=004/005 batch=001/011 loss=0.971763 elapsed_s=0.6 status=running
2026-07-02 00:57:47,175 INFO chronaris.pipelines.stage_i.public.deep_baseline_runtime: deep_train batch dataset=nasa_csm model=chronaris_public_fusion_simple_concat track=objective group=benchmark_only seed=42 fold=002/002 epoch=004/005 batch=011/011 loss=0.929360 elapsed_s=0.7 status=running
2026-07-02 00:57:47,176 INFO chronaris.pipelines.stage_i.public.deep_baseline_runtime: deep_train epoch_done dataset=nasa_csm model=chronaris_public_fusion_simple_concat track=objective group=benchmark_only seed=42 fold=002/002 epoch=004/005 train_loss=0.938879 elapsed_s=0.1
2026-07-02 00:57:47,209 INFO chronaris.pipelines.stage_i.public.deep_baseline_runtime: deep_train epoch_start dataset=nasa_csm model=chronaris_public_fusion_simple_concat track=objective group=benchmark_only seed=42 fold=002/002 epoch=005/005 batch_count=11
2026-07-02 00:57:47,229 INFO chronaris.pipelines.stage_i.public.deep_baseline_runtime: deep_train batch dataset=nasa_csm model=chronaris_public_fusion_simple_concat track=objective group=benchmark_only seed=42 fold=002/002 epoch=005/005 batch=001/011 loss=0.919137 elapsed_s=0.8 status=running
2026-07-02 00:57:47,338 INFO chronaris.pipelines.stage_i.public.deep_baseline_runtime: deep_train batch dataset=nasa_csm model=chronaris_public_fusion_simple_concat track=objective group=benchmark_only seed=42 fold=002/002 epoch=005/005 batch=011/011 loss=0.750860 elapsed_s=0.9 status=running
2026-07-02 00:57:47,340 INFO chronaris.pipelines.stage_i.public.deep_baseline_runtime: deep_train epoch_done dataset=nasa_csm model=chronaris_public_fusion_simple_concat track=objective group=benchmark_only seed=42 fold=002/002 epoch=005/005 train_loss=0.794504 elapsed_s=0.1
2026-07-02 00:57:47,373 INFO chronaris.pipelines.stage_i.public.deep_baseline_runtime: deep_train fold_done dataset=nasa_csm model=chronaris_public_fusion_simple_concat track=objective group=benchmark_only seed=42 fold=002/002 elapsed_s=0.9
2026-07-02 00:57:47,748 INFO chronaris.pipelines.stage_i.public.deep_baseline_runtime: deep_train fold_start dataset=nasa_csm model=chronaris_public_fusion_simple_concat track=objective group=loft_only seed=42 fold=001/002 split_group=subject_10 task=classification train_count=1259 epochs=5 batch_size=128
2026-07-02 00:57:47,749 INFO chronaris.pipelines.stage_i.public.deep_baseline_runtime: deep_train epoch_start dataset=nasa_csm model=chronaris_public_fusion_simple_concat track=objective group=loft_only seed=42 fold=001/002 epoch=001/005 batch_count=10
2026-07-02 00:57:47,812 INFO chronaris.pipelines.stage_i.public.deep_baseline_runtime: deep_train batch dataset=nasa_csm model=chronaris_public_fusion_simple_concat track=objective group=loft_only seed=42 fold=001/002 epoch=001/005 batch=001/010 loss=1.126492 elapsed_s=0.1 status=running
2026-07-02 00:57:47,909 INFO chronaris.pipelines.stage_i.public.deep_baseline_runtime: deep_train batch dataset=nasa_csm model=chronaris_public_fusion_simple_concat track=objective group=loft_only seed=42 fold=001/002 epoch=001/005 batch=010/010 loss=1.033933 elapsed_s=0.2 status=running
2026-07-02 00:57:48,024 INFO chronaris.pipelines.stage_i.public.deep_baseline_runtime: deep_train epoch_done dataset=nasa_csm model=chronaris_public_fusion_simple_concat track=objective group=loft_only seed=42 fold=001/002 epoch=001/005 train_loss=1.066857 elapsed_s=0.3
2026-07-02 00:57:48,198 INFO chronaris.pipelines.stage_i.public.deep_baseline_runtime: deep_train epoch_start dataset=nasa_csm model=chronaris_public_fusion_simple_concat track=objective group=loft_only seed=42 fold=001/002 epoch=002/005 batch_count=10
2026-07-02 00:57:48,220 INFO chronaris.pipelines.stage_i.public.deep_baseline_runtime: deep_train batch dataset=nasa_csm model=chronaris_public_fusion_simple_concat track=objective group=loft_only seed=42 fold=001/002 epoch=002/005 batch=001/010 loss=1.000461 elapsed_s=0.5 status=running
2026-07-02 00:57:48,320 INFO chronaris.pipelines.stage_i.public.deep_baseline_runtime: deep_train batch dataset=nasa_csm model=chronaris_public_fusion_simple_concat track=objective group=loft_only seed=42 fold=001/002 epoch=002/005 batch=010/010 loss=0.825874 elapsed_s=0.6 status=running
2026-07-02 00:57:48,568 INFO chronaris.pipelines.stage_i.public.deep_baseline_runtime: deep_train epoch_done dataset=nasa_csm model=chronaris_public_fusion_simple_concat track=objective group=loft_only seed=42 fold=001/002 epoch=002/005 train_loss=0.912579 elapsed_s=0.4
2026-07-02 00:57:48,603 INFO chronaris.pipelines.stage_i.public.deep_baseline_runtime: deep_train epoch_start dataset=nasa_csm model=chronaris_public_fusion_simple_concat track=objective group=loft_only seed=42 fold=001/002 epoch=003/005 batch_count=10
2026-07-02 00:57:48,726 INFO chronaris.pipelines.stage_i.public.deep_baseline_runtime: deep_train batch dataset=nasa_csm model=chronaris_public_fusion_simple_concat track=objective group=loft_only seed=42 fold=001/002 epoch=003/005 batch=001/010 loss=0.762547 elapsed_s=1.0 status=running
2026-07-02 00:57:48,904 INFO chronaris.pipelines.stage_i.public.deep_baseline_runtime: deep_train batch dataset=nasa_csm model=chronaris_public_fusion_simple_concat track=objective group=loft_only seed=42 fold=001/002 epoch=003/005 batch=010/010 loss=0.670081 elapsed_s=1.2 status=running
2026-07-02 00:57:48,906 INFO chronaris.pipelines.stage_i.public.deep_baseline_runtime: deep_train epoch_done dataset=nasa_csm model=chronaris_public_fusion_simple_concat track=objective group=loft_only seed=42 fold=001/002 epoch=003/005 train_loss=0.774672 elapsed_s=0.3
2026-07-02 00:57:48,977 INFO chronaris.pipelines.stage_i.public.deep_baseline_runtime: deep_train epoch_start dataset=nasa_csm model=chronaris_public_fusion_simple_concat track=objective group=loft_only seed=42 fold=001/002 epoch=004/005 batch_count=10
2026-07-02 00:57:49,069 INFO chronaris.pipelines.stage_i.public.deep_baseline_runtime: deep_train batch dataset=nasa_csm model=chronaris_public_fusion_simple_concat track=objective group=loft_only seed=42 fold=001/002 epoch=004/005 batch=001/010 loss=0.701254 elapsed_s=1.3 status=running
2026-07-02 00:57:49,165 INFO chronaris.pipelines.stage_i.public.deep_baseline_runtime: deep_train batch dataset=nasa_csm model=chronaris_public_fusion_simple_concat track=objective group=loft_only seed=42 fold=001/002 epoch=004/005 batch=010/010 loss=0.669267 elapsed_s=1.4 status=running
2026-07-02 00:57:49,166 INFO chronaris.pipelines.stage_i.public.deep_baseline_runtime: deep_train epoch_done dataset=nasa_csm model=chronaris_public_fusion_simple_concat track=objective group=loft_only seed=42 fold=001/002 epoch=004/005 train_loss=0.705386 elapsed_s=0.2
2026-07-02 00:57:49,200 INFO chronaris.pipelines.stage_i.public.deep_baseline_runtime: deep_train epoch_start dataset=nasa_csm model=chronaris_public_fusion_simple_concat track=objective group=loft_only seed=42 fold=001/002 epoch=005/005 batch_count=10
2026-07-02 00:57:49,219 INFO chronaris.pipelines.stage_i.public.deep_baseline_runtime: deep_train batch dataset=nasa_csm model=chronaris_public_fusion_simple_concat track=objective group=loft_only seed=42 fold=001/002 epoch=005/005 batch=001/010 loss=0.687650 elapsed_s=1.5 status=running
2026-07-02 00:57:49,355 INFO chronaris.pipelines.stage_i.public.deep_baseline_runtime: deep_train batch dataset=nasa_csm model=chronaris_public_fusion_simple_concat track=objective group=loft_only seed=42 fold=001/002 epoch=005/005 batch=010/010 loss=0.587904 elapsed_s=1.6 status=running
2026-07-02 00:57:49,356 INFO chronaris.pipelines.stage_i.public.deep_baseline_runtime: deep_train epoch_done dataset=nasa_csm model=chronaris_public_fusion_simple_concat track=objective group=loft_only seed=42 fold=001/002 epoch=005/005 train_loss=0.636926 elapsed_s=0.2
2026-07-02 00:57:49,432 INFO chronaris.pipelines.stage_i.public.deep_baseline_runtime: deep_train fold_done dataset=nasa_csm model=chronaris_public_fusion_simple_concat track=objective group=loft_only seed=42 fold=001/002 elapsed_s=1.7
2026-07-02 00:57:49,717 INFO chronaris.pipelines.stage_i.public.deep_baseline_runtime: deep_train fold_start dataset=nasa_csm model=chronaris_public_fusion_simple_concat track=objective group=loft_only seed=42 fold=002/002 split_group=subject_11 task=classification train_count=1279 epochs=5 batch_size=128
2026-07-02 00:57:49,719 INFO chronaris.pipelines.stage_i.public.deep_baseline_runtime: deep_train epoch_start dataset=nasa_csm model=chronaris_public_fusion_simple_concat track=objective group=loft_only seed=42 fold=002/002 epoch=001/005 batch_count=10
2026-07-02 00:57:49,742 INFO chronaris.pipelines.stage_i.public.deep_baseline_runtime: deep_train batch dataset=nasa_csm model=chronaris_public_fusion_simple_concat track=objective group=loft_only seed=42 fold=002/002 epoch=001/005 batch=001/010 loss=1.125248 elapsed_s=0.0 status=running
2026-07-02 00:57:49,846 INFO chronaris.pipelines.stage_i.public.deep_baseline_runtime: deep_train batch dataset=nasa_csm model=chronaris_public_fusion_simple_concat track=objective group=loft_only seed=42 fold=002/002 epoch=001/005 batch=010/010 loss=0.993300 elapsed_s=0.1 status=running
2026-07-02 00:57:49,848 INFO chronaris.pipelines.stage_i.public.deep_baseline_runtime: deep_train epoch_done dataset=nasa_csm model=chronaris_public_fusion_simple_concat track=objective group=loft_only seed=42 fold=002/002 epoch=001/005 train_loss=1.062998 elapsed_s=0.1
2026-07-02 00:57:49,880 INFO chronaris.pipelines.stage_i.public.deep_baseline_runtime: deep_train epoch_start dataset=nasa_csm model=chronaris_public_fusion_simple_concat track=objective group=loft_only seed=42 fold=002/002 epoch=002/005 batch_count=10
2026-07-02 00:57:49,892 INFO chronaris.pipelines.stage_i.public.deep_baseline_runtime: deep_train batch dataset=nasa_csm model=chronaris_public_fusion_simple_concat track=objective group=loft_only seed=42 fold=002/002 epoch=002/005 batch=001/010 loss=0.996819 elapsed_s=0.2 status=running
2026-07-02 00:57:50,035 INFO chronaris.pipelines.stage_i.public.deep_baseline_runtime: deep_train batch dataset=nasa_csm model=chronaris_public_fusion_simple_concat track=objective group=loft_only seed=42 fold=002/002 epoch=002/005 batch=010/010 loss=0.779785 elapsed_s=0.3 status=running
2026-07-02 00:57:50,036 INFO chronaris.pipelines.stage_i.public.deep_baseline_runtime: deep_train epoch_done dataset=nasa_csm model=chronaris_public_fusion_simple_concat track=objective group=loft_only seed=42 fold=002/002 epoch=002/005 train_loss=0.904536 elapsed_s=0.2
2026-07-02 00:57:50,072 INFO chronaris.pipelines.stage_i.public.deep_baseline_runtime: deep_train epoch_start dataset=nasa_csm model=chronaris_public_fusion_simple_concat track=objective group=loft_only seed=42 fold=002/002 epoch=003/005 batch_count=10
2026-07-02 00:57:50,097 INFO chronaris.pipelines.stage_i.public.deep_baseline_runtime: deep_train batch dataset=nasa_csm model=chronaris_public_fusion_simple_concat track=objective group=loft_only seed=42 fold=002/002 epoch=003/005 batch=001/010 loss=0.740436 elapsed_s=0.4 status=running
2026-07-02 00:57:50,192 INFO chronaris.pipelines.stage_i.public.deep_baseline_runtime: deep_train batch dataset=nasa_csm model=chronaris_public_fusion_simple_concat track=objective group=loft_only seed=42 fold=002/002 epoch=003/005 batch=010/010 loss=0.694970 elapsed_s=0.5 status=running
2026-07-02 00:57:50,194 INFO chronaris.pipelines.stage_i.public.deep_baseline_runtime: deep_train epoch_done dataset=nasa_csm model=chronaris_public_fusion_simple_concat track=objective group=loft_only seed=42 fold=002/002 epoch=003/005 train_loss=0.761028 elapsed_s=0.1
2026-07-02 00:57:50,228 INFO chronaris.pipelines.stage_i.public.deep_baseline_runtime: deep_train epoch_start dataset=nasa_csm model=chronaris_public_fusion_simple_concat track=objective group=loft_only seed=42 fold=002/002 epoch=004/005 batch_count=10
2026-07-02 00:57:50,241 INFO chronaris.pipelines.stage_i.public.deep_baseline_runtime: deep_train batch dataset=nasa_csm model=chronaris_public_fusion_simple_concat track=objective group=loft_only seed=42 fold=002/002 epoch=004/005 batch=001/010 loss=0.774053 elapsed_s=0.5 status=running
2026-07-02 00:57:50,335 INFO chronaris.pipelines.stage_i.public.deep_baseline_runtime: deep_train batch dataset=nasa_csm model=chronaris_public_fusion_simple_concat track=objective group=loft_only seed=42 fold=002/002 epoch=004/005 batch=010/010 loss=0.659795 elapsed_s=0.6 status=running
2026-07-02 00:57:50,337 INFO chronaris.pipelines.stage_i.public.deep_baseline_runtime: deep_train epoch_done dataset=nasa_csm model=chronaris_public_fusion_simple_concat track=objective group=loft_only seed=42 fold=002/002 epoch=004/005 train_loss=0.663934 elapsed_s=0.1
2026-07-02 00:57:50,370 INFO chronaris.pipelines.stage_i.public.deep_baseline_runtime: deep_train epoch_start dataset=nasa_csm model=chronaris_public_fusion_simple_concat track=objective group=loft_only seed=42 fold=002/002 epoch=005/005 batch_count=10
2026-07-02 00:57:50,395 INFO chronaris.pipelines.stage_i.public.deep_baseline_runtime: deep_train batch dataset=nasa_csm model=chronaris_public_fusion_simple_concat track=objective group=loft_only seed=42 fold=002/002 epoch=005/005 batch=001/010 loss=0.561357 elapsed_s=0.7 status=running
2026-07-02 00:57:50,550 INFO chronaris.pipelines.stage_i.public.deep_baseline_runtime: deep_train batch dataset=nasa_csm model=chronaris_public_fusion_simple_concat track=objective group=loft_only seed=42 fold=002/002 epoch=005/005 batch=010/010 loss=0.522797 elapsed_s=0.8 status=running
2026-07-02 00:57:50,552 INFO chronaris.pipelines.stage_i.public.deep_baseline_runtime: deep_train epoch_done dataset=nasa_csm model=chronaris_public_fusion_simple_concat track=objective group=loft_only seed=42 fold=002/002 epoch=005/005 train_loss=0.590247 elapsed_s=0.2
2026-07-02 00:57:50,586 INFO chronaris.pipelines.stage_i.public.deep_baseline_runtime: deep_train fold_done dataset=nasa_csm model=chronaris_public_fusion_simple_concat track=objective group=loft_only seed=42 fold=002/002 elapsed_s=0.9
2026-07-02 00:57:50,891 INFO chronaris.pipelines.stage_i.public.deep_baseline_runtime: deep_train fold_start dataset=nasa_csm model=chronaris_public_fusion_simple_concat track=objective group=combined seed=42 fold=001/002 split_group=subject_10 task=classification train_count=2623 epochs=5 batch_size=128
2026-07-02 00:57:50,893 INFO chronaris.pipelines.stage_i.public.deep_baseline_runtime: deep_train epoch_start dataset=nasa_csm model=chronaris_public_fusion_simple_concat track=objective group=combined seed=42 fold=001/002 epoch=001/005 batch_count=21
2026-07-02 00:57:50,910 INFO chronaris.pipelines.stage_i.public.deep_baseline_runtime: deep_train batch dataset=nasa_csm model=chronaris_public_fusion_simple_concat track=objective group=combined seed=42 fold=001/002 epoch=001/005 batch=001/021 loss=1.125200 elapsed_s=0.0 status=running
2026-07-02 00:57:51,114 INFO chronaris.pipelines.stage_i.public.deep_baseline_runtime: deep_train batch dataset=nasa_csm model=chronaris_public_fusion_simple_concat track=objective group=combined seed=42 fold=001/002 epoch=001/005 batch=020/021 loss=1.077674 elapsed_s=0.2 status=running
2026-07-02 00:57:51,126 INFO chronaris.pipelines.stage_i.public.deep_baseline_runtime: deep_train batch dataset=nasa_csm model=chronaris_public_fusion_simple_concat track=objective group=combined seed=42 fold=001/002 epoch=001/005 batch=021/021 loss=1.101802 elapsed_s=0.2 status=running
2026-07-02 00:57:51,128 INFO chronaris.pipelines.stage_i.public.deep_baseline_runtime: deep_train epoch_done dataset=nasa_csm model=chronaris_public_fusion_simple_concat track=objective group=combined seed=42 fold=001/002 epoch=001/005 train_loss=1.101097 elapsed_s=0.2
2026-07-02 00:57:51,161 INFO chronaris.pipelines.stage_i.public.deep_baseline_runtime: deep_train epoch_start dataset=nasa_csm model=chronaris_public_fusion_simple_concat track=objective group=combined seed=42 fold=001/002 epoch=002/005 batch_count=21
2026-07-02 00:57:51,189 INFO chronaris.pipelines.stage_i.public.deep_baseline_runtime: deep_train batch dataset=nasa_csm model=chronaris_public_fusion_simple_concat track=objective group=combined seed=42 fold=001/002 epoch=002/005 batch=001/021 loss=1.069598 elapsed_s=0.3 status=running
2026-07-02 00:57:51,389 INFO chronaris.pipelines.stage_i.public.deep_baseline_runtime: deep_train batch dataset=nasa_csm model=chronaris_public_fusion_simple_concat track=objective group=combined seed=42 fold=001/002 epoch=002/005 batch=020/021 loss=0.990613 elapsed_s=0.5 status=running
2026-07-02 00:57:51,402 INFO chronaris.pipelines.stage_i.public.deep_baseline_runtime: deep_train batch dataset=nasa_csm model=chronaris_public_fusion_simple_concat track=objective group=combined seed=42 fold=001/002 epoch=002/005 batch=021/021 loss=1.058242 elapsed_s=0.5 status=running
2026-07-02 00:57:51,404 INFO chronaris.pipelines.stage_i.public.deep_baseline_runtime: deep_train epoch_done dataset=nasa_csm model=chronaris_public_fusion_simple_concat track=objective group=combined seed=42 fold=001/002 epoch=002/005 train_loss=1.035206 elapsed_s=0.2
2026-07-02 00:57:51,437 INFO chronaris.pipelines.stage_i.public.deep_baseline_runtime: deep_train epoch_start dataset=nasa_csm model=chronaris_public_fusion_simple_concat track=objective group=combined seed=42 fold=001/002 epoch=003/005 batch_count=21
2026-07-02 00:57:51,456 INFO chronaris.pipelines.stage_i.public.deep_baseline_runtime: deep_train batch dataset=nasa_csm model=chronaris_public_fusion_simple_concat track=objective group=combined seed=42 fold=001/002 epoch=003/005 batch=001/021 loss=0.917709 elapsed_s=0.6 status=running
2026-07-02 00:57:51,659 INFO chronaris.pipelines.stage_i.public.deep_baseline_runtime: deep_train batch dataset=nasa_csm model=chronaris_public_fusion_simple_concat track=objective group=combined seed=42 fold=001/002 epoch=003/005 batch=020/021 loss=0.909754 elapsed_s=0.8 status=running
2026-07-02 00:57:51,672 INFO chronaris.pipelines.stage_i.public.deep_baseline_runtime: deep_train batch dataset=nasa_csm model=chronaris_public_fusion_simple_concat track=objective group=combined seed=42 fold=001/002 epoch=003/005 batch=021/021 loss=0.968273 elapsed_s=0.8 status=running
2026-07-02 00:57:51,675 INFO chronaris.pipelines.stage_i.public.deep_baseline_runtime: deep_train epoch_done dataset=nasa_csm model=chronaris_public_fusion_simple_concat track=objective group=combined seed=42 fold=001/002 epoch=003/005 train_loss=0.942398 elapsed_s=0.2
2026-07-02 00:57:51,709 INFO chronaris.pipelines.stage_i.public.deep_baseline_runtime: deep_train epoch_start dataset=nasa_csm model=chronaris_public_fusion_simple_concat track=objective group=combined seed=42 fold=001/002 epoch=004/005 batch_count=21
2026-07-02 00:57:51,730 INFO chronaris.pipelines.stage_i.public.deep_baseline_runtime: deep_train batch dataset=nasa_csm model=chronaris_public_fusion_simple_concat track=objective group=combined seed=42 fold=001/002 epoch=004/005 batch=001/021 loss=0.925593 elapsed_s=0.8 status=running
2026-07-02 00:57:51,933 INFO chronaris.pipelines.stage_i.public.deep_baseline_runtime: deep_train batch dataset=nasa_csm model=chronaris_public_fusion_simple_concat track=objective group=combined seed=42 fold=001/002 epoch=004/005 batch=020/021 loss=0.837663 elapsed_s=1.0 status=running
2026-07-02 00:57:51,945 INFO chronaris.pipelines.stage_i.public.deep_baseline_runtime: deep_train batch dataset=nasa_csm model=chronaris_public_fusion_simple_concat track=objective group=combined seed=42 fold=001/002 epoch=004/005 batch=021/021 loss=0.794998 elapsed_s=1.1 status=running
2026-07-02 00:57:51,948 INFO chronaris.pipelines.stage_i.public.deep_baseline_runtime: deep_train epoch_done dataset=nasa_csm model=chronaris_public_fusion_simple_concat track=objective group=combined seed=42 fold=001/002 epoch=004/005 train_loss=0.900537 elapsed_s=0.2
2026-07-02 00:57:51,983 INFO chronaris.pipelines.stage_i.public.deep_baseline_runtime: deep_train epoch_start dataset=nasa_csm model=chronaris_public_fusion_simple_concat track=objective group=combined seed=42 fold=001/002 epoch=005/005 batch_count=21
2026-07-02 00:57:52,002 INFO chronaris.pipelines.stage_i.public.deep_baseline_runtime: deep_train batch dataset=nasa_csm model=chronaris_public_fusion_simple_concat track=objective group=combined seed=42 fold=001/002 epoch=005/005 batch=001/021 loss=0.873302 elapsed_s=1.1 status=running
2026-07-02 00:57:52,206 INFO chronaris.pipelines.stage_i.public.deep_baseline_runtime: deep_train batch dataset=nasa_csm model=chronaris_public_fusion_simple_concat track=objective group=combined seed=42 fold=001/002 epoch=005/005 batch=020/021 loss=0.865386 elapsed_s=1.3 status=running
2026-07-02 00:57:52,219 INFO chronaris.pipelines.stage_i.public.deep_baseline_runtime: deep_train batch dataset=nasa_csm model=chronaris_public_fusion_simple_concat track=objective group=combined seed=42 fold=001/002 epoch=005/005 batch=021/021 loss=0.843176 elapsed_s=1.3 status=running
2026-07-02 00:57:52,221 INFO chronaris.pipelines.stage_i.public.deep_baseline_runtime: deep_train epoch_done dataset=nasa_csm model=chronaris_public_fusion_simple_concat track=objective group=combined seed=42 fold=001/002 epoch=005/005 train_loss=0.838683 elapsed_s=0.2
2026-07-02 00:57:52,255 INFO chronaris.pipelines.stage_i.public.deep_baseline_runtime: deep_train fold_done dataset=nasa_csm model=chronaris_public_fusion_simple_concat track=objective group=combined seed=42 fold=001/002 elapsed_s=1.4
2026-07-02 00:57:52,565 INFO chronaris.pipelines.stage_i.public.deep_baseline_runtime: deep_train fold_start dataset=nasa_csm model=chronaris_public_fusion_simple_concat track=objective group=combined seed=42 fold=002/002 split_group=subject_11 task=classification train_count=2645 epochs=5 batch_size=128
2026-07-02 00:57:52,568 INFO chronaris.pipelines.stage_i.public.deep_baseline_runtime: deep_train epoch_start dataset=nasa_csm model=chronaris_public_fusion_simple_concat track=objective group=combined seed=42 fold=002/002 epoch=001/005 batch_count=21
2026-07-02 00:57:52,586 INFO chronaris.pipelines.stage_i.public.deep_baseline_runtime: deep_train batch dataset=nasa_csm model=chronaris_public_fusion_simple_concat track=objective group=combined seed=42 fold=002/002 epoch=001/005 batch=001/021 loss=1.111555 elapsed_s=0.0 status=running
2026-07-02 00:57:52,780 INFO chronaris.pipelines.stage_i.public.deep_baseline_runtime: deep_train batch dataset=nasa_csm model=chronaris_public_fusion_simple_concat track=objective group=combined seed=42 fold=002/002 epoch=001/005 batch=020/021 loss=1.072912 elapsed_s=0.2 status=running
2026-07-02 00:57:52,795 INFO chronaris.pipelines.stage_i.public.deep_baseline_runtime: deep_train batch dataset=nasa_csm model=chronaris_public_fusion_simple_concat track=objective group=combined seed=42 fold=002/002 epoch=001/005 batch=021/021 loss=1.065980 elapsed_s=0.2 status=running
2026-07-02 00:57:52,798 INFO chronaris.pipelines.stage_i.public.deep_baseline_runtime: deep_train epoch_done dataset=nasa_csm model=chronaris_public_fusion_simple_concat track=objective group=combined seed=42 fold=002/002 epoch=001/005 train_loss=1.092527 elapsed_s=0.2
2026-07-02 00:57:52,832 INFO chronaris.pipelines.stage_i.public.deep_baseline_runtime: deep_train epoch_start dataset=nasa_csm model=chronaris_public_fusion_simple_concat track=objective group=combined seed=42 fold=002/002 epoch=002/005 batch_count=21
2026-07-02 00:57:52,869 INFO chronaris.pipelines.stage_i.public.deep_baseline_runtime: deep_train batch dataset=nasa_csm model=chronaris_public_fusion_simple_concat track=objective group=combined seed=42 fold=002/002 epoch=002/005 batch=001/021 loss=1.058964 elapsed_s=0.3 status=running
2026-07-02 00:57:53,070 INFO chronaris.pipelines.stage_i.public.deep_baseline_runtime: deep_train batch dataset=nasa_csm model=chronaris_public_fusion_simple_concat track=objective group=combined seed=42 fold=002/002 epoch=002/005 batch=020/021 loss=0.905817 elapsed_s=0.5 status=running
2026-07-02 00:57:53,083 INFO chronaris.pipelines.stage_i.public.deep_baseline_runtime: deep_train batch dataset=nasa_csm model=chronaris_public_fusion_simple_concat track=objective group=combined seed=42 fold=002/002 epoch=002/005 batch=021/021 loss=0.942484 elapsed_s=0.5 status=running
2026-07-02 00:57:53,086 INFO chronaris.pipelines.stage_i.public.deep_baseline_runtime: deep_train epoch_done dataset=nasa_csm model=chronaris_public_fusion_simple_concat track=objective group=combined seed=42 fold=002/002 epoch=002/005 train_loss=1.002909 elapsed_s=0.3
2026-07-02 00:57:53,123 INFO chronaris.pipelines.stage_i.public.deep_baseline_runtime: deep_train epoch_start dataset=nasa_csm model=chronaris_public_fusion_simple_concat track=objective group=combined seed=42 fold=002/002 epoch=003/005 batch_count=21
2026-07-02 00:57:53,137 INFO chronaris.pipelines.stage_i.public.deep_baseline_runtime: deep_train batch dataset=nasa_csm model=chronaris_public_fusion_simple_concat track=objective group=combined seed=42 fold=002/002 epoch=003/005 batch=001/021 loss=0.975560 elapsed_s=0.6 status=running
2026-07-02 00:57:53,337 INFO chronaris.pipelines.stage_i.public.deep_baseline_runtime: deep_train batch dataset=nasa_csm model=chronaris_public_fusion_simple_concat track=objective group=combined seed=42 fold=002/002 epoch=003/005 batch=020/021 loss=0.854454 elapsed_s=0.8 status=running
2026-07-02 00:57:53,350 INFO chronaris.pipelines.stage_i.public.deep_baseline_runtime: deep_train batch dataset=nasa_csm model=chronaris_public_fusion_simple_concat track=objective group=combined seed=42 fold=002/002 epoch=003/005 batch=021/021 loss=0.933130 elapsed_s=0.8 status=running
2026-07-02 00:57:53,353 INFO chronaris.pipelines.stage_i.public.deep_baseline_runtime: deep_train epoch_done dataset=nasa_csm model=chronaris_public_fusion_simple_concat track=objective group=combined seed=42 fold=002/002 epoch=003/005 train_loss=0.925327 elapsed_s=0.2
2026-07-02 00:57:53,388 INFO chronaris.pipelines.stage_i.public.deep_baseline_runtime: deep_train epoch_start dataset=nasa_csm model=chronaris_public_fusion_simple_concat track=objective group=combined seed=42 fold=002/002 epoch=004/005 batch_count=21
2026-07-02 00:57:53,484 INFO chronaris.pipelines.stage_i.public.deep_baseline_runtime: deep_train batch dataset=nasa_csm model=chronaris_public_fusion_simple_concat track=objective group=combined seed=42 fold=002/002 epoch=004/005 batch=001/021 loss=0.891546 elapsed_s=0.9 status=running
2026-07-02 00:57:53,679 INFO chronaris.pipelines.stage_i.public.deep_baseline_runtime: deep_train batch dataset=nasa_csm model=chronaris_public_fusion_simple_concat track=objective group=combined seed=42 fold=002/002 epoch=004/005 batch=020/021 loss=0.843464 elapsed_s=1.1 status=running
2026-07-02 00:57:53,693 INFO chronaris.pipelines.stage_i.public.deep_baseline_runtime: deep_train batch dataset=nasa_csm model=chronaris_public_fusion_simple_concat track=objective group=combined seed=42 fold=002/002 epoch=004/005 batch=021/021 loss=0.784329 elapsed_s=1.1 status=running
2026-07-02 00:57:53,696 INFO chronaris.pipelines.stage_i.public.deep_baseline_runtime: deep_train epoch_done dataset=nasa_csm model=chronaris_public_fusion_simple_concat track=objective group=combined seed=42 fold=002/002 epoch=004/005 train_loss=0.885965 elapsed_s=0.3
2026-07-02 00:57:53,733 INFO chronaris.pipelines.stage_i.public.deep_baseline_runtime: deep_train epoch_start dataset=nasa_csm model=chronaris_public_fusion_simple_concat track=objective group=combined seed=42 fold=002/002 epoch=005/005 batch_count=21
2026-07-02 00:57:53,746 INFO chronaris.pipelines.stage_i.public.deep_baseline_runtime: deep_train batch dataset=nasa_csm model=chronaris_public_fusion_simple_concat track=objective group=combined seed=42 fold=002/002 epoch=005/005 batch=001/021 loss=0.888519 elapsed_s=1.2 status=running
2026-07-02 00:57:53,957 INFO chronaris.pipelines.stage_i.public.deep_baseline_runtime: deep_train batch dataset=nasa_csm model=chronaris_public_fusion_simple_concat track=objective group=combined seed=42 fold=002/002 epoch=005/005 batch=020/021 loss=0.800058 elapsed_s=1.4 status=running
2026-07-02 00:57:53,974 INFO chronaris.pipelines.stage_i.public.deep_baseline_runtime: deep_train batch dataset=nasa_csm model=chronaris_public_fusion_simple_concat track=objective group=combined seed=42 fold=002/002 epoch=005/005 batch=021/021 loss=0.739668 elapsed_s=1.4 status=running
2026-07-02 00:57:53,977 INFO chronaris.pipelines.stage_i.public.deep_baseline_runtime: deep_train epoch_done dataset=nasa_csm model=chronaris_public_fusion_simple_concat track=objective group=combined seed=42 fold=002/002 epoch=005/005 train_loss=0.797847 elapsed_s=0.2
2026-07-02 00:57:54,013 INFO chronaris.pipelines.stage_i.public.deep_baseline_runtime: deep_train fold_done dataset=nasa_csm model=chronaris_public_fusion_simple_concat track=objective group=combined seed=42 fold=002/002 elapsed_s=1.4
