2026-05-08 20:59:33,313 INFO chronaris.evaluation.public_datasets.pipelines.task_eval_public_opt: public_opt_sklearn observer start run_id=20260508T125651Z-public-opt-uab-robust-prior-r1 run_root=/home/wangminan/projects/chronaris/docs/artifacts/runs/2026-05-08_public-opt-uab-robust-prior-r1
2026-05-08 20:59:33,313 INFO chronaris.evaluation.public_datasets.pipelines.task_eval_public_opt: task_eval_public_opt start run_id=20260508T125651Z-public-opt-uab-robust-prior-r1 dataset_id=uab_workload_dataset prepared_root=/home/wangminan/projects/chronaris/docs/artifacts/runs/2026-05-04_public-opt-uab-prepared
2026-05-08 21:00:07,061 INFO chronaris.evaluation.public_datasets.pipelines.public_opt_sklearn: public_opt_sklearn regression subset start dataset_id=uab_workload_dataset subset=heat_the_chair rows=5440
2026-05-08 21:00:07,064 INFO chronaris.evaluation.public_datasets.pipelines.public_opt_sklearn: public_opt_sklearn regression subset=heat_the_chair head=target_prior_median start feature_count=0 fold_count=17
2026-05-08 21:00:07,092 INFO chronaris.evaluation.public_datasets.pipelines.public_opt_sklearn: public_opt_sklearn regression subset=heat_the_chair head=target_prior_median fold=1/17 train=5116 test=324
2026-05-08 21:00:07,100 INFO chronaris.evaluation.public_datasets.pipelines.public_opt_sklearn: public_opt_sklearn regression subset=heat_the_chair head=target_prior_median fold=2/17 train=5126 test=314
2026-05-08 21:00:07,106 INFO chronaris.evaluation.public_datasets.pipelines.public_opt_sklearn: public_opt_sklearn regression subset=heat_the_chair head=target_prior_median fold=3/17 train=5136 test=304
2026-05-08 21:00:07,112 INFO chronaris.evaluation.public_datasets.pipelines.public_opt_sklearn: public_opt_sklearn regression subset=heat_the_chair head=target_prior_median fold=4/17 train=5014 test=426
2026-05-08 21:00:07,118 INFO chronaris.evaluation.public_datasets.pipelines.public_opt_sklearn: public_opt_sklearn regression subset=heat_the_chair head=target_prior_median fold=5/17 train=5199 test=241
2026-05-08 21:00:07,123 INFO chronaris.evaluation.public_datasets.pipelines.public_opt_sklearn: public_opt_sklearn regression subset=heat_the_chair head=target_prior_median fold=6/17 train=5109 test=331
2026-05-08 21:00:07,129 INFO chronaris.evaluation.public_datasets.pipelines.public_opt_sklearn: public_opt_sklearn regression subset=heat_the_chair head=target_prior_median fold=7/17 train=5127 test=313
2026-05-08 21:00:07,134 INFO chronaris.evaluation.public_datasets.pipelines.public_opt_sklearn: public_opt_sklearn regression subset=heat_the_chair head=target_prior_median fold=8/17 train=5225 test=215
2026-05-08 21:00:07,140 INFO chronaris.evaluation.public_datasets.pipelines.public_opt_sklearn: public_opt_sklearn regression subset=heat_the_chair head=target_prior_median fold=9/17 train=5110 test=330
2026-05-08 21:00:07,146 INFO chronaris.evaluation.public_datasets.pipelines.public_opt_sklearn: public_opt_sklearn regression subset=heat_the_chair head=target_prior_median fold=10/17 train=5128 test=312
2026-05-08 21:00:07,151 INFO chronaris.evaluation.public_datasets.pipelines.public_opt_sklearn: public_opt_sklearn regression subset=heat_the_chair head=target_prior_median fold=11/17 train=5125 test=315
2026-05-08 21:00:07,157 INFO chronaris.evaluation.public_datasets.pipelines.public_opt_sklearn: public_opt_sklearn regression subset=heat_the_chair head=target_prior_median fold=12/17 train=5129 test=311
2026-05-08 21:00:07,164 INFO chronaris.evaluation.public_datasets.pipelines.public_opt_sklearn: public_opt_sklearn regression subset=heat_the_chair head=target_prior_median fold=13/17 train=5139 test=301
2026-05-08 21:00:07,170 INFO chronaris.evaluation.public_datasets.pipelines.public_opt_sklearn: public_opt_sklearn regression subset=heat_the_chair head=target_prior_median fold=14/17 train=5116 test=324
2026-05-08 21:00:07,177 INFO chronaris.evaluation.public_datasets.pipelines.public_opt_sklearn: public_opt_sklearn regression subset=heat_the_chair head=target_prior_median fold=15/17 train=5110 test=330
2026-05-08 21:00:07,184 INFO chronaris.evaluation.public_datasets.pipelines.public_opt_sklearn: public_opt_sklearn regression subset=heat_the_chair head=target_prior_median fold=16/17 train=5012 test=428
2026-05-08 21:00:07,219 INFO chronaris.evaluation.public_datasets.pipelines.public_opt_sklearn: public_opt_sklearn regression subset=heat_the_chair head=target_prior_median fold=17/17 train=5119 test=321
2026-05-08 21:00:07,229 INFO chronaris.evaluation.public_datasets.pipelines.public_opt_sklearn: public_opt_sklearn regression subset=heat_the_chair head=target_prior_median done rmse=1.4331 mae=1.0740
2026-05-08 21:00:07,229 INFO chronaris.evaluation.public_datasets.pipelines.public_opt_sklearn: public_opt_sklearn regression subset=heat_the_chair head=target_prior_trimmed_mean start feature_count=0 fold_count=17
2026-05-08 21:00:07,230 INFO chronaris.evaluation.public_datasets.pipelines.public_opt_sklearn: public_opt_sklearn regression subset=heat_the_chair head=target_prior_trimmed_mean fold=1/17 train=5116 test=324
2026-05-08 21:00:07,237 INFO chronaris.evaluation.public_datasets.pipelines.public_opt_sklearn: public_opt_sklearn regression subset=heat_the_chair head=target_prior_trimmed_mean fold=2/17 train=5126 test=314
2026-05-08 21:00:07,245 INFO chronaris.evaluation.public_datasets.pipelines.public_opt_sklearn: public_opt_sklearn regression subset=heat_the_chair head=target_prior_trimmed_mean fold=3/17 train=5136 test=304
2026-05-08 21:00:07,252 INFO chronaris.evaluation.public_datasets.pipelines.public_opt_sklearn: public_opt_sklearn regression subset=heat_the_chair head=target_prior_trimmed_mean fold=4/17 train=5014 test=426
2026-05-08 21:00:07,260 INFO chronaris.evaluation.public_datasets.pipelines.public_opt_sklearn: public_opt_sklearn regression subset=heat_the_chair head=target_prior_trimmed_mean fold=5/17 train=5199 test=241
2026-05-08 21:00:07,266 INFO chronaris.evaluation.public_datasets.pipelines.public_opt_sklearn: public_opt_sklearn regression subset=heat_the_chair head=target_prior_trimmed_mean fold=6/17 train=5109 test=331
2026-05-08 21:00:07,273 INFO chronaris.evaluation.public_datasets.pipelines.public_opt_sklearn: public_opt_sklearn regression subset=heat_the_chair head=target_prior_trimmed_mean fold=7/17 train=5127 test=313
2026-05-08 21:00:07,279 INFO chronaris.evaluation.public_datasets.pipelines.public_opt_sklearn: public_opt_sklearn regression subset=heat_the_chair head=target_prior_trimmed_mean fold=8/17 train=5225 test=215
2026-05-08 21:00:07,285 INFO chronaris.evaluation.public_datasets.pipelines.public_opt_sklearn: public_opt_sklearn regression subset=heat_the_chair head=target_prior_trimmed_mean fold=9/17 train=5110 test=330
2026-05-08 21:00:07,292 INFO chronaris.evaluation.public_datasets.pipelines.public_opt_sklearn: public_opt_sklearn regression subset=heat_the_chair head=target_prior_trimmed_mean fold=10/17 train=5128 test=312
2026-05-08 21:00:07,298 INFO chronaris.evaluation.public_datasets.pipelines.public_opt_sklearn: public_opt_sklearn regression subset=heat_the_chair head=target_prior_trimmed_mean fold=11/17 train=5125 test=315
2026-05-08 21:00:07,304 INFO chronaris.evaluation.public_datasets.pipelines.public_opt_sklearn: public_opt_sklearn regression subset=heat_the_chair head=target_prior_trimmed_mean fold=12/17 train=5129 test=311
2026-05-08 21:00:07,310 INFO chronaris.evaluation.public_datasets.pipelines.public_opt_sklearn: public_opt_sklearn regression subset=heat_the_chair head=target_prior_trimmed_mean fold=13/17 train=5139 test=301
2026-05-08 21:00:07,315 INFO chronaris.evaluation.public_datasets.pipelines.public_opt_sklearn: public_opt_sklearn regression subset=heat_the_chair head=target_prior_trimmed_mean fold=14/17 train=5116 test=324
2026-05-08 21:00:07,321 INFO chronaris.evaluation.public_datasets.pipelines.public_opt_sklearn: public_opt_sklearn regression subset=heat_the_chair head=target_prior_trimmed_mean fold=15/17 train=5110 test=330
2026-05-08 21:00:07,327 INFO chronaris.evaluation.public_datasets.pipelines.public_opt_sklearn: public_opt_sklearn regression subset=heat_the_chair head=target_prior_trimmed_mean fold=16/17 train=5012 test=428
2026-05-08 21:00:07,333 INFO chronaris.evaluation.public_datasets.pipelines.public_opt_sklearn: public_opt_sklearn regression subset=heat_the_chair head=target_prior_trimmed_mean fold=17/17 train=5119 test=321
2026-05-08 21:00:07,341 INFO chronaris.evaluation.public_datasets.pipelines.public_opt_sklearn: public_opt_sklearn regression subset=heat_the_chair head=target_prior_trimmed_mean done rmse=1.4543 mae=1.1615
2026-05-08 21:00:07,342 INFO chronaris.evaluation.public_datasets.pipelines.public_opt_sklearn: public_opt_sklearn regression subset=heat_the_chair head=heat_prior_residual_guarded start feature_count=13 fold_count=17
2026-05-08 21:00:07,343 INFO chronaris.evaluation.public_datasets.pipelines.public_opt_sklearn: public_opt_sklearn regression subset=heat_the_chair head=heat_prior_residual_guarded fold=1/17 train=5116 test=324
2026-05-08 21:00:07,400 INFO chronaris.evaluation.public_datasets.pipelines.public_opt_sklearn: public_opt_sklearn regression subset=heat_the_chair head=heat_prior_residual_guarded fold=2/17 train=5126 test=314
2026-05-08 21:00:07,438 INFO chronaris.evaluation.public_datasets.pipelines.public_opt_sklearn: public_opt_sklearn regression subset=heat_the_chair head=heat_prior_residual_guarded fold=3/17 train=5136 test=304
2026-05-08 21:00:07,479 INFO chronaris.evaluation.public_datasets.pipelines.public_opt_sklearn: public_opt_sklearn regression subset=heat_the_chair head=heat_prior_residual_guarded fold=4/17 train=5014 test=426
2026-05-08 21:00:07,517 INFO chronaris.evaluation.public_datasets.pipelines.public_opt_sklearn: public_opt_sklearn regression subset=heat_the_chair head=heat_prior_residual_guarded fold=5/17 train=5199 test=241
2026-05-08 21:00:07,553 INFO chronaris.evaluation.public_datasets.pipelines.public_opt_sklearn: public_opt_sklearn regression subset=heat_the_chair head=heat_prior_residual_guarded fold=6/17 train=5109 test=331
2026-05-08 21:00:07,589 INFO chronaris.evaluation.public_datasets.pipelines.public_opt_sklearn: public_opt_sklearn regression subset=heat_the_chair head=heat_prior_residual_guarded fold=7/17 train=5127 test=313
2026-05-08 21:00:07,625 INFO chronaris.evaluation.public_datasets.pipelines.public_opt_sklearn: public_opt_sklearn regression subset=heat_the_chair head=heat_prior_residual_guarded fold=8/17 train=5225 test=215
2026-05-08 21:00:07,663 INFO chronaris.evaluation.public_datasets.pipelines.public_opt_sklearn: public_opt_sklearn regression subset=heat_the_chair head=heat_prior_residual_guarded fold=9/17 train=5110 test=330
2026-05-08 21:00:07,700 INFO chronaris.evaluation.public_datasets.pipelines.public_opt_sklearn: public_opt_sklearn regression subset=heat_the_chair head=heat_prior_residual_guarded fold=10/17 train=5128 test=312
2026-05-08 21:00:07,736 INFO chronaris.evaluation.public_datasets.pipelines.public_opt_sklearn: public_opt_sklearn regression subset=heat_the_chair head=heat_prior_residual_guarded fold=11/17 train=5125 test=315
2026-05-08 21:00:07,771 INFO chronaris.evaluation.public_datasets.pipelines.public_opt_sklearn: public_opt_sklearn regression subset=heat_the_chair head=heat_prior_residual_guarded fold=12/17 train=5129 test=311
2026-05-08 21:00:07,808 INFO chronaris.evaluation.public_datasets.pipelines.public_opt_sklearn: public_opt_sklearn regression subset=heat_the_chair head=heat_prior_residual_guarded fold=13/17 train=5139 test=301
2026-05-08 21:00:07,848 INFO chronaris.evaluation.public_datasets.pipelines.public_opt_sklearn: public_opt_sklearn regression subset=heat_the_chair head=heat_prior_residual_guarded fold=14/17 train=5116 test=324
2026-05-08 21:00:07,888 INFO chronaris.evaluation.public_datasets.pipelines.public_opt_sklearn: public_opt_sklearn regression subset=heat_the_chair head=heat_prior_residual_guarded fold=15/17 train=5110 test=330
2026-05-08 21:00:07,924 INFO chronaris.evaluation.public_datasets.pipelines.public_opt_sklearn: public_opt_sklearn regression subset=heat_the_chair head=heat_prior_residual_guarded fold=16/17 train=5012 test=428
2026-05-08 21:00:07,959 INFO chronaris.evaluation.public_datasets.pipelines.public_opt_sklearn: public_opt_sklearn regression subset=heat_the_chair head=heat_prior_residual_guarded fold=17/17 train=5119 test=321
2026-05-08 21:00:07,997 INFO chronaris.evaluation.public_datasets.pipelines.public_opt_sklearn: public_opt_sklearn regression subset=heat_the_chair head=heat_prior_residual_guarded done rmse=1.4648 mae=1.1432
2026-05-08 21:00:07,998 INFO chronaris.evaluation.public_datasets.pipelines.public_opt_sklearn: public_opt_sklearn regression subset=heat_the_chair head=physiology_persistence start feature_count=1 fold_count=17
2026-05-08 21:00:08,000 INFO chronaris.evaluation.public_datasets.pipelines.public_opt_sklearn: public_opt_sklearn regression subset=heat_the_chair head=physiology_persistence fold=1/17 train=5116 test=324
2026-05-08 21:00:08,007 INFO chronaris.evaluation.public_datasets.pipelines.public_opt_sklearn: public_opt_sklearn regression subset=heat_the_chair head=physiology_persistence fold=2/17 train=5126 test=314
2026-05-08 21:00:08,015 INFO chronaris.evaluation.public_datasets.pipelines.public_opt_sklearn: public_opt_sklearn regression subset=heat_the_chair head=physiology_persistence fold=3/17 train=5136 test=304
2026-05-08 21:00:08,023 INFO chronaris.evaluation.public_datasets.pipelines.public_opt_sklearn: public_opt_sklearn regression subset=heat_the_chair head=physiology_persistence fold=4/17 train=5014 test=426
2026-05-08 21:00:08,032 INFO chronaris.evaluation.public_datasets.pipelines.public_opt_sklearn: public_opt_sklearn regression subset=heat_the_chair head=physiology_persistence fold=5/17 train=5199 test=241
2026-05-08 21:00:08,039 INFO chronaris.evaluation.public_datasets.pipelines.public_opt_sklearn: public_opt_sklearn regression subset=heat_the_chair head=physiology_persistence fold=6/17 train=5109 test=331
2026-05-08 21:00:08,048 INFO chronaris.evaluation.public_datasets.pipelines.public_opt_sklearn: public_opt_sklearn regression subset=heat_the_chair head=physiology_persistence fold=7/17 train=5127 test=313
2026-05-08 21:00:08,055 INFO chronaris.evaluation.public_datasets.pipelines.public_opt_sklearn: public_opt_sklearn regression subset=heat_the_chair head=physiology_persistence fold=8/17 train=5225 test=215
2026-05-08 21:00:08,063 INFO chronaris.evaluation.public_datasets.pipelines.public_opt_sklearn: public_opt_sklearn regression subset=heat_the_chair head=physiology_persistence fold=9/17 train=5110 test=330
2026-05-08 21:00:08,070 INFO chronaris.evaluation.public_datasets.pipelines.public_opt_sklearn: public_opt_sklearn regression subset=heat_the_chair head=physiology_persistence fold=10/17 train=5128 test=312
2026-05-08 21:00:08,078 INFO chronaris.evaluation.public_datasets.pipelines.public_opt_sklearn: public_opt_sklearn regression subset=heat_the_chair head=physiology_persistence fold=11/17 train=5125 test=315
2026-05-08 21:00:08,095 INFO chronaris.evaluation.public_datasets.pipelines.public_opt_sklearn: public_opt_sklearn regression subset=heat_the_chair head=physiology_persistence fold=12/17 train=5129 test=311
2026-05-08 21:00:08,103 INFO chronaris.evaluation.public_datasets.pipelines.public_opt_sklearn: public_opt_sklearn regression subset=heat_the_chair head=physiology_persistence fold=13/17 train=5139 test=301
2026-05-08 21:00:08,110 INFO chronaris.evaluation.public_datasets.pipelines.public_opt_sklearn: public_opt_sklearn regression subset=heat_the_chair head=physiology_persistence fold=14/17 train=5116 test=324
2026-05-08 21:00:08,118 INFO chronaris.evaluation.public_datasets.pipelines.public_opt_sklearn: public_opt_sklearn regression subset=heat_the_chair head=physiology_persistence fold=15/17 train=5110 test=330
2026-05-08 21:00:08,135 INFO chronaris.evaluation.public_datasets.pipelines.public_opt_sklearn: public_opt_sklearn regression subset=heat_the_chair head=physiology_persistence fold=16/17 train=5012 test=428
2026-05-08 21:00:08,144 INFO chronaris.evaluation.public_datasets.pipelines.public_opt_sklearn: public_opt_sklearn regression subset=heat_the_chair head=physiology_persistence fold=17/17 train=5119 test=321
2026-05-08 21:00:08,154 INFO chronaris.evaluation.public_datasets.pipelines.public_opt_sklearn: public_opt_sklearn regression subset=heat_the_chair head=physiology_persistence done rmse=1.4568 mae=1.1637
2026-05-08 21:00:08,155 INFO chronaris.evaluation.public_datasets.pipelines.public_opt_sklearn: public_opt_sklearn regression subset=heat_the_chair head=ridge_heat_physiology_lowdim start feature_count=13 fold_count=17
2026-05-08 21:00:08,157 INFO chronaris.evaluation.public_datasets.pipelines.public_opt_sklearn: public_opt_sklearn regression subset=heat_the_chair head=ridge_heat_physiology_lowdim fold=1/17 train=5116 test=324
2026-05-08 21:00:08,214 INFO chronaris.evaluation.public_datasets.pipelines.public_opt_sklearn: public_opt_sklearn regression subset=heat_the_chair head=ridge_heat_physiology_lowdim fold=2/17 train=5126 test=314
2026-05-08 21:00:08,272 INFO chronaris.evaluation.public_datasets.pipelines.public_opt_sklearn: public_opt_sklearn regression subset=heat_the_chair head=ridge_heat_physiology_lowdim fold=3/17 train=5136 test=304
2026-05-08 21:00:08,331 INFO chronaris.evaluation.public_datasets.pipelines.public_opt_sklearn: public_opt_sklearn regression subset=heat_the_chair head=ridge_heat_physiology_lowdim fold=4/17 train=5014 test=426
2026-05-08 21:00:08,389 INFO chronaris.evaluation.public_datasets.pipelines.public_opt_sklearn: public_opt_sklearn regression subset=heat_the_chair head=ridge_heat_physiology_lowdim fold=5/17 train=5199 test=241
2026-05-08 21:00:08,446 INFO chronaris.evaluation.public_datasets.pipelines.public_opt_sklearn: public_opt_sklearn regression subset=heat_the_chair head=ridge_heat_physiology_lowdim fold=6/17 train=5109 test=331
2026-05-08 21:00:08,505 INFO chronaris.evaluation.public_datasets.pipelines.public_opt_sklearn: public_opt_sklearn regression subset=heat_the_chair head=ridge_heat_physiology_lowdim fold=7/17 train=5127 test=313
2026-05-08 21:00:08,565 INFO chronaris.evaluation.public_datasets.pipelines.public_opt_sklearn: public_opt_sklearn regression subset=heat_the_chair head=ridge_heat_physiology_lowdim fold=8/17 train=5225 test=215
2026-05-08 21:00:08,623 INFO chronaris.evaluation.public_datasets.pipelines.public_opt_sklearn: public_opt_sklearn regression subset=heat_the_chair head=ridge_heat_physiology_lowdim fold=9/17 train=5110 test=330
2026-05-08 21:00:08,682 INFO chronaris.evaluation.public_datasets.pipelines.public_opt_sklearn: public_opt_sklearn regression subset=heat_the_chair head=ridge_heat_physiology_lowdim fold=10/17 train=5128 test=312
2026-05-08 21:00:08,742 INFO chronaris.evaluation.public_datasets.pipelines.public_opt_sklearn: public_opt_sklearn regression subset=heat_the_chair head=ridge_heat_physiology_lowdim fold=11/17 train=5125 test=315
2026-05-08 21:00:08,799 INFO chronaris.evaluation.public_datasets.pipelines.public_opt_sklearn: public_opt_sklearn regression subset=heat_the_chair head=ridge_heat_physiology_lowdim fold=12/17 train=5129 test=311
2026-05-08 21:00:08,856 INFO chronaris.evaluation.public_datasets.pipelines.public_opt_sklearn: public_opt_sklearn regression subset=heat_the_chair head=ridge_heat_physiology_lowdim fold=13/17 train=5139 test=301
2026-05-08 21:00:08,916 INFO chronaris.evaluation.public_datasets.pipelines.public_opt_sklearn: public_opt_sklearn regression subset=heat_the_chair head=ridge_heat_physiology_lowdim fold=14/17 train=5116 test=324
2026-05-08 21:00:08,976 INFO chronaris.evaluation.public_datasets.pipelines.public_opt_sklearn: public_opt_sklearn regression subset=heat_the_chair head=ridge_heat_physiology_lowdim fold=15/17 train=5110 test=330
2026-05-08 21:00:09,033 INFO chronaris.evaluation.public_datasets.pipelines.public_opt_sklearn: public_opt_sklearn regression subset=heat_the_chair head=ridge_heat_physiology_lowdim fold=16/17 train=5012 test=428
2026-05-08 21:00:09,091 INFO chronaris.evaluation.public_datasets.pipelines.public_opt_sklearn: public_opt_sklearn regression subset=heat_the_chair head=ridge_heat_physiology_lowdim fold=17/17 train=5119 test=321
2026-05-08 21:00:09,153 INFO chronaris.evaluation.public_datasets.pipelines.public_opt_sklearn: public_opt_sklearn regression subset=heat_the_chair head=ridge_heat_physiology_lowdim done rmse=1.4624 mae=1.1724
2026-05-08 21:00:09,154 INFO chronaris.evaluation.public_datasets.pipelines.public_opt_sklearn: public_opt_sklearn regression subset=heat_the_chair head=huber_heat_physiology_lowdim start feature_count=13 fold_count=17
2026-05-08 21:00:09,156 INFO chronaris.evaluation.public_datasets.pipelines.public_opt_sklearn: public_opt_sklearn regression subset=heat_the_chair head=huber_heat_physiology_lowdim fold=1/17 train=5116 test=324
2026-05-08 21:00:09,307 INFO chronaris.evaluation.public_datasets.pipelines.public_opt_sklearn: public_opt_sklearn regression subset=heat_the_chair head=huber_heat_physiology_lowdim fold=2/17 train=5126 test=314
2026-05-08 21:00:09,426 INFO chronaris.evaluation.public_datasets.pipelines.public_opt_sklearn: public_opt_sklearn regression subset=heat_the_chair head=huber_heat_physiology_lowdim fold=3/17 train=5136 test=304
2026-05-08 21:00:09,548 INFO chronaris.evaluation.public_datasets.pipelines.public_opt_sklearn: public_opt_sklearn regression subset=heat_the_chair head=huber_heat_physiology_lowdim fold=4/17 train=5014 test=426
2026-05-08 21:00:09,666 INFO chronaris.evaluation.public_datasets.pipelines.public_opt_sklearn: public_opt_sklearn regression subset=heat_the_chair head=huber_heat_physiology_lowdim fold=5/17 train=5199 test=241
2026-05-08 21:00:09,789 INFO chronaris.evaluation.public_datasets.pipelines.public_opt_sklearn: public_opt_sklearn regression subset=heat_the_chair head=huber_heat_physiology_lowdim fold=6/17 train=5109 test=331
2026-05-08 21:00:09,915 INFO chronaris.evaluation.public_datasets.pipelines.public_opt_sklearn: public_opt_sklearn regression subset=heat_the_chair head=huber_heat_physiology_lowdim fold=7/17 train=5127 test=313
2026-05-08 21:00:10,037 INFO chronaris.evaluation.public_datasets.pipelines.public_opt_sklearn: public_opt_sklearn regression subset=heat_the_chair head=huber_heat_physiology_lowdim fold=8/17 train=5225 test=215
2026-05-08 21:00:10,166 INFO chronaris.evaluation.public_datasets.pipelines.public_opt_sklearn: public_opt_sklearn regression subset=heat_the_chair head=huber_heat_physiology_lowdim fold=9/17 train=5110 test=330
2026-05-08 21:00:10,287 INFO chronaris.evaluation.public_datasets.pipelines.public_opt_sklearn: public_opt_sklearn regression subset=heat_the_chair head=huber_heat_physiology_lowdim fold=10/17 train=5128 test=312
2026-05-08 21:00:10,412 INFO chronaris.evaluation.public_datasets.pipelines.public_opt_sklearn: public_opt_sklearn regression subset=heat_the_chair head=huber_heat_physiology_lowdim fold=11/17 train=5125 test=315
2026-05-08 21:00:10,541 INFO chronaris.evaluation.public_datasets.pipelines.public_opt_sklearn: public_opt_sklearn regression subset=heat_the_chair head=huber_heat_physiology_lowdim fold=12/17 train=5129 test=311
2026-05-08 21:00:10,664 INFO chronaris.evaluation.public_datasets.pipelines.public_opt_sklearn: public_opt_sklearn regression subset=heat_the_chair head=huber_heat_physiology_lowdim fold=13/17 train=5139 test=301
2026-05-08 21:00:10,789 INFO chronaris.evaluation.public_datasets.pipelines.public_opt_sklearn: public_opt_sklearn regression subset=heat_the_chair head=huber_heat_physiology_lowdim fold=14/17 train=5116 test=324
2026-05-08 21:00:10,923 INFO chronaris.evaluation.public_datasets.pipelines.public_opt_sklearn: public_opt_sklearn regression subset=heat_the_chair head=huber_heat_physiology_lowdim fold=15/17 train=5110 test=330
2026-05-08 21:00:11,046 INFO chronaris.evaluation.public_datasets.pipelines.public_opt_sklearn: public_opt_sklearn regression subset=heat_the_chair head=huber_heat_physiology_lowdim fold=16/17 train=5012 test=428
2026-05-08 21:00:11,164 INFO chronaris.evaluation.public_datasets.pipelines.public_opt_sklearn: public_opt_sklearn regression subset=heat_the_chair head=huber_heat_physiology_lowdim fold=17/17 train=5119 test=321
2026-05-08 21:00:11,288 INFO chronaris.evaluation.public_datasets.pipelines.public_opt_sklearn: public_opt_sklearn regression subset=heat_the_chair head=huber_heat_physiology_lowdim done rmse=1.5077 mae=1.1979
2026-05-08 21:00:11,733 INFO chronaris.evaluation.public_datasets.pipelines.task_eval_public_opt: task_eval_public_opt finished run_id=20260508T125651Z-public-opt-uab-robust-prior-r1 summary_path=/home/wangminan/projects/chronaris/docs/artifacts/runs/2026-05-08_public-opt-uab-robust-prior-r1/public_opt_summary.json report_path=/home/wangminan/projects/chronaris/docs/reports/task-eval-public-opt-20260508T125651Z-public-opt-uab-robust-prior-r1.md
2026-05-08 21:07:36,123 INFO chronaris.evaluation.public_datasets.pipelines.task_eval_public_opt: public_opt_sklearn observer start run_id=20260508T125651Z-public-opt-uab-robust-prior-r1 run_root=/home/wangminan/projects/chronaris/docs/artifacts/runs/2026-05-08_public-opt-uab-robust-prior-r1
2026-05-08 21:07:36,123 INFO chronaris.evaluation.public_datasets.pipelines.task_eval_public_opt: task_eval_public_opt start run_id=20260508T125651Z-public-opt-uab-robust-prior-r1 dataset_id=uab_workload_dataset prepared_root=/home/wangminan/projects/chronaris/docs/artifacts/runs/2026-05-04_public-opt-uab-prepared
2026-05-08 21:08:10,009 INFO chronaris.evaluation.public_datasets.pipelines.public_opt_sklearn: public_opt_sklearn regression subset start dataset_id=uab_workload_dataset subset=heat_the_chair rows=5440
2026-05-08 21:08:10,012 INFO chronaris.evaluation.public_datasets.pipelines.public_opt_sklearn: public_opt_sklearn regression subset=heat_the_chair head=target_prior_median start feature_count=0 fold_count=17
2026-05-08 21:08:10,012 INFO chronaris.evaluation.public_datasets.pipelines.public_opt_sklearn: public_opt_sklearn regression subset=heat_the_chair head=target_prior_median fold=1/17 train=5116 test=324
2026-05-08 21:08:10,019 INFO chronaris.evaluation.public_datasets.pipelines.public_opt_sklearn: public_opt_sklearn regression subset=heat_the_chair head=target_prior_median fold=2/17 train=5126 test=314
2026-05-08 21:08:10,027 INFO chronaris.evaluation.public_datasets.pipelines.public_opt_sklearn: public_opt_sklearn regression subset=heat_the_chair head=target_prior_median fold=3/17 train=5136 test=304
2026-05-08 21:08:10,034 INFO chronaris.evaluation.public_datasets.pipelines.public_opt_sklearn: public_opt_sklearn regression subset=heat_the_chair head=target_prior_median fold=4/17 train=5014 test=426
2026-05-08 21:08:10,041 INFO chronaris.evaluation.public_datasets.pipelines.public_opt_sklearn: public_opt_sklearn regression subset=heat_the_chair head=target_prior_median fold=5/17 train=5199 test=241
2026-05-08 21:08:10,048 INFO chronaris.evaluation.public_datasets.pipelines.public_opt_sklearn: public_opt_sklearn regression subset=heat_the_chair head=target_prior_median fold=6/17 train=5109 test=331
2026-05-08 21:08:10,055 INFO chronaris.evaluation.public_datasets.pipelines.public_opt_sklearn: public_opt_sklearn regression subset=heat_the_chair head=target_prior_median fold=7/17 train=5127 test=313
2026-05-08 21:08:10,062 INFO chronaris.evaluation.public_datasets.pipelines.public_opt_sklearn: public_opt_sklearn regression subset=heat_the_chair head=target_prior_median fold=8/17 train=5225 test=215
2026-05-08 21:08:10,068 INFO chronaris.evaluation.public_datasets.pipelines.public_opt_sklearn: public_opt_sklearn regression subset=heat_the_chair head=target_prior_median fold=9/17 train=5110 test=330
2026-05-08 21:08:10,075 INFO chronaris.evaluation.public_datasets.pipelines.public_opt_sklearn: public_opt_sklearn regression subset=heat_the_chair head=target_prior_median fold=10/17 train=5128 test=312
2026-05-08 21:08:10,081 INFO chronaris.evaluation.public_datasets.pipelines.public_opt_sklearn: public_opt_sklearn regression subset=heat_the_chair head=target_prior_median fold=11/17 train=5125 test=315
2026-05-08 21:08:10,087 INFO chronaris.evaluation.public_datasets.pipelines.public_opt_sklearn: public_opt_sklearn regression subset=heat_the_chair head=target_prior_median fold=12/17 train=5129 test=311
2026-05-08 21:08:10,095 INFO chronaris.evaluation.public_datasets.pipelines.public_opt_sklearn: public_opt_sklearn regression subset=heat_the_chair head=target_prior_median fold=13/17 train=5139 test=301
2026-05-08 21:08:10,102 INFO chronaris.evaluation.public_datasets.pipelines.public_opt_sklearn: public_opt_sklearn regression subset=heat_the_chair head=target_prior_median fold=14/17 train=5116 test=324
2026-05-08 21:08:10,109 INFO chronaris.evaluation.public_datasets.pipelines.public_opt_sklearn: public_opt_sklearn regression subset=heat_the_chair head=target_prior_median fold=15/17 train=5110 test=330
2026-05-08 21:08:10,116 INFO chronaris.evaluation.public_datasets.pipelines.public_opt_sklearn: public_opt_sklearn regression subset=heat_the_chair head=target_prior_median fold=16/17 train=5012 test=428
2026-05-08 21:08:10,123 INFO chronaris.evaluation.public_datasets.pipelines.public_opt_sklearn: public_opt_sklearn regression subset=heat_the_chair head=target_prior_median fold=17/17 train=5119 test=321
2026-05-08 21:08:10,133 INFO chronaris.evaluation.public_datasets.pipelines.public_opt_sklearn: public_opt_sklearn regression subset=heat_the_chair head=target_prior_median done rmse=1.4331 mae=1.0740
2026-05-08 21:08:10,133 INFO chronaris.evaluation.public_datasets.pipelines.public_opt_sklearn: public_opt_sklearn regression subset=heat_the_chair head=target_prior_trimmed_mean start feature_count=0 fold_count=17
2026-05-08 21:08:10,147 INFO chronaris.evaluation.public_datasets.pipelines.public_opt_sklearn: public_opt_sklearn regression subset=heat_the_chair head=target_prior_trimmed_mean fold=1/17 train=5116 test=324
2026-05-08 21:08:10,155 INFO chronaris.evaluation.public_datasets.pipelines.public_opt_sklearn: public_opt_sklearn regression subset=heat_the_chair head=target_prior_trimmed_mean fold=2/17 train=5126 test=314
2026-05-08 21:08:10,162 INFO chronaris.evaluation.public_datasets.pipelines.public_opt_sklearn: public_opt_sklearn regression subset=heat_the_chair head=target_prior_trimmed_mean fold=3/17 train=5136 test=304
2026-05-08 21:08:10,169 INFO chronaris.evaluation.public_datasets.pipelines.public_opt_sklearn: public_opt_sklearn regression subset=heat_the_chair head=target_prior_trimmed_mean fold=4/17 train=5014 test=426
2026-05-08 21:08:10,175 INFO chronaris.evaluation.public_datasets.pipelines.public_opt_sklearn: public_opt_sklearn regression subset=heat_the_chair head=target_prior_trimmed_mean fold=5/17 train=5199 test=241
2026-05-08 21:08:10,181 INFO chronaris.evaluation.public_datasets.pipelines.public_opt_sklearn: public_opt_sklearn regression subset=heat_the_chair head=target_prior_trimmed_mean fold=6/17 train=5109 test=331
2026-05-08 21:08:10,187 INFO chronaris.evaluation.public_datasets.pipelines.public_opt_sklearn: public_opt_sklearn regression subset=heat_the_chair head=target_prior_trimmed_mean fold=7/17 train=5127 test=313
2026-05-08 21:08:10,193 INFO chronaris.evaluation.public_datasets.pipelines.public_opt_sklearn: public_opt_sklearn regression subset=heat_the_chair head=target_prior_trimmed_mean fold=8/17 train=5225 test=215
2026-05-08 21:08:10,198 INFO chronaris.evaluation.public_datasets.pipelines.public_opt_sklearn: public_opt_sklearn regression subset=heat_the_chair head=target_prior_trimmed_mean fold=9/17 train=5110 test=330
2026-05-08 21:08:10,204 INFO chronaris.evaluation.public_datasets.pipelines.public_opt_sklearn: public_opt_sklearn regression subset=heat_the_chair head=target_prior_trimmed_mean fold=10/17 train=5128 test=312
2026-05-08 21:08:10,210 INFO chronaris.evaluation.public_datasets.pipelines.public_opt_sklearn: public_opt_sklearn regression subset=heat_the_chair head=target_prior_trimmed_mean fold=11/17 train=5125 test=315
2026-05-08 21:08:10,216 INFO chronaris.evaluation.public_datasets.pipelines.public_opt_sklearn: public_opt_sklearn regression subset=heat_the_chair head=target_prior_trimmed_mean fold=12/17 train=5129 test=311
2026-05-08 21:08:10,221 INFO chronaris.evaluation.public_datasets.pipelines.public_opt_sklearn: public_opt_sklearn regression subset=heat_the_chair head=target_prior_trimmed_mean fold=13/17 train=5139 test=301
2026-05-08 21:08:10,227 INFO chronaris.evaluation.public_datasets.pipelines.public_opt_sklearn: public_opt_sklearn regression subset=heat_the_chair head=target_prior_trimmed_mean fold=14/17 train=5116 test=324
2026-05-08 21:08:10,234 INFO chronaris.evaluation.public_datasets.pipelines.public_opt_sklearn: public_opt_sklearn regression subset=heat_the_chair head=target_prior_trimmed_mean fold=15/17 train=5110 test=330
2026-05-08 21:08:10,241 INFO chronaris.evaluation.public_datasets.pipelines.public_opt_sklearn: public_opt_sklearn regression subset=heat_the_chair head=target_prior_trimmed_mean fold=16/17 train=5012 test=428
2026-05-08 21:08:10,248 INFO chronaris.evaluation.public_datasets.pipelines.public_opt_sklearn: public_opt_sklearn regression subset=heat_the_chair head=target_prior_trimmed_mean fold=17/17 train=5119 test=321
2026-05-08 21:08:10,258 INFO chronaris.evaluation.public_datasets.pipelines.public_opt_sklearn: public_opt_sklearn regression subset=heat_the_chair head=target_prior_trimmed_mean done rmse=1.4543 mae=1.1615
2026-05-08 21:08:10,259 INFO chronaris.evaluation.public_datasets.pipelines.public_opt_sklearn: public_opt_sklearn regression subset=heat_the_chair head=heat_prior_residual_guarded start feature_count=13 fold_count=17
2026-05-08 21:08:10,260 INFO chronaris.evaluation.public_datasets.pipelines.public_opt_sklearn: public_opt_sklearn regression subset=heat_the_chair head=heat_prior_residual_guarded fold=1/17 train=5116 test=324
2026-05-08 21:08:10,299 INFO chronaris.evaluation.public_datasets.pipelines.public_opt_sklearn: public_opt_sklearn regression subset=heat_the_chair head=heat_prior_residual_guarded fold=2/17 train=5126 test=314
2026-05-08 21:08:10,337 INFO chronaris.evaluation.public_datasets.pipelines.public_opt_sklearn: public_opt_sklearn regression subset=heat_the_chair head=heat_prior_residual_guarded fold=3/17 train=5136 test=304
2026-05-08 21:08:10,375 INFO chronaris.evaluation.public_datasets.pipelines.public_opt_sklearn: public_opt_sklearn regression subset=heat_the_chair head=heat_prior_residual_guarded fold=4/17 train=5014 test=426
2026-05-08 21:08:10,410 INFO chronaris.evaluation.public_datasets.pipelines.public_opt_sklearn: public_opt_sklearn regression subset=heat_the_chair head=heat_prior_residual_guarded fold=5/17 train=5199 test=241
2026-05-08 21:08:10,447 INFO chronaris.evaluation.public_datasets.pipelines.public_opt_sklearn: public_opt_sklearn regression subset=heat_the_chair head=heat_prior_residual_guarded fold=6/17 train=5109 test=331
2026-05-08 21:08:10,484 INFO chronaris.evaluation.public_datasets.pipelines.public_opt_sklearn: public_opt_sklearn regression subset=heat_the_chair head=heat_prior_residual_guarded fold=7/17 train=5127 test=313
2026-05-08 21:08:10,519 INFO chronaris.evaluation.public_datasets.pipelines.public_opt_sklearn: public_opt_sklearn regression subset=heat_the_chair head=heat_prior_residual_guarded fold=8/17 train=5225 test=215
2026-05-08 21:08:10,557 INFO chronaris.evaluation.public_datasets.pipelines.public_opt_sklearn: public_opt_sklearn regression subset=heat_the_chair head=heat_prior_residual_guarded fold=9/17 train=5110 test=330
2026-05-08 21:08:10,593 INFO chronaris.evaluation.public_datasets.pipelines.public_opt_sklearn: public_opt_sklearn regression subset=heat_the_chair head=heat_prior_residual_guarded fold=10/17 train=5128 test=312
2026-05-08 21:08:10,630 INFO chronaris.evaluation.public_datasets.pipelines.public_opt_sklearn: public_opt_sklearn regression subset=heat_the_chair head=heat_prior_residual_guarded fold=11/17 train=5125 test=315
2026-05-08 21:08:10,667 INFO chronaris.evaluation.public_datasets.pipelines.public_opt_sklearn: public_opt_sklearn regression subset=heat_the_chair head=heat_prior_residual_guarded fold=12/17 train=5129 test=311
2026-05-08 21:08:10,708 INFO chronaris.evaluation.public_datasets.pipelines.public_opt_sklearn: public_opt_sklearn regression subset=heat_the_chair head=heat_prior_residual_guarded fold=13/17 train=5139 test=301
2026-05-08 21:08:10,749 INFO chronaris.evaluation.public_datasets.pipelines.public_opt_sklearn: public_opt_sklearn regression subset=heat_the_chair head=heat_prior_residual_guarded fold=14/17 train=5116 test=324
2026-05-08 21:08:10,789 INFO chronaris.evaluation.public_datasets.pipelines.public_opt_sklearn: public_opt_sklearn regression subset=heat_the_chair head=heat_prior_residual_guarded fold=15/17 train=5110 test=330
2026-05-08 21:08:10,826 INFO chronaris.evaluation.public_datasets.pipelines.public_opt_sklearn: public_opt_sklearn regression subset=heat_the_chair head=heat_prior_residual_guarded fold=16/17 train=5012 test=428
2026-05-08 21:08:10,861 INFO chronaris.evaluation.public_datasets.pipelines.public_opt_sklearn: public_opt_sklearn regression subset=heat_the_chair head=heat_prior_residual_guarded fold=17/17 train=5119 test=321
2026-05-08 21:08:10,904 INFO chronaris.evaluation.public_datasets.pipelines.public_opt_sklearn: public_opt_sklearn regression subset=heat_the_chair head=heat_prior_residual_guarded done rmse=1.4648 mae=1.1432
2026-05-08 21:08:10,905 INFO chronaris.evaluation.public_datasets.pipelines.public_opt_sklearn: public_opt_sklearn regression subset=heat_the_chair head=physiology_persistence start feature_count=1 fold_count=17
2026-05-08 21:08:10,907 INFO chronaris.evaluation.public_datasets.pipelines.public_opt_sklearn: public_opt_sklearn regression subset=heat_the_chair head=physiology_persistence fold=1/17 train=5116 test=324
2026-05-08 21:08:10,915 INFO chronaris.evaluation.public_datasets.pipelines.public_opt_sklearn: public_opt_sklearn regression subset=heat_the_chair head=physiology_persistence fold=2/17 train=5126 test=314
2026-05-08 21:08:10,923 INFO chronaris.evaluation.public_datasets.pipelines.public_opt_sklearn: public_opt_sklearn regression subset=heat_the_chair head=physiology_persistence fold=3/17 train=5136 test=304
2026-05-08 21:08:10,949 INFO chronaris.evaluation.public_datasets.pipelines.public_opt_sklearn: public_opt_sklearn regression subset=heat_the_chair head=physiology_persistence fold=4/17 train=5014 test=426
2026-05-08 21:08:10,957 INFO chronaris.evaluation.public_datasets.pipelines.public_opt_sklearn: public_opt_sklearn regression subset=heat_the_chair head=physiology_persistence fold=5/17 train=5199 test=241
2026-05-08 21:08:10,982 INFO chronaris.evaluation.public_datasets.pipelines.public_opt_sklearn: public_opt_sklearn regression subset=heat_the_chair head=physiology_persistence fold=6/17 train=5109 test=331
2026-05-08 21:08:11,013 INFO chronaris.evaluation.public_datasets.pipelines.public_opt_sklearn: public_opt_sklearn regression subset=heat_the_chair head=physiology_persistence fold=7/17 train=5127 test=313
2026-05-08 21:08:11,021 INFO chronaris.evaluation.public_datasets.pipelines.public_opt_sklearn: public_opt_sklearn regression subset=heat_the_chair head=physiology_persistence fold=8/17 train=5225 test=215
2026-05-08 21:08:11,028 INFO chronaris.evaluation.public_datasets.pipelines.public_opt_sklearn: public_opt_sklearn regression subset=heat_the_chair head=physiology_persistence fold=9/17 train=5110 test=330
2026-05-08 21:08:11,054 INFO chronaris.evaluation.public_datasets.pipelines.public_opt_sklearn: public_opt_sklearn regression subset=heat_the_chair head=physiology_persistence fold=10/17 train=5128 test=312
2026-05-08 21:08:11,061 INFO chronaris.evaluation.public_datasets.pipelines.public_opt_sklearn: public_opt_sklearn regression subset=heat_the_chair head=physiology_persistence fold=11/17 train=5125 test=315
2026-05-08 21:08:11,067 INFO chronaris.evaluation.public_datasets.pipelines.public_opt_sklearn: public_opt_sklearn regression subset=heat_the_chair head=physiology_persistence fold=12/17 train=5129 test=311
2026-05-08 21:08:11,074 INFO chronaris.evaluation.public_datasets.pipelines.public_opt_sklearn: public_opt_sklearn regression subset=heat_the_chair head=physiology_persistence fold=13/17 train=5139 test=301
2026-05-08 21:08:11,081 INFO chronaris.evaluation.public_datasets.pipelines.public_opt_sklearn: public_opt_sklearn regression subset=heat_the_chair head=physiology_persistence fold=14/17 train=5116 test=324
2026-05-08 21:08:11,103 INFO chronaris.evaluation.public_datasets.pipelines.public_opt_sklearn: public_opt_sklearn regression subset=heat_the_chair head=physiology_persistence fold=15/17 train=5110 test=330
2026-05-08 21:08:11,111 INFO chronaris.evaluation.public_datasets.pipelines.public_opt_sklearn: public_opt_sklearn regression subset=heat_the_chair head=physiology_persistence fold=16/17 train=5012 test=428
2026-05-08 21:08:11,119 INFO chronaris.evaluation.public_datasets.pipelines.public_opt_sklearn: public_opt_sklearn regression subset=heat_the_chair head=physiology_persistence fold=17/17 train=5119 test=321
2026-05-08 21:08:11,129 INFO chronaris.evaluation.public_datasets.pipelines.public_opt_sklearn: public_opt_sklearn regression subset=heat_the_chair head=physiology_persistence done rmse=1.4568 mae=1.1637
2026-05-08 21:08:11,130 INFO chronaris.evaluation.public_datasets.pipelines.public_opt_sklearn: public_opt_sklearn regression subset=heat_the_chair head=ridge_heat_physiology_lowdim start feature_count=13 fold_count=17
2026-05-08 21:08:11,132 INFO chronaris.evaluation.public_datasets.pipelines.public_opt_sklearn: public_opt_sklearn regression subset=heat_the_chair head=ridge_heat_physiology_lowdim fold=1/17 train=5116 test=324
2026-05-08 21:08:11,190 INFO chronaris.evaluation.public_datasets.pipelines.public_opt_sklearn: public_opt_sklearn regression subset=heat_the_chair head=ridge_heat_physiology_lowdim fold=2/17 train=5126 test=314
2026-05-08 21:08:11,249 INFO chronaris.evaluation.public_datasets.pipelines.public_opt_sklearn: public_opt_sklearn regression subset=heat_the_chair head=ridge_heat_physiology_lowdim fold=3/17 train=5136 test=304
2026-05-08 21:08:11,305 INFO chronaris.evaluation.public_datasets.pipelines.public_opt_sklearn: public_opt_sklearn regression subset=heat_the_chair head=ridge_heat_physiology_lowdim fold=4/17 train=5014 test=426
2026-05-08 21:08:11,363 INFO chronaris.evaluation.public_datasets.pipelines.public_opt_sklearn: public_opt_sklearn regression subset=heat_the_chair head=ridge_heat_physiology_lowdim fold=5/17 train=5199 test=241
2026-05-08 21:08:11,422 INFO chronaris.evaluation.public_datasets.pipelines.public_opt_sklearn: public_opt_sklearn regression subset=heat_the_chair head=ridge_heat_physiology_lowdim fold=6/17 train=5109 test=331
2026-05-08 21:08:11,479 INFO chronaris.evaluation.public_datasets.pipelines.public_opt_sklearn: public_opt_sklearn regression subset=heat_the_chair head=ridge_heat_physiology_lowdim fold=7/17 train=5127 test=313
2026-05-08 21:08:11,536 INFO chronaris.evaluation.public_datasets.pipelines.public_opt_sklearn: public_opt_sklearn regression subset=heat_the_chair head=ridge_heat_physiology_lowdim fold=8/17 train=5225 test=215
2026-05-08 21:08:11,594 INFO chronaris.evaluation.public_datasets.pipelines.public_opt_sklearn: public_opt_sklearn regression subset=heat_the_chair head=ridge_heat_physiology_lowdim fold=9/17 train=5110 test=330
2026-05-08 21:08:11,652 INFO chronaris.evaluation.public_datasets.pipelines.public_opt_sklearn: public_opt_sklearn regression subset=heat_the_chair head=ridge_heat_physiology_lowdim fold=10/17 train=5128 test=312
2026-05-08 21:08:11,709 INFO chronaris.evaluation.public_datasets.pipelines.public_opt_sklearn: public_opt_sklearn regression subset=heat_the_chair head=ridge_heat_physiology_lowdim fold=11/17 train=5125 test=315
2026-05-08 21:08:11,767 INFO chronaris.evaluation.public_datasets.pipelines.public_opt_sklearn: public_opt_sklearn regression subset=heat_the_chair head=ridge_heat_physiology_lowdim fold=12/17 train=5129 test=311
2026-05-08 21:08:11,825 INFO chronaris.evaluation.public_datasets.pipelines.public_opt_sklearn: public_opt_sklearn regression subset=heat_the_chair head=ridge_heat_physiology_lowdim fold=13/17 train=5139 test=301
2026-05-08 21:08:11,882 INFO chronaris.evaluation.public_datasets.pipelines.public_opt_sklearn: public_opt_sklearn regression subset=heat_the_chair head=ridge_heat_physiology_lowdim fold=14/17 train=5116 test=324
2026-05-08 21:08:11,940 INFO chronaris.evaluation.public_datasets.pipelines.public_opt_sklearn: public_opt_sklearn regression subset=heat_the_chair head=ridge_heat_physiology_lowdim fold=15/17 train=5110 test=330
2026-05-08 21:08:11,998 INFO chronaris.evaluation.public_datasets.pipelines.public_opt_sklearn: public_opt_sklearn regression subset=heat_the_chair head=ridge_heat_physiology_lowdim fold=16/17 train=5012 test=428
2026-05-08 21:08:12,056 INFO chronaris.evaluation.public_datasets.pipelines.public_opt_sklearn: public_opt_sklearn regression subset=heat_the_chair head=ridge_heat_physiology_lowdim fold=17/17 train=5119 test=321
2026-05-08 21:08:12,115 INFO chronaris.evaluation.public_datasets.pipelines.public_opt_sklearn: public_opt_sklearn regression subset=heat_the_chair head=ridge_heat_physiology_lowdim done rmse=1.4624 mae=1.1724
2026-05-08 21:08:12,116 INFO chronaris.evaluation.public_datasets.pipelines.public_opt_sklearn: public_opt_sklearn regression subset=heat_the_chair head=huber_heat_physiology_lowdim start feature_count=13 fold_count=17
2026-05-08 21:08:12,118 INFO chronaris.evaluation.public_datasets.pipelines.public_opt_sklearn: public_opt_sklearn regression subset=heat_the_chair head=huber_heat_physiology_lowdim fold=1/17 train=5116 test=324
2026-05-08 21:08:12,270 INFO chronaris.evaluation.public_datasets.pipelines.public_opt_sklearn: public_opt_sklearn regression subset=heat_the_chair head=huber_heat_physiology_lowdim fold=2/17 train=5126 test=314
2026-05-08 21:08:12,401 INFO chronaris.evaluation.public_datasets.pipelines.public_opt_sklearn: public_opt_sklearn regression subset=heat_the_chair head=huber_heat_physiology_lowdim fold=3/17 train=5136 test=304
2026-05-08 21:08:12,530 INFO chronaris.evaluation.public_datasets.pipelines.public_opt_sklearn: public_opt_sklearn regression subset=heat_the_chair head=huber_heat_physiology_lowdim fold=4/17 train=5014 test=426
2026-05-08 21:08:12,654 INFO chronaris.evaluation.public_datasets.pipelines.public_opt_sklearn: public_opt_sklearn regression subset=heat_the_chair head=huber_heat_physiology_lowdim fold=5/17 train=5199 test=241
2026-05-08 21:08:12,787 INFO chronaris.evaluation.public_datasets.pipelines.public_opt_sklearn: public_opt_sklearn regression subset=heat_the_chair head=huber_heat_physiology_lowdim fold=6/17 train=5109 test=331
2026-05-08 21:08:12,916 INFO chronaris.evaluation.public_datasets.pipelines.public_opt_sklearn: public_opt_sklearn regression subset=heat_the_chair head=huber_heat_physiology_lowdim fold=7/17 train=5127 test=313
2026-05-08 21:08:13,044 INFO chronaris.evaluation.public_datasets.pipelines.public_opt_sklearn: public_opt_sklearn regression subset=heat_the_chair head=huber_heat_physiology_lowdim fold=8/17 train=5225 test=215
2026-05-08 21:08:13,180 INFO chronaris.evaluation.public_datasets.pipelines.public_opt_sklearn: public_opt_sklearn regression subset=heat_the_chair head=huber_heat_physiology_lowdim fold=9/17 train=5110 test=330
2026-05-08 21:08:13,307 INFO chronaris.evaluation.public_datasets.pipelines.public_opt_sklearn: public_opt_sklearn regression subset=heat_the_chair head=huber_heat_physiology_lowdim fold=10/17 train=5128 test=312
2026-05-08 21:08:13,439 INFO chronaris.evaluation.public_datasets.pipelines.public_opt_sklearn: public_opt_sklearn regression subset=heat_the_chair head=huber_heat_physiology_lowdim fold=11/17 train=5125 test=315
2026-05-08 21:08:13,573 INFO chronaris.evaluation.public_datasets.pipelines.public_opt_sklearn: public_opt_sklearn regression subset=heat_the_chair head=huber_heat_physiology_lowdim fold=12/17 train=5129 test=311
2026-05-08 21:08:13,698 INFO chronaris.evaluation.public_datasets.pipelines.public_opt_sklearn: public_opt_sklearn regression subset=heat_the_chair head=huber_heat_physiology_lowdim fold=13/17 train=5139 test=301
2026-05-08 21:08:13,827 INFO chronaris.evaluation.public_datasets.pipelines.public_opt_sklearn: public_opt_sklearn regression subset=heat_the_chair head=huber_heat_physiology_lowdim fold=14/17 train=5116 test=324
2026-05-08 21:08:13,963 INFO chronaris.evaluation.public_datasets.pipelines.public_opt_sklearn: public_opt_sklearn regression subset=heat_the_chair head=huber_heat_physiology_lowdim fold=15/17 train=5110 test=330
2026-05-08 21:08:14,088 INFO chronaris.evaluation.public_datasets.pipelines.public_opt_sklearn: public_opt_sklearn regression subset=heat_the_chair head=huber_heat_physiology_lowdim fold=16/17 train=5012 test=428
2026-05-08 21:08:14,209 INFO chronaris.evaluation.public_datasets.pipelines.public_opt_sklearn: public_opt_sklearn regression subset=heat_the_chair head=huber_heat_physiology_lowdim fold=17/17 train=5119 test=321
2026-05-08 21:08:14,336 INFO chronaris.evaluation.public_datasets.pipelines.public_opt_sklearn: public_opt_sklearn regression subset=heat_the_chair head=huber_heat_physiology_lowdim done rmse=1.5077 mae=1.1979
2026-05-08 21:08:14,772 INFO chronaris.evaluation.public_datasets.pipelines.task_eval_public_opt: task_eval_public_opt finished run_id=20260508T125651Z-public-opt-uab-robust-prior-r1 summary_path=/home/wangminan/projects/chronaris/docs/artifacts/runs/2026-05-08_public-opt-uab-robust-prior-r1/public_opt_summary.json report_path=/home/wangminan/projects/chronaris/docs/reports/task_eval/task-eval-public-opt-20260508T125651Z-public-opt-uab-robust-prior-r1.md
2026-05-08 21:16:46,675 INFO chronaris.evaluation.public_datasets.pipelines.task_eval_public_opt: public_opt_sklearn observer start run_id=20260508T125651Z-public-opt-uab-robust-prior-r1 run_root=/home/wangminan/projects/chronaris/docs/artifacts/runs/2026-05-08_public-opt-uab-robust-prior-r1
2026-05-08 21:16:46,675 INFO chronaris.evaluation.public_datasets.pipelines.task_eval_public_opt: task_eval_public_opt start run_id=20260508T125651Z-public-opt-uab-robust-prior-r1 dataset_id=uab_workload_dataset prepared_root=/home/wangminan/projects/chronaris/docs/artifacts/runs/2026-05-04_public-opt-uab-prepared
2026-05-08 21:17:20,151 INFO chronaris.evaluation.public_datasets.pipelines.public_opt_sklearn: public_opt_sklearn regression subset start dataset_id=uab_workload_dataset subset=heat_the_chair rows=5440
2026-05-08 21:17:20,153 INFO chronaris.evaluation.public_datasets.pipelines.public_opt_sklearn: public_opt_sklearn regression subset=heat_the_chair head=target_prior_median start feature_count=0 fold_count=17
2026-05-08 21:17:20,154 INFO chronaris.evaluation.public_datasets.pipelines.public_opt_sklearn: public_opt_sklearn regression subset=heat_the_chair head=target_prior_median fold=1/17 train=5116 test=324
2026-05-08 21:17:20,162 INFO chronaris.evaluation.public_datasets.pipelines.public_opt_sklearn: public_opt_sklearn regression subset=heat_the_chair head=target_prior_median fold=2/17 train=5126 test=314
2026-05-08 21:17:20,169 INFO chronaris.evaluation.public_datasets.pipelines.public_opt_sklearn: public_opt_sklearn regression subset=heat_the_chair head=target_prior_median fold=3/17 train=5136 test=304
2026-05-08 21:17:20,176 INFO chronaris.evaluation.public_datasets.pipelines.public_opt_sklearn: public_opt_sklearn regression subset=heat_the_chair head=target_prior_median fold=4/17 train=5014 test=426
2026-05-08 21:17:20,182 INFO chronaris.evaluation.public_datasets.pipelines.public_opt_sklearn: public_opt_sklearn regression subset=heat_the_chair head=target_prior_median fold=5/17 train=5199 test=241
2026-05-08 21:17:20,188 INFO chronaris.evaluation.public_datasets.pipelines.public_opt_sklearn: public_opt_sklearn regression subset=heat_the_chair head=target_prior_median fold=6/17 train=5109 test=331
2026-05-08 21:17:20,194 INFO chronaris.evaluation.public_datasets.pipelines.public_opt_sklearn: public_opt_sklearn regression subset=heat_the_chair head=target_prior_median fold=7/17 train=5127 test=313
2026-05-08 21:17:20,200 INFO chronaris.evaluation.public_datasets.pipelines.public_opt_sklearn: public_opt_sklearn regression subset=heat_the_chair head=target_prior_median fold=8/17 train=5225 test=215
2026-05-08 21:17:20,206 INFO chronaris.evaluation.public_datasets.pipelines.public_opt_sklearn: public_opt_sklearn regression subset=heat_the_chair head=target_prior_median fold=9/17 train=5110 test=330
2026-05-08 21:17:20,212 INFO chronaris.evaluation.public_datasets.pipelines.public_opt_sklearn: public_opt_sklearn regression subset=heat_the_chair head=target_prior_median fold=10/17 train=5128 test=312
2026-05-08 21:17:20,217 INFO chronaris.evaluation.public_datasets.pipelines.public_opt_sklearn: public_opt_sklearn regression subset=heat_the_chair head=target_prior_median fold=11/17 train=5125 test=315
2026-05-08 21:17:20,223 INFO chronaris.evaluation.public_datasets.pipelines.public_opt_sklearn: public_opt_sklearn regression subset=heat_the_chair head=target_prior_median fold=12/17 train=5129 test=311
2026-05-08 21:17:20,229 INFO chronaris.evaluation.public_datasets.pipelines.public_opt_sklearn: public_opt_sklearn regression subset=heat_the_chair head=target_prior_median fold=13/17 train=5139 test=301
2026-05-08 21:17:20,235 INFO chronaris.evaluation.public_datasets.pipelines.public_opt_sklearn: public_opt_sklearn regression subset=heat_the_chair head=target_prior_median fold=14/17 train=5116 test=324
2026-05-08 21:17:20,241 INFO chronaris.evaluation.public_datasets.pipelines.public_opt_sklearn: public_opt_sklearn regression subset=heat_the_chair head=target_prior_median fold=15/17 train=5110 test=330
2026-05-08 21:17:20,247 INFO chronaris.evaluation.public_datasets.pipelines.public_opt_sklearn: public_opt_sklearn regression subset=heat_the_chair head=target_prior_median fold=16/17 train=5012 test=428
2026-05-08 21:17:20,254 INFO chronaris.evaluation.public_datasets.pipelines.public_opt_sklearn: public_opt_sklearn regression subset=heat_the_chair head=target_prior_median fold=17/17 train=5119 test=321
2026-05-08 21:17:20,264 INFO chronaris.evaluation.public_datasets.pipelines.public_opt_sklearn: public_opt_sklearn regression subset=heat_the_chair head=target_prior_median done rmse=1.4331 mae=1.0740
2026-05-08 21:17:20,265 INFO chronaris.evaluation.public_datasets.pipelines.public_opt_sklearn: public_opt_sklearn regression subset=heat_the_chair head=target_prior_trimmed_mean start feature_count=0 fold_count=17
2026-05-08 21:17:20,265 INFO chronaris.evaluation.public_datasets.pipelines.public_opt_sklearn: public_opt_sklearn regression subset=heat_the_chair head=target_prior_trimmed_mean fold=1/17 train=5116 test=324
2026-05-08 21:17:20,273 INFO chronaris.evaluation.public_datasets.pipelines.public_opt_sklearn: public_opt_sklearn regression subset=heat_the_chair head=target_prior_trimmed_mean fold=2/17 train=5126 test=314
2026-05-08 21:17:20,281 INFO chronaris.evaluation.public_datasets.pipelines.public_opt_sklearn: public_opt_sklearn regression subset=heat_the_chair head=target_prior_trimmed_mean fold=3/17 train=5136 test=304
2026-05-08 21:17:20,288 INFO chronaris.evaluation.public_datasets.pipelines.public_opt_sklearn: public_opt_sklearn regression subset=heat_the_chair head=target_prior_trimmed_mean fold=4/17 train=5014 test=426
2026-05-08 21:17:20,296 INFO chronaris.evaluation.public_datasets.pipelines.public_opt_sklearn: public_opt_sklearn regression subset=heat_the_chair head=target_prior_trimmed_mean fold=5/17 train=5199 test=241
2026-05-08 21:17:20,303 INFO chronaris.evaluation.public_datasets.pipelines.public_opt_sklearn: public_opt_sklearn regression subset=heat_the_chair head=target_prior_trimmed_mean fold=6/17 train=5109 test=331
2026-05-08 21:17:20,310 INFO chronaris.evaluation.public_datasets.pipelines.public_opt_sklearn: public_opt_sklearn regression subset=heat_the_chair head=target_prior_trimmed_mean fold=7/17 train=5127 test=313
2026-05-08 21:17:20,318 INFO chronaris.evaluation.public_datasets.pipelines.public_opt_sklearn: public_opt_sklearn regression subset=heat_the_chair head=target_prior_trimmed_mean fold=8/17 train=5225 test=215
2026-05-08 21:17:20,326 INFO chronaris.evaluation.public_datasets.pipelines.public_opt_sklearn: public_opt_sklearn regression subset=heat_the_chair head=target_prior_trimmed_mean fold=9/17 train=5110 test=330
2026-05-08 21:17:20,333 INFO chronaris.evaluation.public_datasets.pipelines.public_opt_sklearn: public_opt_sklearn regression subset=heat_the_chair head=target_prior_trimmed_mean fold=10/17 train=5128 test=312
2026-05-08 21:17:20,341 INFO chronaris.evaluation.public_datasets.pipelines.public_opt_sklearn: public_opt_sklearn regression subset=heat_the_chair head=target_prior_trimmed_mean fold=11/17 train=5125 test=315
2026-05-08 21:17:20,349 INFO chronaris.evaluation.public_datasets.pipelines.public_opt_sklearn: public_opt_sklearn regression subset=heat_the_chair head=target_prior_trimmed_mean fold=12/17 train=5129 test=311
2026-05-08 21:17:20,356 INFO chronaris.evaluation.public_datasets.pipelines.public_opt_sklearn: public_opt_sklearn regression subset=heat_the_chair head=target_prior_trimmed_mean fold=13/17 train=5139 test=301
2026-05-08 21:17:20,364 INFO chronaris.evaluation.public_datasets.pipelines.public_opt_sklearn: public_opt_sklearn regression subset=heat_the_chair head=target_prior_trimmed_mean fold=14/17 train=5116 test=324
2026-05-08 21:17:20,372 INFO chronaris.evaluation.public_datasets.pipelines.public_opt_sklearn: public_opt_sklearn regression subset=heat_the_chair head=target_prior_trimmed_mean fold=15/17 train=5110 test=330
2026-05-08 21:17:20,380 INFO chronaris.evaluation.public_datasets.pipelines.public_opt_sklearn: public_opt_sklearn regression subset=heat_the_chair head=target_prior_trimmed_mean fold=16/17 train=5012 test=428
2026-05-08 21:17:20,387 INFO chronaris.evaluation.public_datasets.pipelines.public_opt_sklearn: public_opt_sklearn regression subset=heat_the_chair head=target_prior_trimmed_mean fold=17/17 train=5119 test=321
2026-05-08 21:17:20,397 INFO chronaris.evaluation.public_datasets.pipelines.public_opt_sklearn: public_opt_sklearn regression subset=heat_the_chair head=target_prior_trimmed_mean done rmse=1.4543 mae=1.1615
2026-05-08 21:17:20,397 INFO chronaris.evaluation.public_datasets.pipelines.public_opt_sklearn: public_opt_sklearn regression subset=heat_the_chair head=heat_prior_residual_guarded start feature_count=13 fold_count=17
2026-05-08 21:17:20,399 INFO chronaris.evaluation.public_datasets.pipelines.public_opt_sklearn: public_opt_sklearn regression subset=heat_the_chair head=heat_prior_residual_guarded fold=1/17 train=5116 test=324
2026-05-08 21:17:20,437 INFO chronaris.evaluation.public_datasets.pipelines.public_opt_sklearn: public_opt_sklearn regression subset=heat_the_chair head=heat_prior_residual_guarded fold=2/17 train=5126 test=314
2026-05-08 21:17:20,474 INFO chronaris.evaluation.public_datasets.pipelines.public_opt_sklearn: public_opt_sklearn regression subset=heat_the_chair head=heat_prior_residual_guarded fold=3/17 train=5136 test=304
2026-05-08 21:17:20,515 INFO chronaris.evaluation.public_datasets.pipelines.public_opt_sklearn: public_opt_sklearn regression subset=heat_the_chair head=heat_prior_residual_guarded fold=4/17 train=5014 test=426
2026-05-08 21:17:20,552 INFO chronaris.evaluation.public_datasets.pipelines.public_opt_sklearn: public_opt_sklearn regression subset=heat_the_chair head=heat_prior_residual_guarded fold=5/17 train=5199 test=241
2026-05-08 21:17:20,591 INFO chronaris.evaluation.public_datasets.pipelines.public_opt_sklearn: public_opt_sklearn regression subset=heat_the_chair head=heat_prior_residual_guarded fold=6/17 train=5109 test=331
2026-05-08 21:17:20,628 INFO chronaris.evaluation.public_datasets.pipelines.public_opt_sklearn: public_opt_sklearn regression subset=heat_the_chair head=heat_prior_residual_guarded fold=7/17 train=5127 test=313
2026-05-08 21:17:20,663 INFO chronaris.evaluation.public_datasets.pipelines.public_opt_sklearn: public_opt_sklearn regression subset=heat_the_chair head=heat_prior_residual_guarded fold=8/17 train=5225 test=215
2026-05-08 21:17:20,702 INFO chronaris.evaluation.public_datasets.pipelines.public_opt_sklearn: public_opt_sklearn regression subset=heat_the_chair head=heat_prior_residual_guarded fold=9/17 train=5110 test=330
2026-05-08 21:17:20,741 INFO chronaris.evaluation.public_datasets.pipelines.public_opt_sklearn: public_opt_sklearn regression subset=heat_the_chair head=heat_prior_residual_guarded fold=10/17 train=5128 test=312
2026-05-08 21:17:20,781 INFO chronaris.evaluation.public_datasets.pipelines.public_opt_sklearn: public_opt_sklearn regression subset=heat_the_chair head=heat_prior_residual_guarded fold=11/17 train=5125 test=315
2026-05-08 21:17:20,818 INFO chronaris.evaluation.public_datasets.pipelines.public_opt_sklearn: public_opt_sklearn regression subset=heat_the_chair head=heat_prior_residual_guarded fold=12/17 train=5129 test=311
2026-05-08 21:17:20,855 INFO chronaris.evaluation.public_datasets.pipelines.public_opt_sklearn: public_opt_sklearn regression subset=heat_the_chair head=heat_prior_residual_guarded fold=13/17 train=5139 test=301
2026-05-08 21:17:20,892 INFO chronaris.evaluation.public_datasets.pipelines.public_opt_sklearn: public_opt_sklearn regression subset=heat_the_chair head=heat_prior_residual_guarded fold=14/17 train=5116 test=324
2026-05-08 21:17:20,930 INFO chronaris.evaluation.public_datasets.pipelines.public_opt_sklearn: public_opt_sklearn regression subset=heat_the_chair head=heat_prior_residual_guarded fold=15/17 train=5110 test=330
2026-05-08 21:17:20,968 INFO chronaris.evaluation.public_datasets.pipelines.public_opt_sklearn: public_opt_sklearn regression subset=heat_the_chair head=heat_prior_residual_guarded fold=16/17 train=5012 test=428
2026-05-08 21:17:21,005 INFO chronaris.evaluation.public_datasets.pipelines.public_opt_sklearn: public_opt_sklearn regression subset=heat_the_chair head=heat_prior_residual_guarded fold=17/17 train=5119 test=321
2026-05-08 21:17:21,045 INFO chronaris.evaluation.public_datasets.pipelines.public_opt_sklearn: public_opt_sklearn regression subset=heat_the_chair head=heat_prior_residual_guarded done rmse=1.4648 mae=1.1432
2026-05-08 21:17:21,046 INFO chronaris.evaluation.public_datasets.pipelines.public_opt_sklearn: public_opt_sklearn regression subset=heat_the_chair head=physiology_persistence start feature_count=1 fold_count=17
2026-05-08 21:17:21,048 INFO chronaris.evaluation.public_datasets.pipelines.public_opt_sklearn: public_opt_sklearn regression subset=heat_the_chair head=physiology_persistence fold=1/17 train=5116 test=324
2026-05-08 21:17:21,055 INFO chronaris.evaluation.public_datasets.pipelines.public_opt_sklearn: public_opt_sklearn regression subset=heat_the_chair head=physiology_persistence fold=2/17 train=5126 test=314
2026-05-08 21:17:21,062 INFO chronaris.evaluation.public_datasets.pipelines.public_opt_sklearn: public_opt_sklearn regression subset=heat_the_chair head=physiology_persistence fold=3/17 train=5136 test=304
2026-05-08 21:17:21,070 INFO chronaris.evaluation.public_datasets.pipelines.public_opt_sklearn: public_opt_sklearn regression subset=heat_the_chair head=physiology_persistence fold=4/17 train=5014 test=426
2026-05-08 21:17:21,078 INFO chronaris.evaluation.public_datasets.pipelines.public_opt_sklearn: public_opt_sklearn regression subset=heat_the_chair head=physiology_persistence fold=5/17 train=5199 test=241
2026-05-08 21:17:21,084 INFO chronaris.evaluation.public_datasets.pipelines.public_opt_sklearn: public_opt_sklearn regression subset=heat_the_chair head=physiology_persistence fold=6/17 train=5109 test=331
2026-05-08 21:17:21,091 INFO chronaris.evaluation.public_datasets.pipelines.public_opt_sklearn: public_opt_sklearn regression subset=heat_the_chair head=physiology_persistence fold=7/17 train=5127 test=313
2026-05-08 21:17:21,099 INFO chronaris.evaluation.public_datasets.pipelines.public_opt_sklearn: public_opt_sklearn regression subset=heat_the_chair head=physiology_persistence fold=8/17 train=5225 test=215
2026-05-08 21:17:21,108 INFO chronaris.evaluation.public_datasets.pipelines.public_opt_sklearn: public_opt_sklearn regression subset=heat_the_chair head=physiology_persistence fold=9/17 train=5110 test=330
2026-05-08 21:17:21,117 INFO chronaris.evaluation.public_datasets.pipelines.public_opt_sklearn: public_opt_sklearn regression subset=heat_the_chair head=physiology_persistence fold=10/17 train=5128 test=312
2026-05-08 21:17:21,125 INFO chronaris.evaluation.public_datasets.pipelines.public_opt_sklearn: public_opt_sklearn regression subset=heat_the_chair head=physiology_persistence fold=11/17 train=5125 test=315
2026-05-08 21:17:21,135 INFO chronaris.evaluation.public_datasets.pipelines.public_opt_sklearn: public_opt_sklearn regression subset=heat_the_chair head=physiology_persistence fold=12/17 train=5129 test=311
2026-05-08 21:17:21,151 INFO chronaris.evaluation.public_datasets.pipelines.public_opt_sklearn: public_opt_sklearn regression subset=heat_the_chair head=physiology_persistence fold=13/17 train=5139 test=301
2026-05-08 21:17:21,159 INFO chronaris.evaluation.public_datasets.pipelines.public_opt_sklearn: public_opt_sklearn regression subset=heat_the_chair head=physiology_persistence fold=14/17 train=5116 test=324
2026-05-08 21:17:21,167 INFO chronaris.evaluation.public_datasets.pipelines.public_opt_sklearn: public_opt_sklearn regression subset=heat_the_chair head=physiology_persistence fold=15/17 train=5110 test=330
2026-05-08 21:17:21,177 INFO chronaris.evaluation.public_datasets.pipelines.public_opt_sklearn: public_opt_sklearn regression subset=heat_the_chair head=physiology_persistence fold=16/17 train=5012 test=428
2026-05-08 21:17:21,186 INFO chronaris.evaluation.public_datasets.pipelines.public_opt_sklearn: public_opt_sklearn regression subset=heat_the_chair head=physiology_persistence fold=17/17 train=5119 test=321
2026-05-08 21:17:21,198 INFO chronaris.evaluation.public_datasets.pipelines.public_opt_sklearn: public_opt_sklearn regression subset=heat_the_chair head=physiology_persistence done rmse=1.4568 mae=1.1637
2026-05-08 21:17:21,198 INFO chronaris.evaluation.public_datasets.pipelines.public_opt_sklearn: public_opt_sklearn regression subset=heat_the_chair head=ridge_heat_physiology_lowdim start feature_count=13 fold_count=17
2026-05-08 21:17:21,200 INFO chronaris.evaluation.public_datasets.pipelines.public_opt_sklearn: public_opt_sklearn regression subset=heat_the_chair head=ridge_heat_physiology_lowdim fold=1/17 train=5116 test=324
2026-05-08 21:17:21,258 INFO chronaris.evaluation.public_datasets.pipelines.public_opt_sklearn: public_opt_sklearn regression subset=heat_the_chair head=ridge_heat_physiology_lowdim fold=2/17 train=5126 test=314
2026-05-08 21:17:21,314 INFO chronaris.evaluation.public_datasets.pipelines.public_opt_sklearn: public_opt_sklearn regression subset=heat_the_chair head=ridge_heat_physiology_lowdim fold=3/17 train=5136 test=304
2026-05-08 21:17:21,372 INFO chronaris.evaluation.public_datasets.pipelines.public_opt_sklearn: public_opt_sklearn regression subset=heat_the_chair head=ridge_heat_physiology_lowdim fold=4/17 train=5014 test=426
2026-05-08 21:17:21,429 INFO chronaris.evaluation.public_datasets.pipelines.public_opt_sklearn: public_opt_sklearn regression subset=heat_the_chair head=ridge_heat_physiology_lowdim fold=5/17 train=5199 test=241
2026-05-08 21:17:21,486 INFO chronaris.evaluation.public_datasets.pipelines.public_opt_sklearn: public_opt_sklearn regression subset=heat_the_chair head=ridge_heat_physiology_lowdim fold=6/17 train=5109 test=331
2026-05-08 21:17:21,541 INFO chronaris.evaluation.public_datasets.pipelines.public_opt_sklearn: public_opt_sklearn regression subset=heat_the_chair head=ridge_heat_physiology_lowdim fold=7/17 train=5127 test=313
2026-05-08 21:17:21,601 INFO chronaris.evaluation.public_datasets.pipelines.public_opt_sklearn: public_opt_sklearn regression subset=heat_the_chair head=ridge_heat_physiology_lowdim fold=8/17 train=5225 test=215
2026-05-08 21:17:21,658 INFO chronaris.evaluation.public_datasets.pipelines.public_opt_sklearn: public_opt_sklearn regression subset=heat_the_chair head=ridge_heat_physiology_lowdim fold=9/17 train=5110 test=330
2026-05-08 21:17:21,714 INFO chronaris.evaluation.public_datasets.pipelines.public_opt_sklearn: public_opt_sklearn regression subset=heat_the_chair head=ridge_heat_physiology_lowdim fold=10/17 train=5128 test=312
2026-05-08 21:17:21,771 INFO chronaris.evaluation.public_datasets.pipelines.public_opt_sklearn: public_opt_sklearn regression subset=heat_the_chair head=ridge_heat_physiology_lowdim fold=11/17 train=5125 test=315
2026-05-08 21:17:21,829 INFO chronaris.evaluation.public_datasets.pipelines.public_opt_sklearn: public_opt_sklearn regression subset=heat_the_chair head=ridge_heat_physiology_lowdim fold=12/17 train=5129 test=311
2026-05-08 21:17:21,886 INFO chronaris.evaluation.public_datasets.pipelines.public_opt_sklearn: public_opt_sklearn regression subset=heat_the_chair head=ridge_heat_physiology_lowdim fold=13/17 train=5139 test=301
2026-05-08 21:17:21,943 INFO chronaris.evaluation.public_datasets.pipelines.public_opt_sklearn: public_opt_sklearn regression subset=heat_the_chair head=ridge_heat_physiology_lowdim fold=14/17 train=5116 test=324
2026-05-08 21:17:22,000 INFO chronaris.evaluation.public_datasets.pipelines.public_opt_sklearn: public_opt_sklearn regression subset=heat_the_chair head=ridge_heat_physiology_lowdim fold=15/17 train=5110 test=330
2026-05-08 21:17:22,058 INFO chronaris.evaluation.public_datasets.pipelines.public_opt_sklearn: public_opt_sklearn regression subset=heat_the_chair head=ridge_heat_physiology_lowdim fold=16/17 train=5012 test=428
2026-05-08 21:17:22,115 INFO chronaris.evaluation.public_datasets.pipelines.public_opt_sklearn: public_opt_sklearn regression subset=heat_the_chair head=ridge_heat_physiology_lowdim fold=17/17 train=5119 test=321
2026-05-08 21:17:22,173 INFO chronaris.evaluation.public_datasets.pipelines.public_opt_sklearn: public_opt_sklearn regression subset=heat_the_chair head=ridge_heat_physiology_lowdim done rmse=1.4624 mae=1.1724
2026-05-08 21:17:22,175 INFO chronaris.evaluation.public_datasets.pipelines.public_opt_sklearn: public_opt_sklearn regression subset=heat_the_chair head=huber_heat_physiology_lowdim start feature_count=13 fold_count=17
2026-05-08 21:17:22,176 INFO chronaris.evaluation.public_datasets.pipelines.public_opt_sklearn: public_opt_sklearn regression subset=heat_the_chair head=huber_heat_physiology_lowdim fold=1/17 train=5116 test=324
2026-05-08 21:17:22,328 INFO chronaris.evaluation.public_datasets.pipelines.public_opt_sklearn: public_opt_sklearn regression subset=heat_the_chair head=huber_heat_physiology_lowdim fold=2/17 train=5126 test=314
2026-05-08 21:17:22,448 INFO chronaris.evaluation.public_datasets.pipelines.public_opt_sklearn: public_opt_sklearn regression subset=heat_the_chair head=huber_heat_physiology_lowdim fold=3/17 train=5136 test=304
2026-05-08 21:17:22,573 INFO chronaris.evaluation.public_datasets.pipelines.public_opt_sklearn: public_opt_sklearn regression subset=heat_the_chair head=huber_heat_physiology_lowdim fold=4/17 train=5014 test=426
2026-05-08 21:17:22,694 INFO chronaris.evaluation.public_datasets.pipelines.public_opt_sklearn: public_opt_sklearn regression subset=heat_the_chair head=huber_heat_physiology_lowdim fold=5/17 train=5199 test=241
2026-05-08 21:17:22,821 INFO chronaris.evaluation.public_datasets.pipelines.public_opt_sklearn: public_opt_sklearn regression subset=heat_the_chair head=huber_heat_physiology_lowdim fold=6/17 train=5109 test=331
2026-05-08 21:17:22,947 INFO chronaris.evaluation.public_datasets.pipelines.public_opt_sklearn: public_opt_sklearn regression subset=heat_the_chair head=huber_heat_physiology_lowdim fold=7/17 train=5127 test=313
2026-05-08 21:17:23,072 INFO chronaris.evaluation.public_datasets.pipelines.public_opt_sklearn: public_opt_sklearn regression subset=heat_the_chair head=huber_heat_physiology_lowdim fold=8/17 train=5225 test=215
2026-05-08 21:17:23,204 INFO chronaris.evaluation.public_datasets.pipelines.public_opt_sklearn: public_opt_sklearn regression subset=heat_the_chair head=huber_heat_physiology_lowdim fold=9/17 train=5110 test=330
2026-05-08 21:17:23,327 INFO chronaris.evaluation.public_datasets.pipelines.public_opt_sklearn: public_opt_sklearn regression subset=heat_the_chair head=huber_heat_physiology_lowdim fold=10/17 train=5128 test=312
2026-05-08 21:17:23,455 INFO chronaris.evaluation.public_datasets.pipelines.public_opt_sklearn: public_opt_sklearn regression subset=heat_the_chair head=huber_heat_physiology_lowdim fold=11/17 train=5125 test=315
2026-05-08 21:17:23,585 INFO chronaris.evaluation.public_datasets.pipelines.public_opt_sklearn: public_opt_sklearn regression subset=heat_the_chair head=huber_heat_physiology_lowdim fold=12/17 train=5129 test=311
2026-05-08 21:17:23,710 INFO chronaris.evaluation.public_datasets.pipelines.public_opt_sklearn: public_opt_sklearn regression subset=heat_the_chair head=huber_heat_physiology_lowdim fold=13/17 train=5139 test=301
2026-05-08 21:17:23,837 INFO chronaris.evaluation.public_datasets.pipelines.public_opt_sklearn: public_opt_sklearn regression subset=heat_the_chair head=huber_heat_physiology_lowdim fold=14/17 train=5116 test=324
2026-05-08 21:17:23,977 INFO chronaris.evaluation.public_datasets.pipelines.public_opt_sklearn: public_opt_sklearn regression subset=heat_the_chair head=huber_heat_physiology_lowdim fold=15/17 train=5110 test=330
2026-05-08 21:17:24,102 INFO chronaris.evaluation.public_datasets.pipelines.public_opt_sklearn: public_opt_sklearn regression subset=heat_the_chair head=huber_heat_physiology_lowdim fold=16/17 train=5012 test=428
2026-05-08 21:17:24,223 INFO chronaris.evaluation.public_datasets.pipelines.public_opt_sklearn: public_opt_sklearn regression subset=heat_the_chair head=huber_heat_physiology_lowdim fold=17/17 train=5119 test=321
2026-05-08 21:17:24,351 INFO chronaris.evaluation.public_datasets.pipelines.public_opt_sklearn: public_opt_sklearn regression subset=heat_the_chair head=huber_heat_physiology_lowdim done rmse=1.5077 mae=1.1979
2026-05-08 21:17:24,795 INFO chronaris.evaluation.public_datasets.pipelines.task_eval_public_opt: task_eval_public_opt finished run_id=20260508T125651Z-public-opt-uab-robust-prior-r1 summary_path=/home/wangminan/projects/chronaris/docs/artifacts/runs/2026-05-08_public-opt-uab-robust-prior-r1/public_opt_summary.json report_path=/home/wangminan/projects/chronaris/docs/reports/task_eval/task-eval-public-opt-20260508T125651Z-public-opt-uab-robust-prior-r1.md
