2026-07-02 00:57:54,464 INFO chronaris.pipelines.stage_i.public.deep_baseline: stage_i_deep_baseline observer start run_id=no_target_transform__seed42 run_root=/home/wangminan/projects/chronaris/docs/artifacts/assets/stage_i_public_fusion_ablation/20260701T-stage-i-public-fusion-ablation-r1/screen/nasa_csm/no_target_transform__seed42
2026-07-02 00:57:55,444 INFO chronaris.pipelines.stage_i.public.deep_baseline_runtime: deep_train fold_start dataset=nasa_csm model=chronaris_public_fusion track=objective group=benchmark_only seed=42 fold=001/002 split_group=subject_10 task=classification train_count=1364 epochs=5 batch_size=128
2026-07-02 00:57:55,445 INFO chronaris.pipelines.stage_i.public.deep_baseline_runtime: deep_train epoch_start dataset=nasa_csm model=chronaris_public_fusion track=objective group=benchmark_only seed=42 fold=001/002 epoch=001/005 batch_count=11
2026-07-02 00:57:55,464 INFO chronaris.pipelines.stage_i.public.deep_baseline_runtime: deep_train batch dataset=nasa_csm model=chronaris_public_fusion track=objective group=benchmark_only seed=42 fold=001/002 epoch=001/005 batch=001/011 loss=1.111953 elapsed_s=0.0 status=running
2026-07-02 00:57:55,598 INFO chronaris.pipelines.stage_i.public.deep_baseline_runtime: deep_train batch dataset=nasa_csm model=chronaris_public_fusion track=objective group=benchmark_only seed=42 fold=001/002 epoch=001/005 batch=011/011 loss=1.056311 elapsed_s=0.2 status=running
2026-07-02 00:57:55,598 INFO chronaris.pipelines.stage_i.public.deep_baseline_runtime: deep_train epoch_done dataset=nasa_csm model=chronaris_public_fusion track=objective group=benchmark_only seed=42 fold=001/002 epoch=001/005 train_loss=1.086341 elapsed_s=0.2
2026-07-02 00:57:55,628 INFO chronaris.pipelines.stage_i.public.deep_baseline_runtime: deep_train epoch_start dataset=nasa_csm model=chronaris_public_fusion track=objective group=benchmark_only seed=42 fold=001/002 epoch=002/005 batch_count=11
2026-07-02 00:57:55,643 INFO chronaris.pipelines.stage_i.public.deep_baseline_runtime: deep_train batch dataset=nasa_csm model=chronaris_public_fusion track=objective group=benchmark_only seed=42 fold=001/002 epoch=002/005 batch=001/011 loss=1.073972 elapsed_s=0.2 status=running
2026-07-02 00:57:55,771 INFO chronaris.pipelines.stage_i.public.deep_baseline_runtime: deep_train batch dataset=nasa_csm model=chronaris_public_fusion track=objective group=benchmark_only seed=42 fold=001/002 epoch=002/005 batch=011/011 loss=1.012619 elapsed_s=0.3 status=running
2026-07-02 00:57:55,772 INFO chronaris.pipelines.stage_i.public.deep_baseline_runtime: deep_train epoch_done dataset=nasa_csm model=chronaris_public_fusion track=objective group=benchmark_only seed=42 fold=001/002 epoch=002/005 train_loss=1.040702 elapsed_s=0.1
2026-07-02 00:57:55,807 INFO chronaris.pipelines.stage_i.public.deep_baseline_runtime: deep_train epoch_start dataset=nasa_csm model=chronaris_public_fusion track=objective group=benchmark_only seed=42 fold=001/002 epoch=003/005 batch_count=11
2026-07-02 00:57:55,829 INFO chronaris.pipelines.stage_i.public.deep_baseline_runtime: deep_train batch dataset=nasa_csm model=chronaris_public_fusion track=objective group=benchmark_only seed=42 fold=001/002 epoch=003/005 batch=001/011 loss=1.080809 elapsed_s=0.4 status=running
2026-07-02 00:57:55,956 INFO chronaris.pipelines.stage_i.public.deep_baseline_runtime: deep_train batch dataset=nasa_csm model=chronaris_public_fusion track=objective group=benchmark_only seed=42 fold=001/002 epoch=003/005 batch=011/011 loss=0.930531 elapsed_s=0.5 status=running
2026-07-02 00:57:55,956 INFO chronaris.pipelines.stage_i.public.deep_baseline_runtime: deep_train epoch_done dataset=nasa_csm model=chronaris_public_fusion track=objective group=benchmark_only seed=42 fold=001/002 epoch=003/005 train_loss=0.969281 elapsed_s=0.1
2026-07-02 00:57:55,991 INFO chronaris.pipelines.stage_i.public.deep_baseline_runtime: deep_train epoch_start dataset=nasa_csm model=chronaris_public_fusion track=objective group=benchmark_only seed=42 fold=001/002 epoch=004/005 batch_count=11
2026-07-02 00:57:56,053 INFO chronaris.pipelines.stage_i.public.deep_baseline_runtime: deep_train batch dataset=nasa_csm model=chronaris_public_fusion track=objective group=benchmark_only seed=42 fold=001/002 epoch=004/005 batch=001/011 loss=0.869270 elapsed_s=0.6 status=running
2026-07-02 00:57:56,191 INFO chronaris.pipelines.stage_i.public.deep_baseline_runtime: deep_train batch dataset=nasa_csm model=chronaris_public_fusion track=objective group=benchmark_only seed=42 fold=001/002 epoch=004/005 batch=011/011 loss=0.842714 elapsed_s=0.7 status=running
2026-07-02 00:57:56,192 INFO chronaris.pipelines.stage_i.public.deep_baseline_runtime: deep_train epoch_done dataset=nasa_csm model=chronaris_public_fusion track=objective group=benchmark_only seed=42 fold=001/002 epoch=004/005 train_loss=0.807751 elapsed_s=0.2
2026-07-02 00:57:56,224 INFO chronaris.pipelines.stage_i.public.deep_baseline_runtime: deep_train epoch_start dataset=nasa_csm model=chronaris_public_fusion track=objective group=benchmark_only seed=42 fold=001/002 epoch=005/005 batch_count=11
2026-07-02 00:57:56,263 INFO chronaris.pipelines.stage_i.public.deep_baseline_runtime: deep_train batch dataset=nasa_csm model=chronaris_public_fusion track=objective group=benchmark_only seed=42 fold=001/002 epoch=005/005 batch=001/011 loss=0.794710 elapsed_s=0.8 status=running
2026-07-02 00:57:56,391 INFO chronaris.pipelines.stage_i.public.deep_baseline_runtime: deep_train batch dataset=nasa_csm model=chronaris_public_fusion track=objective group=benchmark_only seed=42 fold=001/002 epoch=005/005 batch=011/011 loss=0.685382 elapsed_s=0.9 status=running
2026-07-02 00:57:56,391 INFO chronaris.pipelines.stage_i.public.deep_baseline_runtime: deep_train epoch_done dataset=nasa_csm model=chronaris_public_fusion track=objective group=benchmark_only seed=42 fold=001/002 epoch=005/005 train_loss=0.650548 elapsed_s=0.2
2026-07-02 00:57:56,424 INFO chronaris.pipelines.stage_i.public.deep_baseline_runtime: deep_train fold_done dataset=nasa_csm model=chronaris_public_fusion track=objective group=benchmark_only seed=42 fold=001/002 elapsed_s=1.0
2026-07-02 00:57:56,729 INFO chronaris.pipelines.stage_i.public.deep_baseline_runtime: deep_train fold_start dataset=nasa_csm model=chronaris_public_fusion track=objective group=benchmark_only seed=42 fold=002/002 split_group=subject_11 task=classification train_count=1366 epochs=5 batch_size=128
2026-07-02 00:57:56,730 INFO chronaris.pipelines.stage_i.public.deep_baseline_runtime: deep_train epoch_start dataset=nasa_csm model=chronaris_public_fusion track=objective group=benchmark_only seed=42 fold=002/002 epoch=001/005 batch_count=11
2026-07-02 00:57:56,749 INFO chronaris.pipelines.stage_i.public.deep_baseline_runtime: deep_train batch dataset=nasa_csm model=chronaris_public_fusion track=objective group=benchmark_only seed=42 fold=002/002 epoch=001/005 batch=001/011 loss=1.101318 elapsed_s=0.0 status=running
2026-07-02 00:57:56,874 INFO chronaris.pipelines.stage_i.public.deep_baseline_runtime: deep_train batch dataset=nasa_csm model=chronaris_public_fusion track=objective group=benchmark_only seed=42 fold=002/002 epoch=001/005 batch=011/011 loss=1.043532 elapsed_s=0.1 status=running
2026-07-02 00:57:56,875 INFO chronaris.pipelines.stage_i.public.deep_baseline_runtime: deep_train epoch_done dataset=nasa_csm model=chronaris_public_fusion track=objective group=benchmark_only seed=42 fold=002/002 epoch=001/005 train_loss=1.091297 elapsed_s=0.1
2026-07-02 00:57:56,906 INFO chronaris.pipelines.stage_i.public.deep_baseline_runtime: deep_train epoch_start dataset=nasa_csm model=chronaris_public_fusion track=objective group=benchmark_only seed=42 fold=002/002 epoch=002/005 batch_count=11
2026-07-02 00:57:56,922 INFO chronaris.pipelines.stage_i.public.deep_baseline_runtime: deep_train batch dataset=nasa_csm model=chronaris_public_fusion track=objective group=benchmark_only seed=42 fold=002/002 epoch=002/005 batch=001/011 loss=1.056870 elapsed_s=0.2 status=running
2026-07-02 00:57:57,045 INFO chronaris.pipelines.stage_i.public.deep_baseline_runtime: deep_train batch dataset=nasa_csm model=chronaris_public_fusion track=objective group=benchmark_only seed=42 fold=002/002 epoch=002/005 batch=011/011 loss=1.056995 elapsed_s=0.3 status=running
2026-07-02 00:57:57,046 INFO chronaris.pipelines.stage_i.public.deep_baseline_runtime: deep_train epoch_done dataset=nasa_csm model=chronaris_public_fusion track=objective group=benchmark_only seed=42 fold=002/002 epoch=002/005 train_loss=1.044676 elapsed_s=0.1
2026-07-02 00:57:57,079 INFO chronaris.pipelines.stage_i.public.deep_baseline_runtime: deep_train epoch_start dataset=nasa_csm model=chronaris_public_fusion track=objective group=benchmark_only seed=42 fold=002/002 epoch=003/005 batch_count=11
2026-07-02 00:57:57,108 INFO chronaris.pipelines.stage_i.public.deep_baseline_runtime: deep_train batch dataset=nasa_csm model=chronaris_public_fusion track=objective group=benchmark_only seed=42 fold=002/002 epoch=003/005 batch=001/011 loss=1.042609 elapsed_s=0.4 status=running
2026-07-02 00:57:57,239 INFO chronaris.pipelines.stage_i.public.deep_baseline_runtime: deep_train batch dataset=nasa_csm model=chronaris_public_fusion track=objective group=benchmark_only seed=42 fold=002/002 epoch=003/005 batch=011/011 loss=0.958300 elapsed_s=0.5 status=running
2026-07-02 00:57:57,240 INFO chronaris.pipelines.stage_i.public.deep_baseline_runtime: deep_train epoch_done dataset=nasa_csm model=chronaris_public_fusion track=objective group=benchmark_only seed=42 fold=002/002 epoch=003/005 train_loss=0.978785 elapsed_s=0.2
2026-07-02 00:57:57,273 INFO chronaris.pipelines.stage_i.public.deep_baseline_runtime: deep_train epoch_start dataset=nasa_csm model=chronaris_public_fusion track=objective group=benchmark_only seed=42 fold=002/002 epoch=004/005 batch_count=11
2026-07-02 00:57:57,344 INFO chronaris.pipelines.stage_i.public.deep_baseline_runtime: deep_train batch dataset=nasa_csm model=chronaris_public_fusion track=objective group=benchmark_only seed=42 fold=002/002 epoch=004/005 batch=001/011 loss=0.853940 elapsed_s=0.6 status=running
2026-07-02 00:57:57,471 INFO chronaris.pipelines.stage_i.public.deep_baseline_runtime: deep_train batch dataset=nasa_csm model=chronaris_public_fusion track=objective group=benchmark_only seed=42 fold=002/002 epoch=004/005 batch=011/011 loss=0.656959 elapsed_s=0.7 status=running
2026-07-02 00:57:57,472 INFO chronaris.pipelines.stage_i.public.deep_baseline_runtime: deep_train epoch_done dataset=nasa_csm model=chronaris_public_fusion track=objective group=benchmark_only seed=42 fold=002/002 epoch=004/005 train_loss=0.797964 elapsed_s=0.2
2026-07-02 00:57:57,506 INFO chronaris.pipelines.stage_i.public.deep_baseline_runtime: deep_train epoch_start dataset=nasa_csm model=chronaris_public_fusion track=objective group=benchmark_only seed=42 fold=002/002 epoch=005/005 batch_count=11
2026-07-02 00:57:57,525 INFO chronaris.pipelines.stage_i.public.deep_baseline_runtime: deep_train batch dataset=nasa_csm model=chronaris_public_fusion track=objective group=benchmark_only seed=42 fold=002/002 epoch=005/005 batch=001/011 loss=0.746770 elapsed_s=0.8 status=running
2026-07-02 00:57:57,652 INFO chronaris.pipelines.stage_i.public.deep_baseline_runtime: deep_train batch dataset=nasa_csm model=chronaris_public_fusion track=objective group=benchmark_only seed=42 fold=002/002 epoch=005/005 batch=011/011 loss=0.684803 elapsed_s=0.9 status=running
2026-07-02 00:57:57,653 INFO chronaris.pipelines.stage_i.public.deep_baseline_runtime: deep_train epoch_done dataset=nasa_csm model=chronaris_public_fusion track=objective group=benchmark_only seed=42 fold=002/002 epoch=005/005 train_loss=0.668998 elapsed_s=0.1
2026-07-02 00:57:57,685 INFO chronaris.pipelines.stage_i.public.deep_baseline_runtime: deep_train fold_done dataset=nasa_csm model=chronaris_public_fusion track=objective group=benchmark_only seed=42 fold=002/002 elapsed_s=1.0
2026-07-02 00:57:57,971 INFO chronaris.pipelines.stage_i.public.deep_baseline_runtime: deep_train fold_start dataset=nasa_csm model=chronaris_public_fusion track=objective group=loft_only seed=42 fold=001/002 split_group=subject_10 task=classification train_count=1259 epochs=5 batch_size=128
2026-07-02 00:57:57,973 INFO chronaris.pipelines.stage_i.public.deep_baseline_runtime: deep_train epoch_start dataset=nasa_csm model=chronaris_public_fusion track=objective group=loft_only seed=42 fold=001/002 epoch=001/005 batch_count=10
2026-07-02 00:57:57,992 INFO chronaris.pipelines.stage_i.public.deep_baseline_runtime: deep_train batch dataset=nasa_csm model=chronaris_public_fusion track=objective group=loft_only seed=42 fold=001/002 epoch=001/005 batch=001/010 loss=1.107967 elapsed_s=0.0 status=running
2026-07-02 00:57:58,112 INFO chronaris.pipelines.stage_i.public.deep_baseline_runtime: deep_train batch dataset=nasa_csm model=chronaris_public_fusion track=objective group=loft_only seed=42 fold=001/002 epoch=001/005 batch=010/010 loss=0.943782 elapsed_s=0.1 status=running
2026-07-02 00:57:58,113 INFO chronaris.pipelines.stage_i.public.deep_baseline_runtime: deep_train epoch_done dataset=nasa_csm model=chronaris_public_fusion track=objective group=loft_only seed=42 fold=001/002 epoch=001/005 train_loss=1.017112 elapsed_s=0.1
2026-07-02 00:57:58,145 INFO chronaris.pipelines.stage_i.public.deep_baseline_runtime: deep_train epoch_start dataset=nasa_csm model=chronaris_public_fusion track=objective group=loft_only seed=42 fold=001/002 epoch=002/005 batch_count=10
2026-07-02 00:57:58,159 INFO chronaris.pipelines.stage_i.public.deep_baseline_runtime: deep_train batch dataset=nasa_csm model=chronaris_public_fusion track=objective group=loft_only seed=42 fold=001/002 epoch=002/005 batch=001/010 loss=0.921234 elapsed_s=0.2 status=running
2026-07-02 00:57:58,275 INFO chronaris.pipelines.stage_i.public.deep_baseline_runtime: deep_train batch dataset=nasa_csm model=chronaris_public_fusion track=objective group=loft_only seed=42 fold=001/002 epoch=002/005 batch=010/010 loss=0.729843 elapsed_s=0.3 status=running
2026-07-02 00:57:58,277 INFO chronaris.pipelines.stage_i.public.deep_baseline_runtime: deep_train epoch_done dataset=nasa_csm model=chronaris_public_fusion track=objective group=loft_only seed=42 fold=001/002 epoch=002/005 train_loss=0.790766 elapsed_s=0.1
2026-07-02 00:57:58,310 INFO chronaris.pipelines.stage_i.public.deep_baseline_runtime: deep_train epoch_start dataset=nasa_csm model=chronaris_public_fusion track=objective group=loft_only seed=42 fold=001/002 epoch=003/005 batch_count=10
2026-07-02 00:57:58,330 INFO chronaris.pipelines.stage_i.public.deep_baseline_runtime: deep_train batch dataset=nasa_csm model=chronaris_public_fusion track=objective group=loft_only seed=42 fold=001/002 epoch=003/005 batch=001/010 loss=0.666778 elapsed_s=0.4 status=running
2026-07-02 00:57:58,443 INFO chronaris.pipelines.stage_i.public.deep_baseline_runtime: deep_train batch dataset=nasa_csm model=chronaris_public_fusion track=objective group=loft_only seed=42 fold=001/002 epoch=003/005 batch=010/010 loss=0.641657 elapsed_s=0.5 status=running
2026-07-02 00:57:58,445 INFO chronaris.pipelines.stage_i.public.deep_baseline_runtime: deep_train epoch_done dataset=nasa_csm model=chronaris_public_fusion track=objective group=loft_only seed=42 fold=001/002 epoch=003/005 train_loss=0.686879 elapsed_s=0.1
2026-07-02 00:57:58,478 INFO chronaris.pipelines.stage_i.public.deep_baseline_runtime: deep_train epoch_start dataset=nasa_csm model=chronaris_public_fusion track=objective group=loft_only seed=42 fold=001/002 epoch=004/005 batch_count=10
2026-07-02 00:57:58,500 INFO chronaris.pipelines.stage_i.public.deep_baseline_runtime: deep_train batch dataset=nasa_csm model=chronaris_public_fusion track=objective group=loft_only seed=42 fold=001/002 epoch=004/005 batch=001/010 loss=0.652041 elapsed_s=0.5 status=running
2026-07-02 00:57:58,609 INFO chronaris.pipelines.stage_i.public.deep_baseline_runtime: deep_train batch dataset=nasa_csm model=chronaris_public_fusion track=objective group=loft_only seed=42 fold=001/002 epoch=004/005 batch=010/010 loss=0.603592 elapsed_s=0.6 status=running
2026-07-02 00:57:58,610 INFO chronaris.pipelines.stage_i.public.deep_baseline_runtime: deep_train epoch_done dataset=nasa_csm model=chronaris_public_fusion track=objective group=loft_only seed=42 fold=001/002 epoch=004/005 train_loss=0.631072 elapsed_s=0.1
2026-07-02 00:57:58,645 INFO chronaris.pipelines.stage_i.public.deep_baseline_runtime: deep_train epoch_start dataset=nasa_csm model=chronaris_public_fusion track=objective group=loft_only seed=42 fold=001/002 epoch=005/005 batch_count=10
2026-07-02 00:57:58,665 INFO chronaris.pipelines.stage_i.public.deep_baseline_runtime: deep_train batch dataset=nasa_csm model=chronaris_public_fusion track=objective group=loft_only seed=42 fold=001/002 epoch=005/005 batch=001/010 loss=0.618629 elapsed_s=0.7 status=running
2026-07-02 00:57:58,778 INFO chronaris.pipelines.stage_i.public.deep_baseline_runtime: deep_train batch dataset=nasa_csm model=chronaris_public_fusion track=objective group=loft_only seed=42 fold=001/002 epoch=005/005 batch=010/010 loss=0.525900 elapsed_s=0.8 status=running
2026-07-02 00:57:58,780 INFO chronaris.pipelines.stage_i.public.deep_baseline_runtime: deep_train epoch_done dataset=nasa_csm model=chronaris_public_fusion track=objective group=loft_only seed=42 fold=001/002 epoch=005/005 train_loss=0.576718 elapsed_s=0.1
2026-07-02 00:57:58,812 INFO chronaris.pipelines.stage_i.public.deep_baseline_runtime: deep_train fold_done dataset=nasa_csm model=chronaris_public_fusion track=objective group=loft_only seed=42 fold=001/002 elapsed_s=0.8
2026-07-02 00:57:59,103 INFO chronaris.pipelines.stage_i.public.deep_baseline_runtime: deep_train fold_start dataset=nasa_csm model=chronaris_public_fusion track=objective group=loft_only seed=42 fold=002/002 split_group=subject_11 task=classification train_count=1279 epochs=5 batch_size=128
2026-07-02 00:57:59,105 INFO chronaris.pipelines.stage_i.public.deep_baseline_runtime: deep_train epoch_start dataset=nasa_csm model=chronaris_public_fusion track=objective group=loft_only seed=42 fold=002/002 epoch=001/005 batch_count=10
2026-07-02 00:57:59,124 INFO chronaris.pipelines.stage_i.public.deep_baseline_runtime: deep_train batch dataset=nasa_csm model=chronaris_public_fusion track=objective group=loft_only seed=42 fold=002/002 epoch=001/005 batch=001/010 loss=1.090823 elapsed_s=0.0 status=running
2026-07-02 00:57:59,249 INFO chronaris.pipelines.stage_i.public.deep_baseline_runtime: deep_train batch dataset=nasa_csm model=chronaris_public_fusion track=objective group=loft_only seed=42 fold=002/002 epoch=001/005 batch=010/010 loss=0.946394 elapsed_s=0.1 status=running
2026-07-02 00:57:59,251 INFO chronaris.pipelines.stage_i.public.deep_baseline_runtime: deep_train epoch_done dataset=nasa_csm model=chronaris_public_fusion track=objective group=loft_only seed=42 fold=002/002 epoch=001/005 train_loss=1.011727 elapsed_s=0.1
2026-07-02 00:57:59,332 INFO chronaris.pipelines.stage_i.public.deep_baseline_runtime: deep_train epoch_start dataset=nasa_csm model=chronaris_public_fusion track=objective group=loft_only seed=42 fold=002/002 epoch=002/005 batch_count=10
2026-07-02 00:57:59,372 INFO chronaris.pipelines.stage_i.public.deep_baseline_runtime: deep_train batch dataset=nasa_csm model=chronaris_public_fusion track=objective group=loft_only seed=42 fold=002/002 epoch=002/005 batch=001/010 loss=0.916947 elapsed_s=0.3 status=running
2026-07-02 00:57:59,498 INFO chronaris.pipelines.stage_i.public.deep_baseline_runtime: deep_train batch dataset=nasa_csm model=chronaris_public_fusion track=objective group=loft_only seed=42 fold=002/002 epoch=002/005 batch=010/010 loss=0.687271 elapsed_s=0.4 status=running
2026-07-02 00:57:59,500 INFO chronaris.pipelines.stage_i.public.deep_baseline_runtime: deep_train epoch_done dataset=nasa_csm model=chronaris_public_fusion track=objective group=loft_only seed=42 fold=002/002 epoch=002/005 train_loss=0.801835 elapsed_s=0.2
2026-07-02 00:57:59,534 INFO chronaris.pipelines.stage_i.public.deep_baseline_runtime: deep_train epoch_start dataset=nasa_csm model=chronaris_public_fusion track=objective group=loft_only seed=42 fold=002/002 epoch=003/005 batch_count=10
2026-07-02 00:57:59,579 INFO chronaris.pipelines.stage_i.public.deep_baseline_runtime: deep_train batch dataset=nasa_csm model=chronaris_public_fusion track=objective group=loft_only seed=42 fold=002/002 epoch=003/005 batch=001/010 loss=0.635622 elapsed_s=0.5 status=running
2026-07-02 00:57:59,741 INFO chronaris.pipelines.stage_i.public.deep_baseline_runtime: deep_train batch dataset=nasa_csm model=chronaris_public_fusion track=objective group=loft_only seed=42 fold=002/002 epoch=003/005 batch=010/010 loss=0.656558 elapsed_s=0.6 status=running
2026-07-02 00:57:59,742 INFO chronaris.pipelines.stage_i.public.deep_baseline_runtime: deep_train epoch_done dataset=nasa_csm model=chronaris_public_fusion track=objective group=loft_only seed=42 fold=002/002 epoch=003/005 train_loss=0.698324 elapsed_s=0.2
2026-07-02 00:57:59,778 INFO chronaris.pipelines.stage_i.public.deep_baseline_runtime: deep_train epoch_start dataset=nasa_csm model=chronaris_public_fusion track=objective group=loft_only seed=42 fold=002/002 epoch=004/005 batch_count=10
2026-07-02 00:57:59,809 INFO chronaris.pipelines.stage_i.public.deep_baseline_runtime: deep_train batch dataset=nasa_csm model=chronaris_public_fusion track=objective group=loft_only seed=42 fold=002/002 epoch=004/005 batch=001/010 loss=0.739522 elapsed_s=0.7 status=running
2026-07-02 00:57:59,980 INFO chronaris.pipelines.stage_i.public.deep_baseline_runtime: deep_train batch dataset=nasa_csm model=chronaris_public_fusion track=objective group=loft_only seed=42 fold=002/002 epoch=004/005 batch=010/010 loss=0.558143 elapsed_s=0.9 status=running
2026-07-02 00:57:59,982 INFO chronaris.pipelines.stage_i.public.deep_baseline_runtime: deep_train epoch_done dataset=nasa_csm model=chronaris_public_fusion track=objective group=loft_only seed=42 fold=002/002 epoch=004/005 train_loss=0.598370 elapsed_s=0.2
2026-07-02 00:58:00,015 INFO chronaris.pipelines.stage_i.public.deep_baseline_runtime: deep_train epoch_start dataset=nasa_csm model=chronaris_public_fusion track=objective group=loft_only seed=42 fold=002/002 epoch=005/005 batch_count=10
2026-07-02 00:58:00,068 INFO chronaris.pipelines.stage_i.public.deep_baseline_runtime: deep_train batch dataset=nasa_csm model=chronaris_public_fusion track=objective group=loft_only seed=42 fold=002/002 epoch=005/005 batch=001/010 loss=0.517173 elapsed_s=1.0 status=running
2026-07-02 00:58:00,228 INFO chronaris.pipelines.stage_i.public.deep_baseline_runtime: deep_train batch dataset=nasa_csm model=chronaris_public_fusion track=objective group=loft_only seed=42 fold=002/002 epoch=005/005 batch=010/010 loss=0.508633 elapsed_s=1.1 status=running
2026-07-02 00:58:00,230 INFO chronaris.pipelines.stage_i.public.deep_baseline_runtime: deep_train epoch_done dataset=nasa_csm model=chronaris_public_fusion track=objective group=loft_only seed=42 fold=002/002 epoch=005/005 train_loss=0.567113 elapsed_s=0.2
2026-07-02 00:58:00,265 INFO chronaris.pipelines.stage_i.public.deep_baseline_runtime: deep_train fold_done dataset=nasa_csm model=chronaris_public_fusion track=objective group=loft_only seed=42 fold=002/002 elapsed_s=1.2
2026-07-02 00:58:00,606 INFO chronaris.pipelines.stage_i.public.deep_baseline_runtime: deep_train fold_start dataset=nasa_csm model=chronaris_public_fusion track=objective group=combined seed=42 fold=001/002 split_group=subject_10 task=classification train_count=2623 epochs=5 batch_size=128
2026-07-02 00:58:00,608 INFO chronaris.pipelines.stage_i.public.deep_baseline_runtime: deep_train epoch_start dataset=nasa_csm model=chronaris_public_fusion track=objective group=combined seed=42 fold=001/002 epoch=001/005 batch_count=21
2026-07-02 00:58:00,630 INFO chronaris.pipelines.stage_i.public.deep_baseline_runtime: deep_train batch dataset=nasa_csm model=chronaris_public_fusion track=objective group=combined seed=42 fold=001/002 epoch=001/005 batch=001/021 loss=1.113429 elapsed_s=0.0 status=running
2026-07-02 00:58:00,872 INFO chronaris.pipelines.stage_i.public.deep_baseline_runtime: deep_train batch dataset=nasa_csm model=chronaris_public_fusion track=objective group=combined seed=42 fold=001/002 epoch=001/005 batch=020/021 loss=1.008448 elapsed_s=0.3 status=running
2026-07-02 00:58:00,886 INFO chronaris.pipelines.stage_i.public.deep_baseline_runtime: deep_train batch dataset=nasa_csm model=chronaris_public_fusion track=objective group=combined seed=42 fold=001/002 epoch=001/005 batch=021/021 loss=0.956108 elapsed_s=0.3 status=running
2026-07-02 00:58:00,924 INFO chronaris.pipelines.stage_i.public.deep_baseline_runtime: deep_train epoch_done dataset=nasa_csm model=chronaris_public_fusion track=objective group=combined seed=42 fold=001/002 epoch=001/005 train_loss=1.069289 elapsed_s=0.3
2026-07-02 00:58:00,956 INFO chronaris.pipelines.stage_i.public.deep_baseline_runtime: deep_train epoch_start dataset=nasa_csm model=chronaris_public_fusion track=objective group=combined seed=42 fold=001/002 epoch=002/005 batch_count=21
2026-07-02 00:58:00,982 INFO chronaris.pipelines.stage_i.public.deep_baseline_runtime: deep_train batch dataset=nasa_csm model=chronaris_public_fusion track=objective group=combined seed=42 fold=001/002 epoch=002/005 batch=001/021 loss=1.004115 elapsed_s=0.4 status=running
2026-07-02 00:58:01,219 INFO chronaris.pipelines.stage_i.public.deep_baseline_runtime: deep_train batch dataset=nasa_csm model=chronaris_public_fusion track=objective group=combined seed=42 fold=001/002 epoch=002/005 batch=020/021 loss=0.980357 elapsed_s=0.6 status=running
2026-07-02 00:58:01,233 INFO chronaris.pipelines.stage_i.public.deep_baseline_runtime: deep_train batch dataset=nasa_csm model=chronaris_public_fusion track=objective group=combined seed=42 fold=001/002 epoch=002/005 batch=021/021 loss=0.997243 elapsed_s=0.6 status=running
2026-07-02 00:58:01,234 INFO chronaris.pipelines.stage_i.public.deep_baseline_runtime: deep_train epoch_done dataset=nasa_csm model=chronaris_public_fusion track=objective group=combined seed=42 fold=001/002 epoch=002/005 train_loss=0.967349 elapsed_s=0.3
2026-07-02 00:58:01,269 INFO chronaris.pipelines.stage_i.public.deep_baseline_runtime: deep_train epoch_start dataset=nasa_csm model=chronaris_public_fusion track=objective group=combined seed=42 fold=001/002 epoch=003/005 batch_count=21
2026-07-02 00:58:01,350 INFO chronaris.pipelines.stage_i.public.deep_baseline_runtime: deep_train batch dataset=nasa_csm model=chronaris_public_fusion track=objective group=combined seed=42 fold=001/002 epoch=003/005 batch=001/021 loss=0.846152 elapsed_s=0.7 status=running
2026-07-02 00:58:01,613 INFO chronaris.pipelines.stage_i.public.deep_baseline_runtime: deep_train batch dataset=nasa_csm model=chronaris_public_fusion track=objective group=combined seed=42 fold=001/002 epoch=003/005 batch=020/021 loss=0.861058 elapsed_s=1.0 status=running
2026-07-02 00:58:01,629 INFO chronaris.pipelines.stage_i.public.deep_baseline_runtime: deep_train batch dataset=nasa_csm model=chronaris_public_fusion track=objective group=combined seed=42 fold=001/002 epoch=003/005 batch=021/021 loss=0.888934 elapsed_s=1.0 status=running
2026-07-02 00:58:01,631 INFO chronaris.pipelines.stage_i.public.deep_baseline_runtime: deep_train epoch_done dataset=nasa_csm model=chronaris_public_fusion track=objective group=combined seed=42 fold=001/002 epoch=003/005 train_loss=0.909898 elapsed_s=0.4
2026-07-02 00:58:01,665 INFO chronaris.pipelines.stage_i.public.deep_baseline_runtime: deep_train epoch_start dataset=nasa_csm model=chronaris_public_fusion track=objective group=combined seed=42 fold=001/002 epoch=004/005 batch_count=21
2026-07-02 00:58:01,686 INFO chronaris.pipelines.stage_i.public.deep_baseline_runtime: deep_train batch dataset=nasa_csm model=chronaris_public_fusion track=objective group=combined seed=42 fold=001/002 epoch=004/005 batch=001/021 loss=0.871166 elapsed_s=1.1 status=running
2026-07-02 00:58:01,925 INFO chronaris.pipelines.stage_i.public.deep_baseline_runtime: deep_train batch dataset=nasa_csm model=chronaris_public_fusion track=objective group=combined seed=42 fold=001/002 epoch=004/005 batch=020/021 loss=0.816742 elapsed_s=1.3 status=running
2026-07-02 00:58:01,941 INFO chronaris.pipelines.stage_i.public.deep_baseline_runtime: deep_train batch dataset=nasa_csm model=chronaris_public_fusion track=objective group=combined seed=42 fold=001/002 epoch=004/005 batch=021/021 loss=0.779158 elapsed_s=1.3 status=running
2026-07-02 00:58:01,943 INFO chronaris.pipelines.stage_i.public.deep_baseline_runtime: deep_train epoch_done dataset=nasa_csm model=chronaris_public_fusion track=objective group=combined seed=42 fold=001/002 epoch=004/005 train_loss=0.868200 elapsed_s=0.3
2026-07-02 00:58:01,978 INFO chronaris.pipelines.stage_i.public.deep_baseline_runtime: deep_train epoch_start dataset=nasa_csm model=chronaris_public_fusion track=objective group=combined seed=42 fold=001/002 epoch=005/005 batch_count=21
2026-07-02 00:58:01,999 INFO chronaris.pipelines.stage_i.public.deep_baseline_runtime: deep_train batch dataset=nasa_csm model=chronaris_public_fusion track=objective group=combined seed=42 fold=001/002 epoch=005/005 batch=001/021 loss=0.820863 elapsed_s=1.4 status=running
2026-07-02 00:58:02,234 INFO chronaris.pipelines.stage_i.public.deep_baseline_runtime: deep_train batch dataset=nasa_csm model=chronaris_public_fusion track=objective group=combined seed=42 fold=001/002 epoch=005/005 batch=020/021 loss=0.874855 elapsed_s=1.6 status=running
2026-07-02 00:58:02,251 INFO chronaris.pipelines.stage_i.public.deep_baseline_runtime: deep_train batch dataset=nasa_csm model=chronaris_public_fusion track=objective group=combined seed=42 fold=001/002 epoch=005/005 batch=021/021 loss=0.821962 elapsed_s=1.6 status=running
2026-07-02 00:58:02,253 INFO chronaris.pipelines.stage_i.public.deep_baseline_runtime: deep_train epoch_done dataset=nasa_csm model=chronaris_public_fusion track=objective group=combined seed=42 fold=001/002 epoch=005/005 train_loss=0.813416 elapsed_s=0.3
2026-07-02 00:58:02,288 INFO chronaris.pipelines.stage_i.public.deep_baseline_runtime: deep_train fold_done dataset=nasa_csm model=chronaris_public_fusion track=objective group=combined seed=42 fold=001/002 elapsed_s=1.7
2026-07-02 00:58:02,636 INFO chronaris.pipelines.stage_i.public.deep_baseline_runtime: deep_train fold_start dataset=nasa_csm model=chronaris_public_fusion track=objective group=combined seed=42 fold=002/002 split_group=subject_11 task=classification train_count=2645 epochs=5 batch_size=128
2026-07-02 00:58:02,639 INFO chronaris.pipelines.stage_i.public.deep_baseline_runtime: deep_train epoch_start dataset=nasa_csm model=chronaris_public_fusion track=objective group=combined seed=42 fold=002/002 epoch=001/005 batch_count=21
2026-07-02 00:58:02,659 INFO chronaris.pipelines.stage_i.public.deep_baseline_runtime: deep_train batch dataset=nasa_csm model=chronaris_public_fusion track=objective group=combined seed=42 fold=002/002 epoch=001/005 batch=001/021 loss=1.105937 elapsed_s=0.0 status=running
2026-07-02 00:58:02,901 INFO chronaris.pipelines.stage_i.public.deep_baseline_runtime: deep_train batch dataset=nasa_csm model=chronaris_public_fusion track=objective group=combined seed=42 fold=002/002 epoch=001/005 batch=020/021 loss=1.022882 elapsed_s=0.3 status=running
2026-07-02 00:58:02,916 INFO chronaris.pipelines.stage_i.public.deep_baseline_runtime: deep_train batch dataset=nasa_csm model=chronaris_public_fusion track=objective group=combined seed=42 fold=002/002 epoch=001/005 batch=021/021 loss=0.992829 elapsed_s=0.3 status=running
2026-07-02 00:58:02,919 INFO chronaris.pipelines.stage_i.public.deep_baseline_runtime: deep_train epoch_done dataset=nasa_csm model=chronaris_public_fusion track=objective group=combined seed=42 fold=002/002 epoch=001/005 train_loss=1.067534 elapsed_s=0.3
2026-07-02 00:58:02,951 INFO chronaris.pipelines.stage_i.public.deep_baseline_runtime: deep_train epoch_start dataset=nasa_csm model=chronaris_public_fusion track=objective group=combined seed=42 fold=002/002 epoch=002/005 batch_count=21
2026-07-02 00:58:02,967 INFO chronaris.pipelines.stage_i.public.deep_baseline_runtime: deep_train batch dataset=nasa_csm model=chronaris_public_fusion track=objective group=combined seed=42 fold=002/002 epoch=002/005 batch=001/021 loss=1.006305 elapsed_s=0.3 status=running
2026-07-02 00:58:03,198 INFO chronaris.pipelines.stage_i.public.deep_baseline_runtime: deep_train batch dataset=nasa_csm model=chronaris_public_fusion track=objective group=combined seed=42 fold=002/002 epoch=002/005 batch=020/021 loss=0.867040 elapsed_s=0.6 status=running
2026-07-02 00:58:03,213 INFO chronaris.pipelines.stage_i.public.deep_baseline_runtime: deep_train batch dataset=nasa_csm model=chronaris_public_fusion track=objective group=combined seed=42 fold=002/002 epoch=002/005 batch=021/021 loss=0.874542 elapsed_s=0.6 status=running
2026-07-02 00:58:03,215 INFO chronaris.pipelines.stage_i.public.deep_baseline_runtime: deep_train epoch_done dataset=nasa_csm model=chronaris_public_fusion track=objective group=combined seed=42 fold=002/002 epoch=002/005 train_loss=0.951791 elapsed_s=0.3
2026-07-02 00:58:03,249 INFO chronaris.pipelines.stage_i.public.deep_baseline_runtime: deep_train epoch_start dataset=nasa_csm model=chronaris_public_fusion track=objective group=combined seed=42 fold=002/002 epoch=003/005 batch_count=21
2026-07-02 00:58:03,269 INFO chronaris.pipelines.stage_i.public.deep_baseline_runtime: deep_train batch dataset=nasa_csm model=chronaris_public_fusion track=objective group=combined seed=42 fold=002/002 epoch=003/005 batch=001/021 loss=0.944763 elapsed_s=0.6 status=running
2026-07-02 00:58:03,501 INFO chronaris.pipelines.stage_i.public.deep_baseline_runtime: deep_train batch dataset=nasa_csm model=chronaris_public_fusion track=objective group=combined seed=42 fold=002/002 epoch=003/005 batch=020/021 loss=0.867752 elapsed_s=0.9 status=running
2026-07-02 00:58:03,516 INFO chronaris.pipelines.stage_i.public.deep_baseline_runtime: deep_train batch dataset=nasa_csm model=chronaris_public_fusion track=objective group=combined seed=42 fold=002/002 epoch=003/005 batch=021/021 loss=0.855512 elapsed_s=0.9 status=running
2026-07-02 00:58:03,518 INFO chronaris.pipelines.stage_i.public.deep_baseline_runtime: deep_train epoch_done dataset=nasa_csm model=chronaris_public_fusion track=objective group=combined seed=42 fold=002/002 epoch=003/005 train_loss=0.899551 elapsed_s=0.3
2026-07-02 00:58:03,551 INFO chronaris.pipelines.stage_i.public.deep_baseline_runtime: deep_train epoch_start dataset=nasa_csm model=chronaris_public_fusion track=objective group=combined seed=42 fold=002/002 epoch=004/005 batch_count=21
2026-07-02 00:58:03,570 INFO chronaris.pipelines.stage_i.public.deep_baseline_runtime: deep_train batch dataset=nasa_csm model=chronaris_public_fusion track=objective group=combined seed=42 fold=002/002 epoch=004/005 batch=001/021 loss=0.856931 elapsed_s=0.9 status=running
2026-07-02 00:58:03,807 INFO chronaris.pipelines.stage_i.public.deep_baseline_runtime: deep_train batch dataset=nasa_csm model=chronaris_public_fusion track=objective group=combined seed=42 fold=002/002 epoch=004/005 batch=020/021 loss=0.820344 elapsed_s=1.2 status=running
2026-07-02 00:58:03,823 INFO chronaris.pipelines.stage_i.public.deep_baseline_runtime: deep_train batch dataset=nasa_csm model=chronaris_public_fusion track=objective group=combined seed=42 fold=002/002 epoch=004/005 batch=021/021 loss=0.765913 elapsed_s=1.2 status=running
2026-07-02 00:58:03,826 INFO chronaris.pipelines.stage_i.public.deep_baseline_runtime: deep_train epoch_done dataset=nasa_csm model=chronaris_public_fusion track=objective group=combined seed=42 fold=002/002 epoch=004/005 train_loss=0.847601 elapsed_s=0.3
2026-07-02 00:58:03,860 INFO chronaris.pipelines.stage_i.public.deep_baseline_runtime: deep_train epoch_start dataset=nasa_csm model=chronaris_public_fusion track=objective group=combined seed=42 fold=002/002 epoch=005/005 batch_count=21
2026-07-02 00:58:03,880 INFO chronaris.pipelines.stage_i.public.deep_baseline_runtime: deep_train batch dataset=nasa_csm model=chronaris_public_fusion track=objective group=combined seed=42 fold=002/002 epoch=005/005 batch=001/021 loss=0.836079 elapsed_s=1.2 status=running
2026-07-02 00:58:04,196 INFO chronaris.pipelines.stage_i.public.deep_baseline_runtime: deep_train batch dataset=nasa_csm model=chronaris_public_fusion track=objective group=combined seed=42 fold=002/002 epoch=005/005 batch=020/021 loss=0.780556 elapsed_s=1.6 status=running
2026-07-02 00:58:04,211 INFO chronaris.pipelines.stage_i.public.deep_baseline_runtime: deep_train batch dataset=nasa_csm model=chronaris_public_fusion track=objective group=combined seed=42 fold=002/002 epoch=005/005 batch=021/021 loss=0.694674 elapsed_s=1.6 status=running
2026-07-02 00:58:04,214 INFO chronaris.pipelines.stage_i.public.deep_baseline_runtime: deep_train epoch_done dataset=nasa_csm model=chronaris_public_fusion track=objective group=combined seed=42 fold=002/002 epoch=005/005 train_loss=0.781352 elapsed_s=0.4
2026-07-02 00:58:04,247 INFO chronaris.pipelines.stage_i.public.deep_baseline_runtime: deep_train fold_done dataset=nasa_csm model=chronaris_public_fusion track=objective group=combined seed=42 fold=002/002 elapsed_s=1.6
