2026-07-02 00:56:52,337 INFO chronaris.pipelines.stage_i.public.deep_baseline: stage_i_deep_baseline observer start run_id=event_bias_0p5__seed42 run_root=/home/wangminan/projects/chronaris/docs/artifacts/assets/stage_i_public_fusion_ablation/20260701T-stage-i-public-fusion-ablation-r1/screen/nasa_csm/event_bias_0p5__seed42
2026-07-02 00:56:53,369 INFO chronaris.pipelines.stage_i.public.deep_baseline_runtime: deep_train fold_start dataset=nasa_csm model=chronaris_public_fusion track=objective group=benchmark_only seed=42 fold=001/002 split_group=subject_10 task=classification train_count=1364 epochs=5 batch_size=128
2026-07-02 00:56:53,369 INFO chronaris.pipelines.stage_i.public.deep_baseline_runtime: deep_train epoch_start dataset=nasa_csm model=chronaris_public_fusion track=objective group=benchmark_only seed=42 fold=001/002 epoch=001/005 batch_count=11
2026-07-02 00:56:53,388 INFO chronaris.pipelines.stage_i.public.deep_baseline_runtime: deep_train batch dataset=nasa_csm model=chronaris_public_fusion track=objective group=benchmark_only seed=42 fold=001/002 epoch=001/005 batch=001/011 loss=1.111959 elapsed_s=0.0 status=running
2026-07-02 00:56:53,518 INFO chronaris.pipelines.stage_i.public.deep_baseline_runtime: deep_train batch dataset=nasa_csm model=chronaris_public_fusion track=objective group=benchmark_only seed=42 fold=001/002 epoch=001/005 batch=011/011 loss=1.056331 elapsed_s=0.1 status=running
2026-07-02 00:56:53,519 INFO chronaris.pipelines.stage_i.public.deep_baseline_runtime: deep_train epoch_done dataset=nasa_csm model=chronaris_public_fusion track=objective group=benchmark_only seed=42 fold=001/002 epoch=001/005 train_loss=1.086350 elapsed_s=0.1
2026-07-02 00:56:53,550 INFO chronaris.pipelines.stage_i.public.deep_baseline_runtime: deep_train epoch_start dataset=nasa_csm model=chronaris_public_fusion track=objective group=benchmark_only seed=42 fold=001/002 epoch=002/005 batch_count=11
2026-07-02 00:56:53,564 INFO chronaris.pipelines.stage_i.public.deep_baseline_runtime: deep_train batch dataset=nasa_csm model=chronaris_public_fusion track=objective group=benchmark_only seed=42 fold=001/002 epoch=002/005 batch=001/011 loss=1.074019 elapsed_s=0.2 status=running
2026-07-02 00:56:53,695 INFO chronaris.pipelines.stage_i.public.deep_baseline_runtime: deep_train batch dataset=nasa_csm model=chronaris_public_fusion track=objective group=benchmark_only seed=42 fold=001/002 epoch=002/005 batch=011/011 loss=1.012771 elapsed_s=0.3 status=running
2026-07-02 00:56:53,695 INFO chronaris.pipelines.stage_i.public.deep_baseline_runtime: deep_train epoch_done dataset=nasa_csm model=chronaris_public_fusion track=objective group=benchmark_only seed=42 fold=001/002 epoch=002/005 train_loss=1.040724 elapsed_s=0.1
2026-07-02 00:56:53,729 INFO chronaris.pipelines.stage_i.public.deep_baseline_runtime: deep_train epoch_start dataset=nasa_csm model=chronaris_public_fusion track=objective group=benchmark_only seed=42 fold=001/002 epoch=003/005 batch_count=11
2026-07-02 00:56:53,752 INFO chronaris.pipelines.stage_i.public.deep_baseline_runtime: deep_train batch dataset=nasa_csm model=chronaris_public_fusion track=objective group=benchmark_only seed=42 fold=001/002 epoch=003/005 batch=001/011 loss=1.080779 elapsed_s=0.4 status=running
2026-07-02 00:56:53,882 INFO chronaris.pipelines.stage_i.public.deep_baseline_runtime: deep_train batch dataset=nasa_csm model=chronaris_public_fusion track=objective group=benchmark_only seed=42 fold=001/002 epoch=003/005 batch=011/011 loss=0.930605 elapsed_s=0.5 status=running
2026-07-02 00:56:53,883 INFO chronaris.pipelines.stage_i.public.deep_baseline_runtime: deep_train epoch_done dataset=nasa_csm model=chronaris_public_fusion track=objective group=benchmark_only seed=42 fold=001/002 epoch=003/005 train_loss=0.969367 elapsed_s=0.2
2026-07-02 00:56:53,917 INFO chronaris.pipelines.stage_i.public.deep_baseline_runtime: deep_train epoch_start dataset=nasa_csm model=chronaris_public_fusion track=objective group=benchmark_only seed=42 fold=001/002 epoch=004/005 batch_count=11
2026-07-02 00:56:53,938 INFO chronaris.pipelines.stage_i.public.deep_baseline_runtime: deep_train batch dataset=nasa_csm model=chronaris_public_fusion track=objective group=benchmark_only seed=42 fold=001/002 epoch=004/005 batch=001/011 loss=0.869398 elapsed_s=0.6 status=running
2026-07-02 00:56:54,068 INFO chronaris.pipelines.stage_i.public.deep_baseline_runtime: deep_train batch dataset=nasa_csm model=chronaris_public_fusion track=objective group=benchmark_only seed=42 fold=001/002 epoch=004/005 batch=011/011 loss=0.842741 elapsed_s=0.7 status=running
2026-07-02 00:56:54,069 INFO chronaris.pipelines.stage_i.public.deep_baseline_runtime: deep_train epoch_done dataset=nasa_csm model=chronaris_public_fusion track=objective group=benchmark_only seed=42 fold=001/002 epoch=004/005 train_loss=0.807888 elapsed_s=0.2
2026-07-02 00:56:54,104 INFO chronaris.pipelines.stage_i.public.deep_baseline_runtime: deep_train epoch_start dataset=nasa_csm model=chronaris_public_fusion track=objective group=benchmark_only seed=42 fold=001/002 epoch=005/005 batch_count=11
2026-07-02 00:56:54,126 INFO chronaris.pipelines.stage_i.public.deep_baseline_runtime: deep_train batch dataset=nasa_csm model=chronaris_public_fusion track=objective group=benchmark_only seed=42 fold=001/002 epoch=005/005 batch=001/011 loss=0.794903 elapsed_s=0.8 status=running
2026-07-02 00:56:54,256 INFO chronaris.pipelines.stage_i.public.deep_baseline_runtime: deep_train batch dataset=nasa_csm model=chronaris_public_fusion track=objective group=benchmark_only seed=42 fold=001/002 epoch=005/005 batch=011/011 loss=0.684949 elapsed_s=0.9 status=running
2026-07-02 00:56:54,257 INFO chronaris.pipelines.stage_i.public.deep_baseline_runtime: deep_train epoch_done dataset=nasa_csm model=chronaris_public_fusion track=objective group=benchmark_only seed=42 fold=001/002 epoch=005/005 train_loss=0.650752 elapsed_s=0.2
2026-07-02 00:56:54,292 INFO chronaris.pipelines.stage_i.public.deep_baseline_runtime: deep_train fold_done dataset=nasa_csm model=chronaris_public_fusion track=objective group=benchmark_only seed=42 fold=001/002 elapsed_s=0.9
2026-07-02 00:56:54,515 INFO chronaris.pipelines.stage_i.public.deep_baseline_runtime: deep_train fold_start dataset=nasa_csm model=chronaris_public_fusion track=objective group=benchmark_only seed=42 fold=002/002 split_group=subject_11 task=classification train_count=1366 epochs=5 batch_size=128
2026-07-02 00:56:54,516 INFO chronaris.pipelines.stage_i.public.deep_baseline_runtime: deep_train epoch_start dataset=nasa_csm model=chronaris_public_fusion track=objective group=benchmark_only seed=42 fold=002/002 epoch=001/005 batch_count=11
2026-07-02 00:56:54,535 INFO chronaris.pipelines.stage_i.public.deep_baseline_runtime: deep_train batch dataset=nasa_csm model=chronaris_public_fusion track=objective group=benchmark_only seed=42 fold=002/002 epoch=001/005 batch=001/011 loss=1.101293 elapsed_s=0.0 status=running
2026-07-02 00:56:54,665 INFO chronaris.pipelines.stage_i.public.deep_baseline_runtime: deep_train batch dataset=nasa_csm model=chronaris_public_fusion track=objective group=benchmark_only seed=42 fold=002/002 epoch=001/005 batch=011/011 loss=1.043596 elapsed_s=0.1 status=running
2026-07-02 00:56:54,666 INFO chronaris.pipelines.stage_i.public.deep_baseline_runtime: deep_train epoch_done dataset=nasa_csm model=chronaris_public_fusion track=objective group=benchmark_only seed=42 fold=002/002 epoch=001/005 train_loss=1.091329 elapsed_s=0.2
2026-07-02 00:56:54,699 INFO chronaris.pipelines.stage_i.public.deep_baseline_runtime: deep_train epoch_start dataset=nasa_csm model=chronaris_public_fusion track=objective group=benchmark_only seed=42 fold=002/002 epoch=002/005 batch_count=11
2026-07-02 00:56:54,714 INFO chronaris.pipelines.stage_i.public.deep_baseline_runtime: deep_train batch dataset=nasa_csm model=chronaris_public_fusion track=objective group=benchmark_only seed=42 fold=002/002 epoch=002/005 batch=001/011 loss=1.056898 elapsed_s=0.2 status=running
2026-07-02 00:56:54,841 INFO chronaris.pipelines.stage_i.public.deep_baseline_runtime: deep_train batch dataset=nasa_csm model=chronaris_public_fusion track=objective group=benchmark_only seed=42 fold=002/002 epoch=002/005 batch=011/011 loss=1.057107 elapsed_s=0.3 status=running
2026-07-02 00:56:54,842 INFO chronaris.pipelines.stage_i.public.deep_baseline_runtime: deep_train epoch_done dataset=nasa_csm model=chronaris_public_fusion track=objective group=benchmark_only seed=42 fold=002/002 epoch=002/005 train_loss=1.044737 elapsed_s=0.1
2026-07-02 00:56:54,875 INFO chronaris.pipelines.stage_i.public.deep_baseline_runtime: deep_train epoch_start dataset=nasa_csm model=chronaris_public_fusion track=objective group=benchmark_only seed=42 fold=002/002 epoch=003/005 batch_count=11
2026-07-02 00:56:54,897 INFO chronaris.pipelines.stage_i.public.deep_baseline_runtime: deep_train batch dataset=nasa_csm model=chronaris_public_fusion track=objective group=benchmark_only seed=42 fold=002/002 epoch=003/005 batch=001/011 loss=1.042774 elapsed_s=0.4 status=running
2026-07-02 00:56:55,025 INFO chronaris.pipelines.stage_i.public.deep_baseline_runtime: deep_train batch dataset=nasa_csm model=chronaris_public_fusion track=objective group=benchmark_only seed=42 fold=002/002 epoch=003/005 batch=011/011 loss=0.958551 elapsed_s=0.5 status=running
2026-07-02 00:56:55,026 INFO chronaris.pipelines.stage_i.public.deep_baseline_runtime: deep_train epoch_done dataset=nasa_csm model=chronaris_public_fusion track=objective group=benchmark_only seed=42 fold=002/002 epoch=003/005 train_loss=0.979003 elapsed_s=0.2
2026-07-02 00:56:55,059 INFO chronaris.pipelines.stage_i.public.deep_baseline_runtime: deep_train epoch_start dataset=nasa_csm model=chronaris_public_fusion track=objective group=benchmark_only seed=42 fold=002/002 epoch=004/005 batch_count=11
2026-07-02 00:56:55,079 INFO chronaris.pipelines.stage_i.public.deep_baseline_runtime: deep_train batch dataset=nasa_csm model=chronaris_public_fusion track=objective group=benchmark_only seed=42 fold=002/002 epoch=004/005 batch=001/011 loss=0.854403 elapsed_s=0.6 status=running
2026-07-02 00:56:55,206 INFO chronaris.pipelines.stage_i.public.deep_baseline_runtime: deep_train batch dataset=nasa_csm model=chronaris_public_fusion track=objective group=benchmark_only seed=42 fold=002/002 epoch=004/005 batch=011/011 loss=0.657670 elapsed_s=0.7 status=running
2026-07-02 00:56:55,207 INFO chronaris.pipelines.stage_i.public.deep_baseline_runtime: deep_train epoch_done dataset=nasa_csm model=chronaris_public_fusion track=objective group=benchmark_only seed=42 fold=002/002 epoch=004/005 train_loss=0.798467 elapsed_s=0.1
2026-07-02 00:56:55,240 INFO chronaris.pipelines.stage_i.public.deep_baseline_runtime: deep_train epoch_start dataset=nasa_csm model=chronaris_public_fusion track=objective group=benchmark_only seed=42 fold=002/002 epoch=005/005 batch_count=11
2026-07-02 00:56:55,262 INFO chronaris.pipelines.stage_i.public.deep_baseline_runtime: deep_train batch dataset=nasa_csm model=chronaris_public_fusion track=objective group=benchmark_only seed=42 fold=002/002 epoch=005/005 batch=001/011 loss=0.746997 elapsed_s=0.7 status=running
2026-07-02 00:56:55,394 INFO chronaris.pipelines.stage_i.public.deep_baseline_runtime: deep_train batch dataset=nasa_csm model=chronaris_public_fusion track=objective group=benchmark_only seed=42 fold=002/002 epoch=005/005 batch=011/011 loss=0.684101 elapsed_s=0.9 status=running
2026-07-02 00:56:55,395 INFO chronaris.pipelines.stage_i.public.deep_baseline_runtime: deep_train epoch_done dataset=nasa_csm model=chronaris_public_fusion track=objective group=benchmark_only seed=42 fold=002/002 epoch=005/005 train_loss=0.669513 elapsed_s=0.2
2026-07-02 00:56:55,428 INFO chronaris.pipelines.stage_i.public.deep_baseline_runtime: deep_train fold_done dataset=nasa_csm model=chronaris_public_fusion track=objective group=benchmark_only seed=42 fold=002/002 elapsed_s=0.9
2026-07-02 00:56:55,824 INFO chronaris.pipelines.stage_i.public.deep_baseline_runtime: deep_train fold_start dataset=nasa_csm model=chronaris_public_fusion track=objective group=loft_only seed=42 fold=001/002 split_group=subject_10 task=classification train_count=1259 epochs=5 batch_size=128
2026-07-02 00:56:55,825 INFO chronaris.pipelines.stage_i.public.deep_baseline_runtime: deep_train epoch_start dataset=nasa_csm model=chronaris_public_fusion track=objective group=loft_only seed=42 fold=001/002 epoch=001/005 batch_count=10
2026-07-02 00:56:55,846 INFO chronaris.pipelines.stage_i.public.deep_baseline_runtime: deep_train batch dataset=nasa_csm model=chronaris_public_fusion track=objective group=loft_only seed=42 fold=001/002 epoch=001/005 batch=001/010 loss=1.107975 elapsed_s=0.0 status=running
2026-07-02 00:56:55,961 INFO chronaris.pipelines.stage_i.public.deep_baseline_runtime: deep_train batch dataset=nasa_csm model=chronaris_public_fusion track=objective group=loft_only seed=42 fold=001/002 epoch=001/005 batch=010/010 loss=0.943730 elapsed_s=0.1 status=running
2026-07-02 00:56:55,962 INFO chronaris.pipelines.stage_i.public.deep_baseline_runtime: deep_train epoch_done dataset=nasa_csm model=chronaris_public_fusion track=objective group=loft_only seed=42 fold=001/002 epoch=001/005 train_loss=1.017117 elapsed_s=0.1
2026-07-02 00:56:55,996 INFO chronaris.pipelines.stage_i.public.deep_baseline_runtime: deep_train epoch_start dataset=nasa_csm model=chronaris_public_fusion track=objective group=loft_only seed=42 fold=001/002 epoch=002/005 batch_count=10
2026-07-02 00:56:56,011 INFO chronaris.pipelines.stage_i.public.deep_baseline_runtime: deep_train batch dataset=nasa_csm model=chronaris_public_fusion track=objective group=loft_only seed=42 fold=001/002 epoch=002/005 batch=001/010 loss=0.921114 elapsed_s=0.2 status=running
2026-07-02 00:56:56,131 INFO chronaris.pipelines.stage_i.public.deep_baseline_runtime: deep_train batch dataset=nasa_csm model=chronaris_public_fusion track=objective group=loft_only seed=42 fold=001/002 epoch=002/005 batch=010/010 loss=0.729817 elapsed_s=0.3 status=running
2026-07-02 00:56:56,132 INFO chronaris.pipelines.stage_i.public.deep_baseline_runtime: deep_train epoch_done dataset=nasa_csm model=chronaris_public_fusion track=objective group=loft_only seed=42 fold=001/002 epoch=002/005 train_loss=0.790720 elapsed_s=0.1
2026-07-02 00:56:56,168 INFO chronaris.pipelines.stage_i.public.deep_baseline_runtime: deep_train epoch_start dataset=nasa_csm model=chronaris_public_fusion track=objective group=loft_only seed=42 fold=001/002 epoch=003/005 batch_count=10
2026-07-02 00:56:56,187 INFO chronaris.pipelines.stage_i.public.deep_baseline_runtime: deep_train batch dataset=nasa_csm model=chronaris_public_fusion track=objective group=loft_only seed=42 fold=001/002 epoch=003/005 batch=001/010 loss=0.666681 elapsed_s=0.4 status=running
2026-07-02 00:56:56,313 INFO chronaris.pipelines.stage_i.public.deep_baseline_runtime: deep_train batch dataset=nasa_csm model=chronaris_public_fusion track=objective group=loft_only seed=42 fold=001/002 epoch=003/005 batch=010/010 loss=0.641584 elapsed_s=0.5 status=running
2026-07-02 00:56:56,315 INFO chronaris.pipelines.stage_i.public.deep_baseline_runtime: deep_train epoch_done dataset=nasa_csm model=chronaris_public_fusion track=objective group=loft_only seed=42 fold=001/002 epoch=003/005 train_loss=0.686806 elapsed_s=0.1
2026-07-02 00:56:56,351 INFO chronaris.pipelines.stage_i.public.deep_baseline_runtime: deep_train epoch_start dataset=nasa_csm model=chronaris_public_fusion track=objective group=loft_only seed=42 fold=001/002 epoch=004/005 batch_count=10
2026-07-02 00:56:56,373 INFO chronaris.pipelines.stage_i.public.deep_baseline_runtime: deep_train batch dataset=nasa_csm model=chronaris_public_fusion track=objective group=loft_only seed=42 fold=001/002 epoch=004/005 batch=001/010 loss=0.651632 elapsed_s=0.5 status=running
2026-07-02 00:56:56,490 INFO chronaris.pipelines.stage_i.public.deep_baseline_runtime: deep_train batch dataset=nasa_csm model=chronaris_public_fusion track=objective group=loft_only seed=42 fold=001/002 epoch=004/005 batch=010/010 loss=0.603451 elapsed_s=0.7 status=running
2026-07-02 00:56:56,491 INFO chronaris.pipelines.stage_i.public.deep_baseline_runtime: deep_train epoch_done dataset=nasa_csm model=chronaris_public_fusion track=objective group=loft_only seed=42 fold=001/002 epoch=004/005 train_loss=0.631038 elapsed_s=0.1
2026-07-02 00:56:56,524 INFO chronaris.pipelines.stage_i.public.deep_baseline_runtime: deep_train epoch_start dataset=nasa_csm model=chronaris_public_fusion track=objective group=loft_only seed=42 fold=001/002 epoch=005/005 batch_count=10
2026-07-02 00:56:56,545 INFO chronaris.pipelines.stage_i.public.deep_baseline_runtime: deep_train batch dataset=nasa_csm model=chronaris_public_fusion track=objective group=loft_only seed=42 fold=001/002 epoch=005/005 batch=001/010 loss=0.618013 elapsed_s=0.7 status=running
2026-07-02 00:56:56,663 INFO chronaris.pipelines.stage_i.public.deep_baseline_runtime: deep_train batch dataset=nasa_csm model=chronaris_public_fusion track=objective group=loft_only seed=42 fold=001/002 epoch=005/005 batch=010/010 loss=0.525801 elapsed_s=0.8 status=running
2026-07-02 00:56:56,665 INFO chronaris.pipelines.stage_i.public.deep_baseline_runtime: deep_train epoch_done dataset=nasa_csm model=chronaris_public_fusion track=objective group=loft_only seed=42 fold=001/002 epoch=005/005 train_loss=0.576722 elapsed_s=0.1
2026-07-02 00:56:56,699 INFO chronaris.pipelines.stage_i.public.deep_baseline_runtime: deep_train fold_done dataset=nasa_csm model=chronaris_public_fusion track=objective group=loft_only seed=42 fold=001/002 elapsed_s=0.9
2026-07-02 00:56:56,918 INFO chronaris.pipelines.stage_i.public.deep_baseline_runtime: deep_train fold_start dataset=nasa_csm model=chronaris_public_fusion track=objective group=loft_only seed=42 fold=002/002 split_group=subject_11 task=classification train_count=1279 epochs=5 batch_size=128
2026-07-02 00:56:56,920 INFO chronaris.pipelines.stage_i.public.deep_baseline_runtime: deep_train epoch_start dataset=nasa_csm model=chronaris_public_fusion track=objective group=loft_only seed=42 fold=002/002 epoch=001/005 batch_count=10
2026-07-02 00:56:56,940 INFO chronaris.pipelines.stage_i.public.deep_baseline_runtime: deep_train batch dataset=nasa_csm model=chronaris_public_fusion track=objective group=loft_only seed=42 fold=002/002 epoch=001/005 batch=001/010 loss=1.090762 elapsed_s=0.0 status=running
2026-07-02 00:56:57,055 INFO chronaris.pipelines.stage_i.public.deep_baseline_runtime: deep_train batch dataset=nasa_csm model=chronaris_public_fusion track=objective group=loft_only seed=42 fold=002/002 epoch=001/005 batch=010/010 loss=0.946419 elapsed_s=0.1 status=running
2026-07-02 00:56:57,056 INFO chronaris.pipelines.stage_i.public.deep_baseline_runtime: deep_train epoch_done dataset=nasa_csm model=chronaris_public_fusion track=objective group=loft_only seed=42 fold=002/002 epoch=001/005 train_loss=1.011733 elapsed_s=0.1
2026-07-02 00:56:57,091 INFO chronaris.pipelines.stage_i.public.deep_baseline_runtime: deep_train epoch_start dataset=nasa_csm model=chronaris_public_fusion track=objective group=loft_only seed=42 fold=002/002 epoch=002/005 batch_count=10
2026-07-02 00:56:57,105 INFO chronaris.pipelines.stage_i.public.deep_baseline_runtime: deep_train batch dataset=nasa_csm model=chronaris_public_fusion track=objective group=loft_only seed=42 fold=002/002 epoch=002/005 batch=001/010 loss=0.916855 elapsed_s=0.2 status=running
2026-07-02 00:56:57,221 INFO chronaris.pipelines.stage_i.public.deep_baseline_runtime: deep_train batch dataset=nasa_csm model=chronaris_public_fusion track=objective group=loft_only seed=42 fold=002/002 epoch=002/005 batch=010/010 loss=0.687382 elapsed_s=0.3 status=running
2026-07-02 00:56:57,222 INFO chronaris.pipelines.stage_i.public.deep_baseline_runtime: deep_train epoch_done dataset=nasa_csm model=chronaris_public_fusion track=objective group=loft_only seed=42 fold=002/002 epoch=002/005 train_loss=0.801817 elapsed_s=0.1
2026-07-02 00:56:57,258 INFO chronaris.pipelines.stage_i.public.deep_baseline_runtime: deep_train epoch_start dataset=nasa_csm model=chronaris_public_fusion track=objective group=loft_only seed=42 fold=002/002 epoch=003/005 batch_count=10
2026-07-02 00:56:57,278 INFO chronaris.pipelines.stage_i.public.deep_baseline_runtime: deep_train batch dataset=nasa_csm model=chronaris_public_fusion track=objective group=loft_only seed=42 fold=002/002 epoch=003/005 batch=001/010 loss=0.635650 elapsed_s=0.4 status=running
2026-07-02 00:56:57,397 INFO chronaris.pipelines.stage_i.public.deep_baseline_runtime: deep_train batch dataset=nasa_csm model=chronaris_public_fusion track=objective group=loft_only seed=42 fold=002/002 epoch=003/005 batch=010/010 loss=0.656519 elapsed_s=0.5 status=running
2026-07-02 00:56:57,399 INFO chronaris.pipelines.stage_i.public.deep_baseline_runtime: deep_train epoch_done dataset=nasa_csm model=chronaris_public_fusion track=objective group=loft_only seed=42 fold=002/002 epoch=003/005 train_loss=0.698319 elapsed_s=0.1
2026-07-02 00:56:57,434 INFO chronaris.pipelines.stage_i.public.deep_baseline_runtime: deep_train epoch_start dataset=nasa_csm model=chronaris_public_fusion track=objective group=loft_only seed=42 fold=002/002 epoch=004/005 batch_count=10
2026-07-02 00:56:57,468 INFO chronaris.pipelines.stage_i.public.deep_baseline_runtime: deep_train batch dataset=nasa_csm model=chronaris_public_fusion track=objective group=loft_only seed=42 fold=002/002 epoch=004/005 batch=001/010 loss=0.739533 elapsed_s=0.5 status=running
2026-07-02 00:56:57,584 INFO chronaris.pipelines.stage_i.public.deep_baseline_runtime: deep_train batch dataset=nasa_csm model=chronaris_public_fusion track=objective group=loft_only seed=42 fold=002/002 epoch=004/005 batch=010/010 loss=0.558121 elapsed_s=0.7 status=running
2026-07-02 00:56:57,586 INFO chronaris.pipelines.stage_i.public.deep_baseline_runtime: deep_train epoch_done dataset=nasa_csm model=chronaris_public_fusion track=objective group=loft_only seed=42 fold=002/002 epoch=004/005 train_loss=0.598372 elapsed_s=0.2
2026-07-02 00:56:57,620 INFO chronaris.pipelines.stage_i.public.deep_baseline_runtime: deep_train epoch_start dataset=nasa_csm model=chronaris_public_fusion track=objective group=loft_only seed=42 fold=002/002 epoch=005/005 batch_count=10
2026-07-02 00:56:57,641 INFO chronaris.pipelines.stage_i.public.deep_baseline_runtime: deep_train batch dataset=nasa_csm model=chronaris_public_fusion track=objective group=loft_only seed=42 fold=002/002 epoch=005/005 batch=001/010 loss=0.517108 elapsed_s=0.7 status=running
2026-07-02 00:56:57,755 INFO chronaris.pipelines.stage_i.public.deep_baseline_runtime: deep_train batch dataset=nasa_csm model=chronaris_public_fusion track=objective group=loft_only seed=42 fold=002/002 epoch=005/005 batch=010/010 loss=0.508722 elapsed_s=0.8 status=running
2026-07-02 00:56:57,756 INFO chronaris.pipelines.stage_i.public.deep_baseline_runtime: deep_train epoch_done dataset=nasa_csm model=chronaris_public_fusion track=objective group=loft_only seed=42 fold=002/002 epoch=005/005 train_loss=0.567158 elapsed_s=0.1
2026-07-02 00:56:57,791 INFO chronaris.pipelines.stage_i.public.deep_baseline_runtime: deep_train fold_done dataset=nasa_csm model=chronaris_public_fusion track=objective group=loft_only seed=42 fold=002/002 elapsed_s=0.9
2026-07-02 00:56:58,206 INFO chronaris.pipelines.stage_i.public.deep_baseline_runtime: deep_train fold_start dataset=nasa_csm model=chronaris_public_fusion track=objective group=combined seed=42 fold=001/002 split_group=subject_10 task=classification train_count=2623 epochs=5 batch_size=128
2026-07-02 00:56:58,208 INFO chronaris.pipelines.stage_i.public.deep_baseline_runtime: deep_train epoch_start dataset=nasa_csm model=chronaris_public_fusion track=objective group=combined seed=42 fold=001/002 epoch=001/005 batch_count=21
2026-07-02 00:56:58,230 INFO chronaris.pipelines.stage_i.public.deep_baseline_runtime: deep_train batch dataset=nasa_csm model=chronaris_public_fusion track=objective group=combined seed=42 fold=001/002 epoch=001/005 batch=001/021 loss=1.113446 elapsed_s=0.0 status=running
2026-07-02 00:56:58,491 INFO chronaris.pipelines.stage_i.public.deep_baseline_runtime: deep_train batch dataset=nasa_csm model=chronaris_public_fusion track=objective group=combined seed=42 fold=001/002 epoch=001/005 batch=020/021 loss=1.008489 elapsed_s=0.3 status=running
2026-07-02 00:56:58,506 INFO chronaris.pipelines.stage_i.public.deep_baseline_runtime: deep_train batch dataset=nasa_csm model=chronaris_public_fusion track=objective group=combined seed=42 fold=001/002 epoch=001/005 batch=021/021 loss=0.956095 elapsed_s=0.3 status=running
2026-07-02 00:56:58,508 INFO chronaris.pipelines.stage_i.public.deep_baseline_runtime: deep_train epoch_done dataset=nasa_csm model=chronaris_public_fusion track=objective group=combined seed=42 fold=001/002 epoch=001/005 train_loss=1.069327 elapsed_s=0.3
2026-07-02 00:56:58,547 INFO chronaris.pipelines.stage_i.public.deep_baseline_runtime: deep_train epoch_start dataset=nasa_csm model=chronaris_public_fusion track=objective group=combined seed=42 fold=001/002 epoch=002/005 batch_count=21
2026-07-02 00:56:58,592 INFO chronaris.pipelines.stage_i.public.deep_baseline_runtime: deep_train batch dataset=nasa_csm model=chronaris_public_fusion track=objective group=combined seed=42 fold=001/002 epoch=002/005 batch=001/021 loss=1.004171 elapsed_s=0.4 status=running
2026-07-02 00:56:58,876 INFO chronaris.pipelines.stage_i.public.deep_baseline_runtime: deep_train batch dataset=nasa_csm model=chronaris_public_fusion track=objective group=combined seed=42 fold=001/002 epoch=002/005 batch=020/021 loss=0.980451 elapsed_s=0.7 status=running
2026-07-02 00:56:58,892 INFO chronaris.pipelines.stage_i.public.deep_baseline_runtime: deep_train batch dataset=nasa_csm model=chronaris_public_fusion track=objective group=combined seed=42 fold=001/002 epoch=002/005 batch=021/021 loss=0.997435 elapsed_s=0.7 status=running
2026-07-02 00:56:58,894 INFO chronaris.pipelines.stage_i.public.deep_baseline_runtime: deep_train epoch_done dataset=nasa_csm model=chronaris_public_fusion track=objective group=combined seed=42 fold=001/002 epoch=002/005 train_loss=0.967411 elapsed_s=0.3
2026-07-02 00:56:58,929 INFO chronaris.pipelines.stage_i.public.deep_baseline_runtime: deep_train epoch_start dataset=nasa_csm model=chronaris_public_fusion track=objective group=combined seed=42 fold=001/002 epoch=003/005 batch_count=21
2026-07-02 00:56:58,956 INFO chronaris.pipelines.stage_i.public.deep_baseline_runtime: deep_train batch dataset=nasa_csm model=chronaris_public_fusion track=objective group=combined seed=42 fold=001/002 epoch=003/005 batch=001/021 loss=0.846268 elapsed_s=0.7 status=running
2026-07-02 00:56:59,276 INFO chronaris.pipelines.stage_i.public.deep_baseline_runtime: deep_train batch dataset=nasa_csm model=chronaris_public_fusion track=objective group=combined seed=42 fold=001/002 epoch=003/005 batch=020/021 loss=0.861197 elapsed_s=1.1 status=running
2026-07-02 00:56:59,292 INFO chronaris.pipelines.stage_i.public.deep_baseline_runtime: deep_train batch dataset=nasa_csm model=chronaris_public_fusion track=objective group=combined seed=42 fold=001/002 epoch=003/005 batch=021/021 loss=0.889128 elapsed_s=1.1 status=running
2026-07-02 00:56:59,338 INFO chronaris.pipelines.stage_i.public.deep_baseline_runtime: deep_train epoch_done dataset=nasa_csm model=chronaris_public_fusion track=objective group=combined seed=42 fold=001/002 epoch=003/005 train_loss=0.909988 elapsed_s=0.4
2026-07-02 00:56:59,375 INFO chronaris.pipelines.stage_i.public.deep_baseline_runtime: deep_train epoch_start dataset=nasa_csm model=chronaris_public_fusion track=objective group=combined seed=42 fold=001/002 epoch=004/005 batch_count=21
2026-07-02 00:56:59,410 INFO chronaris.pipelines.stage_i.public.deep_baseline_runtime: deep_train batch dataset=nasa_csm model=chronaris_public_fusion track=objective group=combined seed=42 fold=001/002 epoch=004/005 batch=001/021 loss=0.871316 elapsed_s=1.2 status=running
2026-07-02 00:56:59,653 INFO chronaris.pipelines.stage_i.public.deep_baseline_runtime: deep_train batch dataset=nasa_csm model=chronaris_public_fusion track=objective group=combined seed=42 fold=001/002 epoch=004/005 batch=020/021 loss=0.816779 elapsed_s=1.4 status=running
2026-07-02 00:56:59,668 INFO chronaris.pipelines.stage_i.public.deep_baseline_runtime: deep_train batch dataset=nasa_csm model=chronaris_public_fusion track=objective group=combined seed=42 fold=001/002 epoch=004/005 batch=021/021 loss=0.779496 elapsed_s=1.5 status=running
2026-07-02 00:56:59,671 INFO chronaris.pipelines.stage_i.public.deep_baseline_runtime: deep_train epoch_done dataset=nasa_csm model=chronaris_public_fusion track=objective group=combined seed=42 fold=001/002 epoch=004/005 train_loss=0.868388 elapsed_s=0.3
2026-07-02 00:56:59,706 INFO chronaris.pipelines.stage_i.public.deep_baseline_runtime: deep_train epoch_start dataset=nasa_csm model=chronaris_public_fusion track=objective group=combined seed=42 fold=001/002 epoch=005/005 batch_count=21
2026-07-02 00:56:59,726 INFO chronaris.pipelines.stage_i.public.deep_baseline_runtime: deep_train batch dataset=nasa_csm model=chronaris_public_fusion track=objective group=combined seed=42 fold=001/002 epoch=005/005 batch=001/021 loss=0.821322 elapsed_s=1.5 status=running
2026-07-02 00:56:59,963 INFO chronaris.pipelines.stage_i.public.deep_baseline_runtime: deep_train batch dataset=nasa_csm model=chronaris_public_fusion track=objective group=combined seed=42 fold=001/002 epoch=005/005 batch=020/021 loss=0.874446 elapsed_s=1.8 status=running
2026-07-02 00:56:59,978 INFO chronaris.pipelines.stage_i.public.deep_baseline_runtime: deep_train batch dataset=nasa_csm model=chronaris_public_fusion track=objective group=combined seed=42 fold=001/002 epoch=005/005 batch=021/021 loss=0.821703 elapsed_s=1.8 status=running
2026-07-02 00:56:59,980 INFO chronaris.pipelines.stage_i.public.deep_baseline_runtime: deep_train epoch_done dataset=nasa_csm model=chronaris_public_fusion track=objective group=combined seed=42 fold=001/002 epoch=005/005 train_loss=0.813591 elapsed_s=0.3
2026-07-02 00:57:00,015 INFO chronaris.pipelines.stage_i.public.deep_baseline_runtime: deep_train fold_done dataset=nasa_csm model=chronaris_public_fusion track=objective group=combined seed=42 fold=001/002 elapsed_s=1.8
2026-07-02 00:57:00,335 INFO chronaris.pipelines.stage_i.public.deep_baseline_runtime: deep_train fold_start dataset=nasa_csm model=chronaris_public_fusion track=objective group=combined seed=42 fold=002/002 split_group=subject_11 task=classification train_count=2645 epochs=5 batch_size=128
2026-07-02 00:57:00,338 INFO chronaris.pipelines.stage_i.public.deep_baseline_runtime: deep_train epoch_start dataset=nasa_csm model=chronaris_public_fusion track=objective group=combined seed=42 fold=002/002 epoch=001/005 batch_count=21
2026-07-02 00:57:00,358 INFO chronaris.pipelines.stage_i.public.deep_baseline_runtime: deep_train batch dataset=nasa_csm model=chronaris_public_fusion track=objective group=combined seed=42 fold=002/002 epoch=001/005 batch=001/021 loss=1.105994 elapsed_s=0.0 status=running
2026-07-02 00:57:00,595 INFO chronaris.pipelines.stage_i.public.deep_baseline_runtime: deep_train batch dataset=nasa_csm model=chronaris_public_fusion track=objective group=combined seed=42 fold=002/002 epoch=001/005 batch=020/021 loss=1.022980 elapsed_s=0.3 status=running
2026-07-02 00:57:00,611 INFO chronaris.pipelines.stage_i.public.deep_baseline_runtime: deep_train batch dataset=nasa_csm model=chronaris_public_fusion track=objective group=combined seed=42 fold=002/002 epoch=001/005 batch=021/021 loss=0.992841 elapsed_s=0.3 status=running
2026-07-02 00:57:00,613 INFO chronaris.pipelines.stage_i.public.deep_baseline_runtime: deep_train epoch_done dataset=nasa_csm model=chronaris_public_fusion track=objective group=combined seed=42 fold=002/002 epoch=001/005 train_loss=1.067561 elapsed_s=0.3
2026-07-02 00:57:00,649 INFO chronaris.pipelines.stage_i.public.deep_baseline_runtime: deep_train epoch_start dataset=nasa_csm model=chronaris_public_fusion track=objective group=combined seed=42 fold=002/002 epoch=002/005 batch_count=21
2026-07-02 00:57:00,664 INFO chronaris.pipelines.stage_i.public.deep_baseline_runtime: deep_train batch dataset=nasa_csm model=chronaris_public_fusion track=objective group=combined seed=42 fold=002/002 epoch=002/005 batch=001/021 loss=1.006348 elapsed_s=0.3 status=running
2026-07-02 00:57:00,904 INFO chronaris.pipelines.stage_i.public.deep_baseline_runtime: deep_train batch dataset=nasa_csm model=chronaris_public_fusion track=objective group=combined seed=42 fold=002/002 epoch=002/005 batch=020/021 loss=0.867104 elapsed_s=0.6 status=running
2026-07-02 00:57:00,919 INFO chronaris.pipelines.stage_i.public.deep_baseline_runtime: deep_train batch dataset=nasa_csm model=chronaris_public_fusion track=objective group=combined seed=42 fold=002/002 epoch=002/005 batch=021/021 loss=0.874597 elapsed_s=0.6 status=running
2026-07-02 00:57:00,922 INFO chronaris.pipelines.stage_i.public.deep_baseline_runtime: deep_train epoch_done dataset=nasa_csm model=chronaris_public_fusion track=objective group=combined seed=42 fold=002/002 epoch=002/005 train_loss=0.951820 elapsed_s=0.3
2026-07-02 00:57:00,956 INFO chronaris.pipelines.stage_i.public.deep_baseline_runtime: deep_train epoch_start dataset=nasa_csm model=chronaris_public_fusion track=objective group=combined seed=42 fold=002/002 epoch=003/005 batch_count=21
2026-07-02 00:57:00,976 INFO chronaris.pipelines.stage_i.public.deep_baseline_runtime: deep_train batch dataset=nasa_csm model=chronaris_public_fusion track=objective group=combined seed=42 fold=002/002 epoch=003/005 batch=001/021 loss=0.944859 elapsed_s=0.6 status=running
2026-07-02 00:57:01,219 INFO chronaris.pipelines.stage_i.public.deep_baseline_runtime: deep_train batch dataset=nasa_csm model=chronaris_public_fusion track=objective group=combined seed=42 fold=002/002 epoch=003/005 batch=020/021 loss=0.867812 elapsed_s=0.9 status=running
2026-07-02 00:57:01,235 INFO chronaris.pipelines.stage_i.public.deep_baseline_runtime: deep_train batch dataset=nasa_csm model=chronaris_public_fusion track=objective group=combined seed=42 fold=002/002 epoch=003/005 batch=021/021 loss=0.855630 elapsed_s=0.9 status=running
2026-07-02 00:57:01,238 INFO chronaris.pipelines.stage_i.public.deep_baseline_runtime: deep_train epoch_done dataset=nasa_csm model=chronaris_public_fusion track=objective group=combined seed=42 fold=002/002 epoch=003/005 train_loss=0.899590 elapsed_s=0.3
2026-07-02 00:57:01,274 INFO chronaris.pipelines.stage_i.public.deep_baseline_runtime: deep_train epoch_start dataset=nasa_csm model=chronaris_public_fusion track=objective group=combined seed=42 fold=002/002 epoch=004/005 batch_count=21
2026-07-02 00:57:01,301 INFO chronaris.pipelines.stage_i.public.deep_baseline_runtime: deep_train batch dataset=nasa_csm model=chronaris_public_fusion track=objective group=combined seed=42 fold=002/002 epoch=004/005 batch=001/021 loss=0.856946 elapsed_s=1.0 status=running
2026-07-02 00:57:01,599 INFO chronaris.pipelines.stage_i.public.deep_baseline_runtime: deep_train batch dataset=nasa_csm model=chronaris_public_fusion track=objective group=combined seed=42 fold=002/002 epoch=004/005 batch=020/021 loss=0.820244 elapsed_s=1.3 status=running
2026-07-02 00:57:01,614 INFO chronaris.pipelines.stage_i.public.deep_baseline_runtime: deep_train batch dataset=nasa_csm model=chronaris_public_fusion track=objective group=combined seed=42 fold=002/002 epoch=004/005 batch=021/021 loss=0.766090 elapsed_s=1.3 status=running
2026-07-02 00:57:01,617 INFO chronaris.pipelines.stage_i.public.deep_baseline_runtime: deep_train epoch_done dataset=nasa_csm model=chronaris_public_fusion track=objective group=combined seed=42 fold=002/002 epoch=004/005 train_loss=0.847664 elapsed_s=0.3
2026-07-02 00:57:01,653 INFO chronaris.pipelines.stage_i.public.deep_baseline_runtime: deep_train epoch_start dataset=nasa_csm model=chronaris_public_fusion track=objective group=combined seed=42 fold=002/002 epoch=005/005 batch_count=21
2026-07-02 00:57:01,672 INFO chronaris.pipelines.stage_i.public.deep_baseline_runtime: deep_train batch dataset=nasa_csm model=chronaris_public_fusion track=objective group=combined seed=42 fold=002/002 epoch=005/005 batch=001/021 loss=0.835991 elapsed_s=1.3 status=running
2026-07-02 00:57:01,920 INFO chronaris.pipelines.stage_i.public.deep_baseline_runtime: deep_train batch dataset=nasa_csm model=chronaris_public_fusion track=objective group=combined seed=42 fold=002/002 epoch=005/005 batch=020/021 loss=0.780567 elapsed_s=1.6 status=running
2026-07-02 00:57:01,936 INFO chronaris.pipelines.stage_i.public.deep_baseline_runtime: deep_train batch dataset=nasa_csm model=chronaris_public_fusion track=objective group=combined seed=42 fold=002/002 epoch=005/005 batch=021/021 loss=0.694708 elapsed_s=1.6 status=running
2026-07-02 00:57:01,939 INFO chronaris.pipelines.stage_i.public.deep_baseline_runtime: deep_train epoch_done dataset=nasa_csm model=chronaris_public_fusion track=objective group=combined seed=42 fold=002/002 epoch=005/005 train_loss=0.781372 elapsed_s=0.3
2026-07-02 00:57:01,973 INFO chronaris.pipelines.stage_i.public.deep_baseline_runtime: deep_train fold_done dataset=nasa_csm model=chronaris_public_fusion track=objective group=combined seed=42 fold=002/002 elapsed_s=1.6
