2026-07-02 00:57:27,149 INFO chronaris.pipelines.stage_i.public.deep_baseline: stage_i_deep_baseline observer start run_id=physiology_only__seed42 run_root=/home/wangminan/projects/chronaris/docs/artifacts/assets/stage_i_public_fusion_ablation/20260701T-stage-i-public-fusion-ablation-r1/screen/nasa_csm/physiology_only__seed42
2026-07-02 00:57:28,238 INFO chronaris.pipelines.stage_i.public.deep_baseline_runtime: deep_train fold_start dataset=nasa_csm model=chronaris_public_fusion_physiology_only track=objective group=benchmark_only seed=42 fold=001/002 split_group=subject_10 task=classification train_count=1364 epochs=5 batch_size=128
2026-07-02 00:57:28,238 INFO chronaris.pipelines.stage_i.public.deep_baseline_runtime: deep_train epoch_start dataset=nasa_csm model=chronaris_public_fusion_physiology_only track=objective group=benchmark_only seed=42 fold=001/002 epoch=001/005 batch_count=11
2026-07-02 00:57:28,249 INFO chronaris.pipelines.stage_i.public.deep_baseline_runtime: deep_train batch dataset=nasa_csm model=chronaris_public_fusion_physiology_only track=objective group=benchmark_only seed=42 fold=001/002 epoch=001/005 batch=001/011 loss=1.084174 elapsed_s=0.0 status=running
2026-07-02 00:57:28,326 INFO chronaris.pipelines.stage_i.public.deep_baseline_runtime: deep_train batch dataset=nasa_csm model=chronaris_public_fusion_physiology_only track=objective group=benchmark_only seed=42 fold=001/002 epoch=001/005 batch=011/011 loss=1.052734 elapsed_s=0.1 status=running
2026-07-02 00:57:28,326 INFO chronaris.pipelines.stage_i.public.deep_baseline_runtime: deep_train epoch_done dataset=nasa_csm model=chronaris_public_fusion_physiology_only track=objective group=benchmark_only seed=42 fold=001/002 epoch=001/005 train_loss=1.084358 elapsed_s=0.1
2026-07-02 00:57:28,344 INFO chronaris.pipelines.stage_i.public.deep_baseline_runtime: deep_train epoch_start dataset=nasa_csm model=chronaris_public_fusion_physiology_only track=objective group=benchmark_only seed=42 fold=001/002 epoch=002/005 batch_count=11
2026-07-02 00:57:28,355 INFO chronaris.pipelines.stage_i.public.deep_baseline_runtime: deep_train batch dataset=nasa_csm model=chronaris_public_fusion_physiology_only track=objective group=benchmark_only seed=42 fold=001/002 epoch=002/005 batch=001/011 loss=1.067384 elapsed_s=0.1 status=running
2026-07-02 00:57:28,450 INFO chronaris.pipelines.stage_i.public.deep_baseline_runtime: deep_train batch dataset=nasa_csm model=chronaris_public_fusion_physiology_only track=objective group=benchmark_only seed=42 fold=001/002 epoch=002/005 batch=011/011 loss=1.014127 elapsed_s=0.2 status=running
2026-07-02 00:57:28,451 INFO chronaris.pipelines.stage_i.public.deep_baseline_runtime: deep_train epoch_done dataset=nasa_csm model=chronaris_public_fusion_physiology_only track=objective group=benchmark_only seed=42 fold=001/002 epoch=002/005 train_loss=1.048342 elapsed_s=0.1
2026-07-02 00:57:28,469 INFO chronaris.pipelines.stage_i.public.deep_baseline_runtime: deep_train epoch_start dataset=nasa_csm model=chronaris_public_fusion_physiology_only track=objective group=benchmark_only seed=42 fold=001/002 epoch=003/005 batch_count=11
2026-07-02 00:57:28,483 INFO chronaris.pipelines.stage_i.public.deep_baseline_runtime: deep_train batch dataset=nasa_csm model=chronaris_public_fusion_physiology_only track=objective group=benchmark_only seed=42 fold=001/002 epoch=003/005 batch=001/011 loss=1.051357 elapsed_s=0.2 status=running
2026-07-02 00:57:28,567 INFO chronaris.pipelines.stage_i.public.deep_baseline_runtime: deep_train batch dataset=nasa_csm model=chronaris_public_fusion_physiology_only track=objective group=benchmark_only seed=42 fold=001/002 epoch=003/005 batch=011/011 loss=0.918782 elapsed_s=0.3 status=running
2026-07-02 00:57:28,568 INFO chronaris.pipelines.stage_i.public.deep_baseline_runtime: deep_train epoch_done dataset=nasa_csm model=chronaris_public_fusion_physiology_only track=objective group=benchmark_only seed=42 fold=001/002 epoch=003/005 train_loss=0.972573 elapsed_s=0.1
2026-07-02 00:57:28,586 INFO chronaris.pipelines.stage_i.public.deep_baseline_runtime: deep_train epoch_start dataset=nasa_csm model=chronaris_public_fusion_physiology_only track=objective group=benchmark_only seed=42 fold=001/002 epoch=004/005 batch_count=11
2026-07-02 00:57:28,600 INFO chronaris.pipelines.stage_i.public.deep_baseline_runtime: deep_train batch dataset=nasa_csm model=chronaris_public_fusion_physiology_only track=objective group=benchmark_only seed=42 fold=001/002 epoch=004/005 batch=001/011 loss=0.881160 elapsed_s=0.4 status=running
2026-07-02 00:57:28,683 INFO chronaris.pipelines.stage_i.public.deep_baseline_runtime: deep_train batch dataset=nasa_csm model=chronaris_public_fusion_physiology_only track=objective group=benchmark_only seed=42 fold=001/002 epoch=004/005 batch=011/011 loss=0.709004 elapsed_s=0.4 status=running
2026-07-02 00:57:28,684 INFO chronaris.pipelines.stage_i.public.deep_baseline_runtime: deep_train epoch_done dataset=nasa_csm model=chronaris_public_fusion_physiology_only track=objective group=benchmark_only seed=42 fold=001/002 epoch=004/005 train_loss=0.812601 elapsed_s=0.1
2026-07-02 00:57:28,705 INFO chronaris.pipelines.stage_i.public.deep_baseline_runtime: deep_train epoch_start dataset=nasa_csm model=chronaris_public_fusion_physiology_only track=objective group=benchmark_only seed=42 fold=001/002 epoch=005/005 batch_count=11
2026-07-02 00:57:28,744 INFO chronaris.pipelines.stage_i.public.deep_baseline_runtime: deep_train batch dataset=nasa_csm model=chronaris_public_fusion_physiology_only track=objective group=benchmark_only seed=42 fold=001/002 epoch=005/005 batch=001/011 loss=0.803870 elapsed_s=0.5 status=running
2026-07-02 00:57:28,821 INFO chronaris.pipelines.stage_i.public.deep_baseline_runtime: deep_train batch dataset=nasa_csm model=chronaris_public_fusion_physiology_only track=objective group=benchmark_only seed=42 fold=001/002 epoch=005/005 batch=011/011 loss=0.605819 elapsed_s=0.6 status=running
2026-07-02 00:57:28,822 INFO chronaris.pipelines.stage_i.public.deep_baseline_runtime: deep_train epoch_done dataset=nasa_csm model=chronaris_public_fusion_physiology_only track=objective group=benchmark_only seed=42 fold=001/002 epoch=005/005 train_loss=0.669710 elapsed_s=0.1
2026-07-02 00:57:28,840 INFO chronaris.pipelines.stage_i.public.deep_baseline_runtime: deep_train fold_done dataset=nasa_csm model=chronaris_public_fusion_physiology_only track=objective group=benchmark_only seed=42 fold=001/002 elapsed_s=0.6
2026-07-02 00:57:29,059 INFO chronaris.pipelines.stage_i.public.deep_baseline_runtime: deep_train fold_start dataset=nasa_csm model=chronaris_public_fusion_physiology_only track=objective group=benchmark_only seed=42 fold=002/002 split_group=subject_11 task=classification train_count=1366 epochs=5 batch_size=128
2026-07-02 00:57:29,060 INFO chronaris.pipelines.stage_i.public.deep_baseline_runtime: deep_train epoch_start dataset=nasa_csm model=chronaris_public_fusion_physiology_only track=objective group=benchmark_only seed=42 fold=002/002 epoch=001/005 batch_count=11
2026-07-02 00:57:29,073 INFO chronaris.pipelines.stage_i.public.deep_baseline_runtime: deep_train batch dataset=nasa_csm model=chronaris_public_fusion_physiology_only track=objective group=benchmark_only seed=42 fold=002/002 epoch=001/005 batch=001/011 loss=1.099808 elapsed_s=0.0 status=running
2026-07-02 00:57:29,190 INFO chronaris.pipelines.stage_i.public.deep_baseline_runtime: deep_train batch dataset=nasa_csm model=chronaris_public_fusion_physiology_only track=objective group=benchmark_only seed=42 fold=002/002 epoch=001/005 batch=011/011 loss=1.048128 elapsed_s=0.1 status=running
2026-07-02 00:57:29,191 INFO chronaris.pipelines.stage_i.public.deep_baseline_runtime: deep_train epoch_done dataset=nasa_csm model=chronaris_public_fusion_physiology_only track=objective group=benchmark_only seed=42 fold=002/002 epoch=001/005 train_loss=1.095808 elapsed_s=0.1
2026-07-02 00:57:29,209 INFO chronaris.pipelines.stage_i.public.deep_baseline_runtime: deep_train epoch_start dataset=nasa_csm model=chronaris_public_fusion_physiology_only track=objective group=benchmark_only seed=42 fold=002/002 epoch=002/005 batch_count=11
2026-07-02 00:57:29,251 INFO chronaris.pipelines.stage_i.public.deep_baseline_runtime: deep_train batch dataset=nasa_csm model=chronaris_public_fusion_physiology_only track=objective group=benchmark_only seed=42 fold=002/002 epoch=002/005 batch=001/011 loss=1.061969 elapsed_s=0.2 status=running
2026-07-02 00:57:29,332 INFO chronaris.pipelines.stage_i.public.deep_baseline_runtime: deep_train batch dataset=nasa_csm model=chronaris_public_fusion_physiology_only track=objective group=benchmark_only seed=42 fold=002/002 epoch=002/005 batch=011/011 loss=1.037682 elapsed_s=0.3 status=running
2026-07-02 00:57:29,333 INFO chronaris.pipelines.stage_i.public.deep_baseline_runtime: deep_train epoch_done dataset=nasa_csm model=chronaris_public_fusion_physiology_only track=objective group=benchmark_only seed=42 fold=002/002 epoch=002/005 train_loss=1.064510 elapsed_s=0.1
2026-07-02 00:57:29,354 INFO chronaris.pipelines.stage_i.public.deep_baseline_runtime: deep_train epoch_start dataset=nasa_csm model=chronaris_public_fusion_physiology_only track=objective group=benchmark_only seed=42 fold=002/002 epoch=003/005 batch_count=11
2026-07-02 00:57:29,372 INFO chronaris.pipelines.stage_i.public.deep_baseline_runtime: deep_train batch dataset=nasa_csm model=chronaris_public_fusion_physiology_only track=objective group=benchmark_only seed=42 fold=002/002 epoch=003/005 batch=001/011 loss=1.084051 elapsed_s=0.3 status=running
2026-07-02 00:57:29,491 INFO chronaris.pipelines.stage_i.public.deep_baseline_runtime: deep_train batch dataset=nasa_csm model=chronaris_public_fusion_physiology_only track=objective group=benchmark_only seed=42 fold=002/002 epoch=003/005 batch=011/011 loss=0.996634 elapsed_s=0.4 status=running
2026-07-02 00:57:29,492 INFO chronaris.pipelines.stage_i.public.deep_baseline_runtime: deep_train epoch_done dataset=nasa_csm model=chronaris_public_fusion_physiology_only track=objective group=benchmark_only seed=42 fold=002/002 epoch=003/005 train_loss=1.023420 elapsed_s=0.1
2026-07-02 00:57:29,547 INFO chronaris.pipelines.stage_i.public.deep_baseline_runtime: deep_train epoch_start dataset=nasa_csm model=chronaris_public_fusion_physiology_only track=objective group=benchmark_only seed=42 fold=002/002 epoch=004/005 batch_count=11
2026-07-02 00:57:29,563 INFO chronaris.pipelines.stage_i.public.deep_baseline_runtime: deep_train batch dataset=nasa_csm model=chronaris_public_fusion_physiology_only track=objective group=benchmark_only seed=42 fold=002/002 epoch=004/005 batch=001/011 loss=0.947275 elapsed_s=0.5 status=running
2026-07-02 00:57:29,678 INFO chronaris.pipelines.stage_i.public.deep_baseline_runtime: deep_train batch dataset=nasa_csm model=chronaris_public_fusion_physiology_only track=objective group=benchmark_only seed=42 fold=002/002 epoch=004/005 batch=011/011 loss=0.860451 elapsed_s=0.6 status=running
2026-07-02 00:57:29,679 INFO chronaris.pipelines.stage_i.public.deep_baseline_runtime: deep_train epoch_done dataset=nasa_csm model=chronaris_public_fusion_physiology_only track=objective group=benchmark_only seed=42 fold=002/002 epoch=004/005 train_loss=0.900042 elapsed_s=0.1
2026-07-02 00:57:29,698 INFO chronaris.pipelines.stage_i.public.deep_baseline_runtime: deep_train epoch_start dataset=nasa_csm model=chronaris_public_fusion_physiology_only track=objective group=benchmark_only seed=42 fold=002/002 epoch=005/005 batch_count=11
2026-07-02 00:57:29,758 INFO chronaris.pipelines.stage_i.public.deep_baseline_runtime: deep_train batch dataset=nasa_csm model=chronaris_public_fusion_physiology_only track=objective group=benchmark_only seed=42 fold=002/002 epoch=005/005 batch=001/011 loss=0.815193 elapsed_s=0.7 status=running
2026-07-02 00:57:29,848 INFO chronaris.pipelines.stage_i.public.deep_baseline_runtime: deep_train batch dataset=nasa_csm model=chronaris_public_fusion_physiology_only track=objective group=benchmark_only seed=42 fold=002/002 epoch=005/005 batch=011/011 loss=0.735838 elapsed_s=0.8 status=running
2026-07-02 00:57:29,849 INFO chronaris.pipelines.stage_i.public.deep_baseline_runtime: deep_train epoch_done dataset=nasa_csm model=chronaris_public_fusion_physiology_only track=objective group=benchmark_only seed=42 fold=002/002 epoch=005/005 train_loss=0.739492 elapsed_s=0.2
2026-07-02 00:57:29,871 INFO chronaris.pipelines.stage_i.public.deep_baseline_runtime: deep_train fold_done dataset=nasa_csm model=chronaris_public_fusion_physiology_only track=objective group=benchmark_only seed=42 fold=002/002 elapsed_s=0.8
2026-07-02 00:57:30,218 INFO chronaris.pipelines.stage_i.public.deep_baseline_runtime: deep_train fold_start dataset=nasa_csm model=chronaris_public_fusion_physiology_only track=objective group=loft_only seed=42 fold=001/002 split_group=subject_10 task=classification train_count=1259 epochs=5 batch_size=128
2026-07-02 00:57:30,219 INFO chronaris.pipelines.stage_i.public.deep_baseline_runtime: deep_train epoch_start dataset=nasa_csm model=chronaris_public_fusion_physiology_only track=objective group=loft_only seed=42 fold=001/002 epoch=001/005 batch_count=10
2026-07-02 00:57:30,255 INFO chronaris.pipelines.stage_i.public.deep_baseline_runtime: deep_train batch dataset=nasa_csm model=chronaris_public_fusion_physiology_only track=objective group=loft_only seed=42 fold=001/002 epoch=001/005 batch=001/010 loss=1.111228 elapsed_s=0.0 status=running
2026-07-02 00:57:30,328 INFO chronaris.pipelines.stage_i.public.deep_baseline_runtime: deep_train batch dataset=nasa_csm model=chronaris_public_fusion_physiology_only track=objective group=loft_only seed=42 fold=001/002 epoch=001/005 batch=010/010 loss=1.109670 elapsed_s=0.1 status=running
2026-07-02 00:57:30,329 INFO chronaris.pipelines.stage_i.public.deep_baseline_runtime: deep_train epoch_done dataset=nasa_csm model=chronaris_public_fusion_physiology_only track=objective group=loft_only seed=42 fold=001/002 epoch=001/005 train_loss=1.099204 elapsed_s=0.1
2026-07-02 00:57:30,349 INFO chronaris.pipelines.stage_i.public.deep_baseline_runtime: deep_train epoch_start dataset=nasa_csm model=chronaris_public_fusion_physiology_only track=objective group=loft_only seed=42 fold=001/002 epoch=002/005 batch_count=10
2026-07-02 00:57:30,391 INFO chronaris.pipelines.stage_i.public.deep_baseline_runtime: deep_train batch dataset=nasa_csm model=chronaris_public_fusion_physiology_only track=objective group=loft_only seed=42 fold=001/002 epoch=002/005 batch=001/010 loss=1.072356 elapsed_s=0.2 status=running
2026-07-02 00:57:30,468 INFO chronaris.pipelines.stage_i.public.deep_baseline_runtime: deep_train batch dataset=nasa_csm model=chronaris_public_fusion_physiology_only track=objective group=loft_only seed=42 fold=001/002 epoch=002/005 batch=010/010 loss=1.069064 elapsed_s=0.2 status=running
2026-07-02 00:57:30,487 INFO chronaris.pipelines.stage_i.public.deep_baseline_runtime: deep_train epoch_done dataset=nasa_csm model=chronaris_public_fusion_physiology_only track=objective group=loft_only seed=42 fold=001/002 epoch=002/005 train_loss=1.088442 elapsed_s=0.1
2026-07-02 00:57:30,509 INFO chronaris.pipelines.stage_i.public.deep_baseline_runtime: deep_train epoch_start dataset=nasa_csm model=chronaris_public_fusion_physiology_only track=objective group=loft_only seed=42 fold=001/002 epoch=003/005 batch_count=10
2026-07-02 00:57:30,525 INFO chronaris.pipelines.stage_i.public.deep_baseline_runtime: deep_train batch dataset=nasa_csm model=chronaris_public_fusion_physiology_only track=objective group=loft_only seed=42 fold=001/002 epoch=003/005 batch=001/010 loss=1.077954 elapsed_s=0.3 status=running
2026-07-02 00:57:30,646 INFO chronaris.pipelines.stage_i.public.deep_baseline_runtime: deep_train batch dataset=nasa_csm model=chronaris_public_fusion_physiology_only track=objective group=loft_only seed=42 fold=001/002 epoch=003/005 batch=010/010 loss=1.058037 elapsed_s=0.4 status=running
2026-07-02 00:57:30,648 INFO chronaris.pipelines.stage_i.public.deep_baseline_runtime: deep_train epoch_done dataset=nasa_csm model=chronaris_public_fusion_physiology_only track=objective group=loft_only seed=42 fold=001/002 epoch=003/005 train_loss=1.083427 elapsed_s=0.1
2026-07-02 00:57:30,667 INFO chronaris.pipelines.stage_i.public.deep_baseline_runtime: deep_train epoch_start dataset=nasa_csm model=chronaris_public_fusion_physiology_only track=objective group=loft_only seed=42 fold=001/002 epoch=004/005 batch_count=10
2026-07-02 00:57:30,679 INFO chronaris.pipelines.stage_i.public.deep_baseline_runtime: deep_train batch dataset=nasa_csm model=chronaris_public_fusion_physiology_only track=objective group=loft_only seed=42 fold=001/002 epoch=004/005 batch=001/010 loss=1.065655 elapsed_s=0.5 status=running
2026-07-02 00:57:30,785 INFO chronaris.pipelines.stage_i.public.deep_baseline_runtime: deep_train batch dataset=nasa_csm model=chronaris_public_fusion_physiology_only track=objective group=loft_only seed=42 fold=001/002 epoch=004/005 batch=010/010 loss=1.122695 elapsed_s=0.6 status=running
2026-07-02 00:57:30,787 INFO chronaris.pipelines.stage_i.public.deep_baseline_runtime: deep_train epoch_done dataset=nasa_csm model=chronaris_public_fusion_physiology_only track=objective group=loft_only seed=42 fold=001/002 epoch=004/005 train_loss=1.074511 elapsed_s=0.1
2026-07-02 00:57:30,835 INFO chronaris.pipelines.stage_i.public.deep_baseline_runtime: deep_train epoch_start dataset=nasa_csm model=chronaris_public_fusion_physiology_only track=objective group=loft_only seed=42 fold=001/002 epoch=005/005 batch_count=10
2026-07-02 00:57:30,852 INFO chronaris.pipelines.stage_i.public.deep_baseline_runtime: deep_train batch dataset=nasa_csm model=chronaris_public_fusion_physiology_only track=objective group=loft_only seed=42 fold=001/002 epoch=005/005 batch=001/010 loss=1.077459 elapsed_s=0.6 status=running
2026-07-02 00:57:30,958 INFO chronaris.pipelines.stage_i.public.deep_baseline_runtime: deep_train batch dataset=nasa_csm model=chronaris_public_fusion_physiology_only track=objective group=loft_only seed=42 fold=001/002 epoch=005/005 batch=010/010 loss=1.033687 elapsed_s=0.7 status=running
2026-07-02 00:57:30,960 INFO chronaris.pipelines.stage_i.public.deep_baseline_runtime: deep_train epoch_done dataset=nasa_csm model=chronaris_public_fusion_physiology_only track=objective group=loft_only seed=42 fold=001/002 epoch=005/005 train_loss=1.057427 elapsed_s=0.1
2026-07-02 00:57:30,980 INFO chronaris.pipelines.stage_i.public.deep_baseline_runtime: deep_train fold_done dataset=nasa_csm model=chronaris_public_fusion_physiology_only track=objective group=loft_only seed=42 fold=001/002 elapsed_s=0.8
2026-07-02 00:57:31,279 INFO chronaris.pipelines.stage_i.public.deep_baseline_runtime: deep_train fold_start dataset=nasa_csm model=chronaris_public_fusion_physiology_only track=objective group=loft_only seed=42 fold=002/002 split_group=subject_11 task=classification train_count=1279 epochs=5 batch_size=128
2026-07-02 00:57:31,280 INFO chronaris.pipelines.stage_i.public.deep_baseline_runtime: deep_train epoch_start dataset=nasa_csm model=chronaris_public_fusion_physiology_only track=objective group=loft_only seed=42 fold=002/002 epoch=001/005 batch_count=10
2026-07-02 00:57:31,294 INFO chronaris.pipelines.stage_i.public.deep_baseline_runtime: deep_train batch dataset=nasa_csm model=chronaris_public_fusion_physiology_only track=objective group=loft_only seed=42 fold=002/002 epoch=001/005 batch=001/010 loss=1.130262 elapsed_s=0.0 status=running
2026-07-02 00:57:31,373 INFO chronaris.pipelines.stage_i.public.deep_baseline_runtime: deep_train batch dataset=nasa_csm model=chronaris_public_fusion_physiology_only track=objective group=loft_only seed=42 fold=002/002 epoch=001/005 batch=010/010 loss=1.095299 elapsed_s=0.1 status=running
2026-07-02 00:57:31,375 INFO chronaris.pipelines.stage_i.public.deep_baseline_runtime: deep_train epoch_done dataset=nasa_csm model=chronaris_public_fusion_physiology_only track=objective group=loft_only seed=42 fold=002/002 epoch=001/005 train_loss=1.102050 elapsed_s=0.1
2026-07-02 00:57:31,397 INFO chronaris.pipelines.stage_i.public.deep_baseline_runtime: deep_train epoch_start dataset=nasa_csm model=chronaris_public_fusion_physiology_only track=objective group=loft_only seed=42 fold=002/002 epoch=002/005 batch_count=10
2026-07-02 00:57:31,408 INFO chronaris.pipelines.stage_i.public.deep_baseline_runtime: deep_train batch dataset=nasa_csm model=chronaris_public_fusion_physiology_only track=objective group=loft_only seed=42 fold=002/002 epoch=002/005 batch=001/010 loss=1.097852 elapsed_s=0.1 status=running
2026-07-02 00:57:31,487 INFO chronaris.pipelines.stage_i.public.deep_baseline_runtime: deep_train batch dataset=nasa_csm model=chronaris_public_fusion_physiology_only track=objective group=loft_only seed=42 fold=002/002 epoch=002/005 batch=010/010 loss=1.069266 elapsed_s=0.2 status=running
2026-07-02 00:57:31,488 INFO chronaris.pipelines.stage_i.public.deep_baseline_runtime: deep_train epoch_done dataset=nasa_csm model=chronaris_public_fusion_physiology_only track=objective group=loft_only seed=42 fold=002/002 epoch=002/005 train_loss=1.090826 elapsed_s=0.1
2026-07-02 00:57:31,508 INFO chronaris.pipelines.stage_i.public.deep_baseline_runtime: deep_train epoch_start dataset=nasa_csm model=chronaris_public_fusion_physiology_only track=objective group=loft_only seed=42 fold=002/002 epoch=003/005 batch_count=10
2026-07-02 00:57:31,520 INFO chronaris.pipelines.stage_i.public.deep_baseline_runtime: deep_train batch dataset=nasa_csm model=chronaris_public_fusion_physiology_only track=objective group=loft_only seed=42 fold=002/002 epoch=003/005 batch=001/010 loss=1.051595 elapsed_s=0.2 status=running
2026-07-02 00:57:31,598 INFO chronaris.pipelines.stage_i.public.deep_baseline_runtime: deep_train batch dataset=nasa_csm model=chronaris_public_fusion_physiology_only track=objective group=loft_only seed=42 fold=002/002 epoch=003/005 batch=010/010 loss=1.072969 elapsed_s=0.3 status=running
2026-07-02 00:57:31,599 INFO chronaris.pipelines.stage_i.public.deep_baseline_runtime: deep_train epoch_done dataset=nasa_csm model=chronaris_public_fusion_physiology_only track=objective group=loft_only seed=42 fold=002/002 epoch=003/005 train_loss=1.081704 elapsed_s=0.1
2026-07-02 00:57:31,653 INFO chronaris.pipelines.stage_i.public.deep_baseline_runtime: deep_train epoch_start dataset=nasa_csm model=chronaris_public_fusion_physiology_only track=objective group=loft_only seed=42 fold=002/002 epoch=004/005 batch_count=10
2026-07-02 00:57:31,669 INFO chronaris.pipelines.stage_i.public.deep_baseline_runtime: deep_train batch dataset=nasa_csm model=chronaris_public_fusion_physiology_only track=objective group=loft_only seed=42 fold=002/002 epoch=004/005 batch=001/010 loss=1.076956 elapsed_s=0.4 status=running
2026-07-02 00:57:31,746 INFO chronaris.pipelines.stage_i.public.deep_baseline_runtime: deep_train batch dataset=nasa_csm model=chronaris_public_fusion_physiology_only track=objective group=loft_only seed=42 fold=002/002 epoch=004/005 batch=010/010 loss=1.116477 elapsed_s=0.5 status=running
2026-07-02 00:57:31,747 INFO chronaris.pipelines.stage_i.public.deep_baseline_runtime: deep_train epoch_done dataset=nasa_csm model=chronaris_public_fusion_physiology_only track=objective group=loft_only seed=42 fold=002/002 epoch=004/005 train_loss=1.076295 elapsed_s=0.1
2026-07-02 00:57:31,767 INFO chronaris.pipelines.stage_i.public.deep_baseline_runtime: deep_train epoch_start dataset=nasa_csm model=chronaris_public_fusion_physiology_only track=objective group=loft_only seed=42 fold=002/002 epoch=005/005 batch_count=10
2026-07-02 00:57:31,858 INFO chronaris.pipelines.stage_i.public.deep_baseline_runtime: deep_train batch dataset=nasa_csm model=chronaris_public_fusion_physiology_only track=objective group=loft_only seed=42 fold=002/002 epoch=005/005 batch=001/010 loss=1.028748 elapsed_s=0.6 status=running
2026-07-02 00:57:31,955 INFO chronaris.pipelines.stage_i.public.deep_baseline_runtime: deep_train batch dataset=nasa_csm model=chronaris_public_fusion_physiology_only track=objective group=loft_only seed=42 fold=002/002 epoch=005/005 batch=010/010 loss=1.050732 elapsed_s=0.7 status=running
2026-07-02 00:57:31,957 INFO chronaris.pipelines.stage_i.public.deep_baseline_runtime: deep_train epoch_done dataset=nasa_csm model=chronaris_public_fusion_physiology_only track=objective group=loft_only seed=42 fold=002/002 epoch=005/005 train_loss=1.048863 elapsed_s=0.2
2026-07-02 00:57:31,977 INFO chronaris.pipelines.stage_i.public.deep_baseline_runtime: deep_train fold_done dataset=nasa_csm model=chronaris_public_fusion_physiology_only track=objective group=loft_only seed=42 fold=002/002 elapsed_s=0.7
2026-07-02 00:57:32,259 INFO chronaris.pipelines.stage_i.public.deep_baseline_runtime: deep_train fold_start dataset=nasa_csm model=chronaris_public_fusion_physiology_only track=objective group=combined seed=42 fold=001/002 split_group=subject_10 task=classification train_count=2623 epochs=5 batch_size=128
2026-07-02 00:57:32,261 INFO chronaris.pipelines.stage_i.public.deep_baseline_runtime: deep_train epoch_start dataset=nasa_csm model=chronaris_public_fusion_physiology_only track=objective group=combined seed=42 fold=001/002 epoch=001/005 batch_count=21
2026-07-02 00:57:32,274 INFO chronaris.pipelines.stage_i.public.deep_baseline_runtime: deep_train batch dataset=nasa_csm model=chronaris_public_fusion_physiology_only track=objective group=combined seed=42 fold=001/002 epoch=001/005 batch=001/021 loss=1.110114 elapsed_s=0.0 status=running
2026-07-02 00:57:32,433 INFO chronaris.pipelines.stage_i.public.deep_baseline_runtime: deep_train batch dataset=nasa_csm model=chronaris_public_fusion_physiology_only track=objective group=combined seed=42 fold=001/002 epoch=001/005 batch=020/021 loss=1.088603 elapsed_s=0.2 status=running
2026-07-02 00:57:32,464 INFO chronaris.pipelines.stage_i.public.deep_baseline_runtime: deep_train batch dataset=nasa_csm model=chronaris_public_fusion_physiology_only track=objective group=combined seed=42 fold=001/002 epoch=001/005 batch=021/021 loss=1.140087 elapsed_s=0.2 status=running
2026-07-02 00:57:32,466 INFO chronaris.pipelines.stage_i.public.deep_baseline_runtime: deep_train epoch_done dataset=nasa_csm model=chronaris_public_fusion_physiology_only track=objective group=combined seed=42 fold=001/002 epoch=001/005 train_loss=1.103852 elapsed_s=0.2
2026-07-02 00:57:32,487 INFO chronaris.pipelines.stage_i.public.deep_baseline_runtime: deep_train epoch_start dataset=nasa_csm model=chronaris_public_fusion_physiology_only track=objective group=combined seed=42 fold=001/002 epoch=002/005 batch_count=21
2026-07-02 00:57:32,497 INFO chronaris.pipelines.stage_i.public.deep_baseline_runtime: deep_train batch dataset=nasa_csm model=chronaris_public_fusion_physiology_only track=objective group=combined seed=42 fold=001/002 epoch=002/005 batch=001/021 loss=1.109121 elapsed_s=0.2 status=running
2026-07-02 00:57:32,644 INFO chronaris.pipelines.stage_i.public.deep_baseline_runtime: deep_train batch dataset=nasa_csm model=chronaris_public_fusion_physiology_only track=objective group=combined seed=42 fold=001/002 epoch=002/005 batch=020/021 loss=1.094145 elapsed_s=0.4 status=running
2026-07-02 00:57:32,653 INFO chronaris.pipelines.stage_i.public.deep_baseline_runtime: deep_train batch dataset=nasa_csm model=chronaris_public_fusion_physiology_only track=objective group=combined seed=42 fold=001/002 epoch=002/005 batch=021/021 loss=1.083455 elapsed_s=0.4 status=running
2026-07-02 00:57:32,654 INFO chronaris.pipelines.stage_i.public.deep_baseline_runtime: deep_train epoch_done dataset=nasa_csm model=chronaris_public_fusion_physiology_only track=objective group=combined seed=42 fold=001/002 epoch=002/005 train_loss=1.096749 elapsed_s=0.2
2026-07-02 00:57:32,674 INFO chronaris.pipelines.stage_i.public.deep_baseline_runtime: deep_train epoch_start dataset=nasa_csm model=chronaris_public_fusion_physiology_only track=objective group=combined seed=42 fold=001/002 epoch=003/005 batch_count=21
2026-07-02 00:57:32,683 INFO chronaris.pipelines.stage_i.public.deep_baseline_runtime: deep_train batch dataset=nasa_csm model=chronaris_public_fusion_physiology_only track=objective group=combined seed=42 fold=001/002 epoch=003/005 batch=001/021 loss=1.082700 elapsed_s=0.4 status=running
2026-07-02 00:57:32,799 INFO chronaris.pipelines.stage_i.public.deep_baseline_runtime: deep_train batch dataset=nasa_csm model=chronaris_public_fusion_physiology_only track=objective group=combined seed=42 fold=001/002 epoch=003/005 batch=020/021 loss=1.092749 elapsed_s=0.5 status=running
2026-07-02 00:57:32,807 INFO chronaris.pipelines.stage_i.public.deep_baseline_runtime: deep_train batch dataset=nasa_csm model=chronaris_public_fusion_physiology_only track=objective group=combined seed=42 fold=001/002 epoch=003/005 batch=021/021 loss=1.089982 elapsed_s=0.5 status=running
2026-07-02 00:57:32,809 INFO chronaris.pipelines.stage_i.public.deep_baseline_runtime: deep_train epoch_done dataset=nasa_csm model=chronaris_public_fusion_physiology_only track=objective group=combined seed=42 fold=001/002 epoch=003/005 train_loss=1.086831 elapsed_s=0.1
2026-07-02 00:57:32,829 INFO chronaris.pipelines.stage_i.public.deep_baseline_runtime: deep_train epoch_start dataset=nasa_csm model=chronaris_public_fusion_physiology_only track=objective group=combined seed=42 fold=001/002 epoch=004/005 batch_count=21
2026-07-02 00:57:32,838 INFO chronaris.pipelines.stage_i.public.deep_baseline_runtime: deep_train batch dataset=nasa_csm model=chronaris_public_fusion_physiology_only track=objective group=combined seed=42 fold=001/002 epoch=004/005 batch=001/021 loss=1.070871 elapsed_s=0.6 status=running
2026-07-02 00:57:32,953 INFO chronaris.pipelines.stage_i.public.deep_baseline_runtime: deep_train batch dataset=nasa_csm model=chronaris_public_fusion_physiology_only track=objective group=combined seed=42 fold=001/002 epoch=004/005 batch=020/021 loss=1.039894 elapsed_s=0.7 status=running
2026-07-02 00:57:32,962 INFO chronaris.pipelines.stage_i.public.deep_baseline_runtime: deep_train batch dataset=nasa_csm model=chronaris_public_fusion_physiology_only track=objective group=combined seed=42 fold=001/002 epoch=004/005 batch=021/021 loss=1.073070 elapsed_s=0.7 status=running
2026-07-02 00:57:32,964 INFO chronaris.pipelines.stage_i.public.deep_baseline_runtime: deep_train epoch_done dataset=nasa_csm model=chronaris_public_fusion_physiology_only track=objective group=combined seed=42 fold=001/002 epoch=004/005 train_loss=1.083604 elapsed_s=0.1
2026-07-02 00:57:32,983 INFO chronaris.pipelines.stage_i.public.deep_baseline_runtime: deep_train epoch_start dataset=nasa_csm model=chronaris_public_fusion_physiology_only track=objective group=combined seed=42 fold=001/002 epoch=005/005 batch_count=21
2026-07-02 00:57:32,994 INFO chronaris.pipelines.stage_i.public.deep_baseline_runtime: deep_train batch dataset=nasa_csm model=chronaris_public_fusion_physiology_only track=objective group=combined seed=42 fold=001/002 epoch=005/005 batch=001/021 loss=1.048108 elapsed_s=0.7 status=running
2026-07-02 00:57:33,109 INFO chronaris.pipelines.stage_i.public.deep_baseline_runtime: deep_train batch dataset=nasa_csm model=chronaris_public_fusion_physiology_only track=objective group=combined seed=42 fold=001/002 epoch=005/005 batch=020/021 loss=1.055237 elapsed_s=0.8 status=running
2026-07-02 00:57:33,118 INFO chronaris.pipelines.stage_i.public.deep_baseline_runtime: deep_train batch dataset=nasa_csm model=chronaris_public_fusion_physiology_only track=objective group=combined seed=42 fold=001/002 epoch=005/005 batch=021/021 loss=0.987490 elapsed_s=0.9 status=running
2026-07-02 00:57:33,121 INFO chronaris.pipelines.stage_i.public.deep_baseline_runtime: deep_train epoch_done dataset=nasa_csm model=chronaris_public_fusion_physiology_only track=objective group=combined seed=42 fold=001/002 epoch=005/005 train_loss=1.050438 elapsed_s=0.1
2026-07-02 00:57:33,140 INFO chronaris.pipelines.stage_i.public.deep_baseline_runtime: deep_train fold_done dataset=nasa_csm model=chronaris_public_fusion_physiology_only track=objective group=combined seed=42 fold=001/002 elapsed_s=0.9
2026-07-02 00:57:33,414 INFO chronaris.pipelines.stage_i.public.deep_baseline_runtime: deep_train fold_start dataset=nasa_csm model=chronaris_public_fusion_physiology_only track=objective group=combined seed=42 fold=002/002 split_group=subject_11 task=classification train_count=2645 epochs=5 batch_size=128
2026-07-02 00:57:33,417 INFO chronaris.pipelines.stage_i.public.deep_baseline_runtime: deep_train epoch_start dataset=nasa_csm model=chronaris_public_fusion_physiology_only track=objective group=combined seed=42 fold=002/002 epoch=001/005 batch_count=21
2026-07-02 00:57:33,428 INFO chronaris.pipelines.stage_i.public.deep_baseline_runtime: deep_train batch dataset=nasa_csm model=chronaris_public_fusion_physiology_only track=objective group=combined seed=42 fold=002/002 epoch=001/005 batch=001/021 loss=1.103045 elapsed_s=0.0 status=running
2026-07-02 00:57:33,544 INFO chronaris.pipelines.stage_i.public.deep_baseline_runtime: deep_train batch dataset=nasa_csm model=chronaris_public_fusion_physiology_only track=objective group=combined seed=42 fold=002/002 epoch=001/005 batch=020/021 loss=1.100840 elapsed_s=0.1 status=running
2026-07-02 00:57:33,553 INFO chronaris.pipelines.stage_i.public.deep_baseline_runtime: deep_train batch dataset=nasa_csm model=chronaris_public_fusion_physiology_only track=objective group=combined seed=42 fold=002/002 epoch=001/005 batch=021/021 loss=1.073678 elapsed_s=0.1 status=running
2026-07-02 00:57:33,555 INFO chronaris.pipelines.stage_i.public.deep_baseline_runtime: deep_train epoch_done dataset=nasa_csm model=chronaris_public_fusion_physiology_only track=objective group=combined seed=42 fold=002/002 epoch=001/005 train_loss=1.099369 elapsed_s=0.1
2026-07-02 00:57:33,575 INFO chronaris.pipelines.stage_i.public.deep_baseline_runtime: deep_train epoch_start dataset=nasa_csm model=chronaris_public_fusion_physiology_only track=objective group=combined seed=42 fold=002/002 epoch=002/005 batch_count=21
2026-07-02 00:57:33,584 INFO chronaris.pipelines.stage_i.public.deep_baseline_runtime: deep_train batch dataset=nasa_csm model=chronaris_public_fusion_physiology_only track=objective group=combined seed=42 fold=002/002 epoch=002/005 batch=001/021 loss=1.101796 elapsed_s=0.2 status=running
2026-07-02 00:57:33,699 INFO chronaris.pipelines.stage_i.public.deep_baseline_runtime: deep_train batch dataset=nasa_csm model=chronaris_public_fusion_physiology_only track=objective group=combined seed=42 fold=002/002 epoch=002/005 batch=020/021 loss=1.082342 elapsed_s=0.3 status=running
2026-07-02 00:57:33,708 INFO chronaris.pipelines.stage_i.public.deep_baseline_runtime: deep_train batch dataset=nasa_csm model=chronaris_public_fusion_physiology_only track=objective group=combined seed=42 fold=002/002 epoch=002/005 batch=021/021 loss=1.104130 elapsed_s=0.3 status=running
2026-07-02 00:57:33,710 INFO chronaris.pipelines.stage_i.public.deep_baseline_runtime: deep_train epoch_done dataset=nasa_csm model=chronaris_public_fusion_physiology_only track=objective group=combined seed=42 fold=002/002 epoch=002/005 train_loss=1.091353 elapsed_s=0.1
2026-07-02 00:57:33,731 INFO chronaris.pipelines.stage_i.public.deep_baseline_runtime: deep_train epoch_start dataset=nasa_csm model=chronaris_public_fusion_physiology_only track=objective group=combined seed=42 fold=002/002 epoch=003/005 batch_count=21
2026-07-02 00:57:33,745 INFO chronaris.pipelines.stage_i.public.deep_baseline_runtime: deep_train batch dataset=nasa_csm model=chronaris_public_fusion_physiology_only track=objective group=combined seed=42 fold=002/002 epoch=003/005 batch=001/021 loss=1.068683 elapsed_s=0.3 status=running
2026-07-02 00:57:33,858 INFO chronaris.pipelines.stage_i.public.deep_baseline_runtime: deep_train batch dataset=nasa_csm model=chronaris_public_fusion_physiology_only track=objective group=combined seed=42 fold=002/002 epoch=003/005 batch=020/021 loss=1.079863 elapsed_s=0.4 status=running
2026-07-02 00:57:33,867 INFO chronaris.pipelines.stage_i.public.deep_baseline_runtime: deep_train batch dataset=nasa_csm model=chronaris_public_fusion_physiology_only track=objective group=combined seed=42 fold=002/002 epoch=003/005 batch=021/021 loss=1.054237 elapsed_s=0.4 status=running
2026-07-02 00:57:33,869 INFO chronaris.pipelines.stage_i.public.deep_baseline_runtime: deep_train epoch_done dataset=nasa_csm model=chronaris_public_fusion_physiology_only track=objective group=combined seed=42 fold=002/002 epoch=003/005 train_loss=1.080687 elapsed_s=0.1
2026-07-02 00:57:33,889 INFO chronaris.pipelines.stage_i.public.deep_baseline_runtime: deep_train epoch_start dataset=nasa_csm model=chronaris_public_fusion_physiology_only track=objective group=combined seed=42 fold=002/002 epoch=004/005 batch_count=21
2026-07-02 00:57:33,903 INFO chronaris.pipelines.stage_i.public.deep_baseline_runtime: deep_train batch dataset=nasa_csm model=chronaris_public_fusion_physiology_only track=objective group=combined seed=42 fold=002/002 epoch=004/005 batch=001/021 loss=1.086010 elapsed_s=0.5 status=running
2026-07-02 00:57:34,015 INFO chronaris.pipelines.stage_i.public.deep_baseline_runtime: deep_train batch dataset=nasa_csm model=chronaris_public_fusion_physiology_only track=objective group=combined seed=42 fold=002/002 epoch=004/005 batch=020/021 loss=1.054045 elapsed_s=0.6 status=running
2026-07-02 00:57:34,023 INFO chronaris.pipelines.stage_i.public.deep_baseline_runtime: deep_train batch dataset=nasa_csm model=chronaris_public_fusion_physiology_only track=objective group=combined seed=42 fold=002/002 epoch=004/005 batch=021/021 loss=1.041942 elapsed_s=0.6 status=running
2026-07-02 00:57:34,026 INFO chronaris.pipelines.stage_i.public.deep_baseline_runtime: deep_train epoch_done dataset=nasa_csm model=chronaris_public_fusion_physiology_only track=objective group=combined seed=42 fold=002/002 epoch=004/005 train_loss=1.070402 elapsed_s=0.1
2026-07-02 00:57:34,046 INFO chronaris.pipelines.stage_i.public.deep_baseline_runtime: deep_train epoch_start dataset=nasa_csm model=chronaris_public_fusion_physiology_only track=objective group=combined seed=42 fold=002/002 epoch=005/005 batch_count=21
2026-07-02 00:57:34,065 INFO chronaris.pipelines.stage_i.public.deep_baseline_runtime: deep_train batch dataset=nasa_csm model=chronaris_public_fusion_physiology_only track=objective group=combined seed=42 fold=002/002 epoch=005/005 batch=001/021 loss=1.037685 elapsed_s=0.6 status=running
2026-07-02 00:57:34,180 INFO chronaris.pipelines.stage_i.public.deep_baseline_runtime: deep_train batch dataset=nasa_csm model=chronaris_public_fusion_physiology_only track=objective group=combined seed=42 fold=002/002 epoch=005/005 batch=020/021 loss=1.046230 elapsed_s=0.8 status=running
2026-07-02 00:57:34,190 INFO chronaris.pipelines.stage_i.public.deep_baseline_runtime: deep_train batch dataset=nasa_csm model=chronaris_public_fusion_physiology_only track=objective group=combined seed=42 fold=002/002 epoch=005/005 batch=021/021 loss=0.987997 elapsed_s=0.8 status=running
2026-07-02 00:57:34,192 INFO chronaris.pipelines.stage_i.public.deep_baseline_runtime: deep_train epoch_done dataset=nasa_csm model=chronaris_public_fusion_physiology_only track=objective group=combined seed=42 fold=002/002 epoch=005/005 train_loss=1.041610 elapsed_s=0.1
2026-07-02 00:57:34,212 INFO chronaris.pipelines.stage_i.public.deep_baseline_runtime: deep_train fold_done dataset=nasa_csm model=chronaris_public_fusion_physiology_only track=objective group=combined seed=42 fold=002/002 elapsed_s=0.8
