2026-07-02 00:57:34,517 INFO chronaris.pipelines.stage_i.public.deep_baseline: stage_i_deep_baseline observer start run_id=context_only__seed42 run_root=/home/wangminan/projects/chronaris/docs/artifacts/assets/stage_i_public_fusion_ablation/20260701T-stage-i-public-fusion-ablation-r1/screen/nasa_csm/context_only__seed42
2026-07-02 00:57:35,623 INFO chronaris.pipelines.stage_i.public.deep_baseline_runtime: deep_train fold_start dataset=nasa_csm model=chronaris_public_fusion_context_only track=objective group=benchmark_only seed=42 fold=001/002 split_group=subject_10 task=classification train_count=1364 epochs=5 batch_size=128
2026-07-02 00:57:35,624 INFO chronaris.pipelines.stage_i.public.deep_baseline_runtime: deep_train epoch_start dataset=nasa_csm model=chronaris_public_fusion_context_only track=objective group=benchmark_only seed=42 fold=001/002 epoch=001/005 batch_count=11
2026-07-02 00:57:35,634 INFO chronaris.pipelines.stage_i.public.deep_baseline_runtime: deep_train batch dataset=nasa_csm model=chronaris_public_fusion_context_only track=objective group=benchmark_only seed=42 fold=001/002 epoch=001/005 batch=001/011 loss=1.156065 elapsed_s=0.0 status=running
2026-07-02 00:57:35,694 INFO chronaris.pipelines.stage_i.public.deep_baseline_runtime: deep_train batch dataset=nasa_csm model=chronaris_public_fusion_context_only track=objective group=benchmark_only seed=42 fold=001/002 epoch=001/005 batch=011/011 loss=1.118417 elapsed_s=0.1 status=running
2026-07-02 00:57:35,695 INFO chronaris.pipelines.stage_i.public.deep_baseline_runtime: deep_train epoch_done dataset=nasa_csm model=chronaris_public_fusion_context_only track=objective group=benchmark_only seed=42 fold=001/002 epoch=001/005 train_loss=1.117142 elapsed_s=0.1
2026-07-02 00:57:35,712 INFO chronaris.pipelines.stage_i.public.deep_baseline_runtime: deep_train epoch_start dataset=nasa_csm model=chronaris_public_fusion_context_only track=objective group=benchmark_only seed=42 fold=001/002 epoch=002/005 batch_count=11
2026-07-02 00:57:35,719 INFO chronaris.pipelines.stage_i.public.deep_baseline_runtime: deep_train batch dataset=nasa_csm model=chronaris_public_fusion_context_only track=objective group=benchmark_only seed=42 fold=001/002 epoch=002/005 batch=001/011 loss=1.111413 elapsed_s=0.1 status=running
2026-07-02 00:57:35,779 INFO chronaris.pipelines.stage_i.public.deep_baseline_runtime: deep_train batch dataset=nasa_csm model=chronaris_public_fusion_context_only track=objective group=benchmark_only seed=42 fold=001/002 epoch=002/005 batch=011/011 loss=1.092356 elapsed_s=0.2 status=running
2026-07-02 00:57:35,779 INFO chronaris.pipelines.stage_i.public.deep_baseline_runtime: deep_train epoch_done dataset=nasa_csm model=chronaris_public_fusion_context_only track=objective group=benchmark_only seed=42 fold=001/002 epoch=002/005 train_loss=1.102785 elapsed_s=0.1
2026-07-02 00:57:35,797 INFO chronaris.pipelines.stage_i.public.deep_baseline_runtime: deep_train epoch_start dataset=nasa_csm model=chronaris_public_fusion_context_only track=objective group=benchmark_only seed=42 fold=001/002 epoch=003/005 batch_count=11
2026-07-02 00:57:35,807 INFO chronaris.pipelines.stage_i.public.deep_baseline_runtime: deep_train batch dataset=nasa_csm model=chronaris_public_fusion_context_only track=objective group=benchmark_only seed=42 fold=001/002 epoch=003/005 batch=001/011 loss=1.092231 elapsed_s=0.2 status=running
2026-07-02 00:57:35,868 INFO chronaris.pipelines.stage_i.public.deep_baseline_runtime: deep_train batch dataset=nasa_csm model=chronaris_public_fusion_context_only track=objective group=benchmark_only seed=42 fold=001/002 epoch=003/005 batch=011/011 loss=1.093598 elapsed_s=0.2 status=running
2026-07-02 00:57:35,868 INFO chronaris.pipelines.stage_i.public.deep_baseline_runtime: deep_train epoch_done dataset=nasa_csm model=chronaris_public_fusion_context_only track=objective group=benchmark_only seed=42 fold=001/002 epoch=003/005 train_loss=1.098500 elapsed_s=0.1
2026-07-02 00:57:35,886 INFO chronaris.pipelines.stage_i.public.deep_baseline_runtime: deep_train epoch_start dataset=nasa_csm model=chronaris_public_fusion_context_only track=objective group=benchmark_only seed=42 fold=001/002 epoch=004/005 batch_count=11
2026-07-02 00:57:35,898 INFO chronaris.pipelines.stage_i.public.deep_baseline_runtime: deep_train batch dataset=nasa_csm model=chronaris_public_fusion_context_only track=objective group=benchmark_only seed=42 fold=001/002 epoch=004/005 batch=001/011 loss=1.104210 elapsed_s=0.3 status=running
2026-07-02 00:57:35,959 INFO chronaris.pipelines.stage_i.public.deep_baseline_runtime: deep_train batch dataset=nasa_csm model=chronaris_public_fusion_context_only track=objective group=benchmark_only seed=42 fold=001/002 epoch=004/005 batch=011/011 loss=1.099046 elapsed_s=0.3 status=running
2026-07-02 00:57:35,960 INFO chronaris.pipelines.stage_i.public.deep_baseline_runtime: deep_train epoch_done dataset=nasa_csm model=chronaris_public_fusion_context_only track=objective group=benchmark_only seed=42 fold=001/002 epoch=004/005 train_loss=1.095309 elapsed_s=0.1
2026-07-02 00:57:36,027 INFO chronaris.pipelines.stage_i.public.deep_baseline_runtime: deep_train epoch_start dataset=nasa_csm model=chronaris_public_fusion_context_only track=objective group=benchmark_only seed=42 fold=001/002 epoch=005/005 batch_count=11
2026-07-02 00:57:36,042 INFO chronaris.pipelines.stage_i.public.deep_baseline_runtime: deep_train batch dataset=nasa_csm model=chronaris_public_fusion_context_only track=objective group=benchmark_only seed=42 fold=001/002 epoch=005/005 batch=001/011 loss=1.092434 elapsed_s=0.4 status=running
2026-07-02 00:57:36,144 INFO chronaris.pipelines.stage_i.public.deep_baseline_runtime: deep_train batch dataset=nasa_csm model=chronaris_public_fusion_context_only track=objective group=benchmark_only seed=42 fold=001/002 epoch=005/005 batch=011/011 loss=1.083369 elapsed_s=0.5 status=running
2026-07-02 00:57:36,145 INFO chronaris.pipelines.stage_i.public.deep_baseline_runtime: deep_train epoch_done dataset=nasa_csm model=chronaris_public_fusion_context_only track=objective group=benchmark_only seed=42 fold=001/002 epoch=005/005 train_loss=1.086555 elapsed_s=0.1
2026-07-02 00:57:36,163 INFO chronaris.pipelines.stage_i.public.deep_baseline_runtime: deep_train fold_done dataset=nasa_csm model=chronaris_public_fusion_context_only track=objective group=benchmark_only seed=42 fold=001/002 elapsed_s=0.5
2026-07-02 00:57:36,368 INFO chronaris.pipelines.stage_i.public.deep_baseline_runtime: deep_train fold_start dataset=nasa_csm model=chronaris_public_fusion_context_only track=objective group=benchmark_only seed=42 fold=002/002 split_group=subject_11 task=classification train_count=1366 epochs=5 batch_size=128
2026-07-02 00:57:36,369 INFO chronaris.pipelines.stage_i.public.deep_baseline_runtime: deep_train epoch_start dataset=nasa_csm model=chronaris_public_fusion_context_only track=objective group=benchmark_only seed=42 fold=002/002 epoch=001/005 batch_count=11
2026-07-02 00:57:36,379 INFO chronaris.pipelines.stage_i.public.deep_baseline_runtime: deep_train batch dataset=nasa_csm model=chronaris_public_fusion_context_only track=objective group=benchmark_only seed=42 fold=002/002 epoch=001/005 batch=001/011 loss=1.172413 elapsed_s=0.0 status=running
2026-07-02 00:57:36,442 INFO chronaris.pipelines.stage_i.public.deep_baseline_runtime: deep_train batch dataset=nasa_csm model=chronaris_public_fusion_context_only track=objective group=benchmark_only seed=42 fold=002/002 epoch=001/005 batch=011/011 loss=1.095011 elapsed_s=0.1 status=running
2026-07-02 00:57:36,443 INFO chronaris.pipelines.stage_i.public.deep_baseline_runtime: deep_train epoch_done dataset=nasa_csm model=chronaris_public_fusion_context_only track=objective group=benchmark_only seed=42 fold=002/002 epoch=001/005 train_loss=1.110030 elapsed_s=0.1
2026-07-02 00:57:36,461 INFO chronaris.pipelines.stage_i.public.deep_baseline_runtime: deep_train epoch_start dataset=nasa_csm model=chronaris_public_fusion_context_only track=objective group=benchmark_only seed=42 fold=002/002 epoch=002/005 batch_count=11
2026-07-02 00:57:36,470 INFO chronaris.pipelines.stage_i.public.deep_baseline_runtime: deep_train batch dataset=nasa_csm model=chronaris_public_fusion_context_only track=objective group=benchmark_only seed=42 fold=002/002 epoch=002/005 batch=001/011 loss=1.102461 elapsed_s=0.1 status=running
2026-07-02 00:57:36,550 INFO chronaris.pipelines.stage_i.public.deep_baseline_runtime: deep_train batch dataset=nasa_csm model=chronaris_public_fusion_context_only track=objective group=benchmark_only seed=42 fold=002/002 epoch=002/005 batch=011/011 loss=1.090474 elapsed_s=0.2 status=running
2026-07-02 00:57:36,551 INFO chronaris.pipelines.stage_i.public.deep_baseline_runtime: deep_train epoch_done dataset=nasa_csm model=chronaris_public_fusion_context_only track=objective group=benchmark_only seed=42 fold=002/002 epoch=002/005 train_loss=1.098257 elapsed_s=0.1
2026-07-02 00:57:36,570 INFO chronaris.pipelines.stage_i.public.deep_baseline_runtime: deep_train epoch_start dataset=nasa_csm model=chronaris_public_fusion_context_only track=objective group=benchmark_only seed=42 fold=002/002 epoch=003/005 batch_count=11
2026-07-02 00:57:36,583 INFO chronaris.pipelines.stage_i.public.deep_baseline_runtime: deep_train batch dataset=nasa_csm model=chronaris_public_fusion_context_only track=objective group=benchmark_only seed=42 fold=002/002 epoch=003/005 batch=001/011 loss=1.096782 elapsed_s=0.2 status=running
2026-07-02 00:57:36,663 INFO chronaris.pipelines.stage_i.public.deep_baseline_runtime: deep_train batch dataset=nasa_csm model=chronaris_public_fusion_context_only track=objective group=benchmark_only seed=42 fold=002/002 epoch=003/005 batch=011/011 loss=1.091029 elapsed_s=0.3 status=running
2026-07-02 00:57:36,664 INFO chronaris.pipelines.stage_i.public.deep_baseline_runtime: deep_train epoch_done dataset=nasa_csm model=chronaris_public_fusion_context_only track=objective group=benchmark_only seed=42 fold=002/002 epoch=003/005 train_loss=1.098268 elapsed_s=0.1
2026-07-02 00:57:36,683 INFO chronaris.pipelines.stage_i.public.deep_baseline_runtime: deep_train epoch_start dataset=nasa_csm model=chronaris_public_fusion_context_only track=objective group=benchmark_only seed=42 fold=002/002 epoch=004/005 batch_count=11
2026-07-02 00:57:36,695 INFO chronaris.pipelines.stage_i.public.deep_baseline_runtime: deep_train batch dataset=nasa_csm model=chronaris_public_fusion_context_only track=objective group=benchmark_only seed=42 fold=002/002 epoch=004/005 batch=001/011 loss=1.093380 elapsed_s=0.3 status=running
2026-07-02 00:57:36,775 INFO chronaris.pipelines.stage_i.public.deep_baseline_runtime: deep_train batch dataset=nasa_csm model=chronaris_public_fusion_context_only track=objective group=benchmark_only seed=42 fold=002/002 epoch=004/005 batch=011/011 loss=1.087389 elapsed_s=0.4 status=running
2026-07-02 00:57:36,776 INFO chronaris.pipelines.stage_i.public.deep_baseline_runtime: deep_train epoch_done dataset=nasa_csm model=chronaris_public_fusion_context_only track=objective group=benchmark_only seed=42 fold=002/002 epoch=004/005 train_loss=1.090176 elapsed_s=0.1
2026-07-02 00:57:36,795 INFO chronaris.pipelines.stage_i.public.deep_baseline_runtime: deep_train epoch_start dataset=nasa_csm model=chronaris_public_fusion_context_only track=objective group=benchmark_only seed=42 fold=002/002 epoch=005/005 batch_count=11
2026-07-02 00:57:36,816 INFO chronaris.pipelines.stage_i.public.deep_baseline_runtime: deep_train batch dataset=nasa_csm model=chronaris_public_fusion_context_only track=objective group=benchmark_only seed=42 fold=002/002 epoch=005/005 batch=001/011 loss=1.076419 elapsed_s=0.4 status=running
2026-07-02 00:57:36,923 INFO chronaris.pipelines.stage_i.public.deep_baseline_runtime: deep_train batch dataset=nasa_csm model=chronaris_public_fusion_context_only track=objective group=benchmark_only seed=42 fold=002/002 epoch=005/005 batch=011/011 loss=1.053799 elapsed_s=0.6 status=running
2026-07-02 00:57:36,924 INFO chronaris.pipelines.stage_i.public.deep_baseline_runtime: deep_train epoch_done dataset=nasa_csm model=chronaris_public_fusion_context_only track=objective group=benchmark_only seed=42 fold=002/002 epoch=005/005 train_loss=1.067144 elapsed_s=0.1
2026-07-02 00:57:36,942 INFO chronaris.pipelines.stage_i.public.deep_baseline_runtime: deep_train fold_done dataset=nasa_csm model=chronaris_public_fusion_context_only track=objective group=benchmark_only seed=42 fold=002/002 elapsed_s=0.6
2026-07-02 00:57:37,206 INFO chronaris.pipelines.stage_i.public.deep_baseline_runtime: deep_train fold_start dataset=nasa_csm model=chronaris_public_fusion_context_only track=objective group=loft_only seed=42 fold=001/002 split_group=subject_10 task=classification train_count=1259 epochs=5 batch_size=128
2026-07-02 00:57:37,208 INFO chronaris.pipelines.stage_i.public.deep_baseline_runtime: deep_train epoch_start dataset=nasa_csm model=chronaris_public_fusion_context_only track=objective group=loft_only seed=42 fold=001/002 epoch=001/005 batch_count=10
2026-07-02 00:57:37,221 INFO chronaris.pipelines.stage_i.public.deep_baseline_runtime: deep_train batch dataset=nasa_csm model=chronaris_public_fusion_context_only track=objective group=loft_only seed=42 fold=001/002 epoch=001/005 batch=001/010 loss=1.119047 elapsed_s=0.0 status=running
2026-07-02 00:57:37,288 INFO chronaris.pipelines.stage_i.public.deep_baseline_runtime: deep_train batch dataset=nasa_csm model=chronaris_public_fusion_context_only track=objective group=loft_only seed=42 fold=001/002 epoch=001/005 batch=010/010 loss=1.000193 elapsed_s=0.1 status=running
2026-07-02 00:57:37,290 INFO chronaris.pipelines.stage_i.public.deep_baseline_runtime: deep_train epoch_done dataset=nasa_csm model=chronaris_public_fusion_context_only track=objective group=loft_only seed=42 fold=001/002 epoch=001/005 train_loss=1.058676 elapsed_s=0.1
2026-07-02 00:57:37,308 INFO chronaris.pipelines.stage_i.public.deep_baseline_runtime: deep_train epoch_start dataset=nasa_csm model=chronaris_public_fusion_context_only track=objective group=loft_only seed=42 fold=001/002 epoch=002/005 batch_count=10
2026-07-02 00:57:37,318 INFO chronaris.pipelines.stage_i.public.deep_baseline_runtime: deep_train batch dataset=nasa_csm model=chronaris_public_fusion_context_only track=objective group=loft_only seed=42 fold=001/002 epoch=002/005 batch=001/010 loss=1.000927 elapsed_s=0.1 status=running
2026-07-02 00:57:37,389 INFO chronaris.pipelines.stage_i.public.deep_baseline_runtime: deep_train batch dataset=nasa_csm model=chronaris_public_fusion_context_only track=objective group=loft_only seed=42 fold=001/002 epoch=002/005 batch=010/010 loss=0.826416 elapsed_s=0.2 status=running
2026-07-02 00:57:37,390 INFO chronaris.pipelines.stage_i.public.deep_baseline_runtime: deep_train epoch_done dataset=nasa_csm model=chronaris_public_fusion_context_only track=objective group=loft_only seed=42 fold=001/002 epoch=002/005 train_loss=0.906304 elapsed_s=0.1
2026-07-02 00:57:37,410 INFO chronaris.pipelines.stage_i.public.deep_baseline_runtime: deep_train epoch_start dataset=nasa_csm model=chronaris_public_fusion_context_only track=objective group=loft_only seed=42 fold=001/002 epoch=003/005 batch_count=10
2026-07-02 00:57:37,423 INFO chronaris.pipelines.stage_i.public.deep_baseline_runtime: deep_train batch dataset=nasa_csm model=chronaris_public_fusion_context_only track=objective group=loft_only seed=42 fold=001/002 epoch=003/005 batch=001/010 loss=0.774341 elapsed_s=0.2 status=running
2026-07-02 00:57:37,493 INFO chronaris.pipelines.stage_i.public.deep_baseline_runtime: deep_train batch dataset=nasa_csm model=chronaris_public_fusion_context_only track=objective group=loft_only seed=42 fold=001/002 epoch=003/005 batch=010/010 loss=0.677172 elapsed_s=0.3 status=running
2026-07-02 00:57:37,494 INFO chronaris.pipelines.stage_i.public.deep_baseline_runtime: deep_train epoch_done dataset=nasa_csm model=chronaris_public_fusion_context_only track=objective group=loft_only seed=42 fold=001/002 epoch=003/005 train_loss=0.770722 elapsed_s=0.1
2026-07-02 00:57:37,513 INFO chronaris.pipelines.stage_i.public.deep_baseline_runtime: deep_train epoch_start dataset=nasa_csm model=chronaris_public_fusion_context_only track=objective group=loft_only seed=42 fold=001/002 epoch=004/005 batch_count=10
2026-07-02 00:57:37,537 INFO chronaris.pipelines.stage_i.public.deep_baseline_runtime: deep_train batch dataset=nasa_csm model=chronaris_public_fusion_context_only track=objective group=loft_only seed=42 fold=001/002 epoch=004/005 batch=001/010 loss=0.682338 elapsed_s=0.3 status=running
2026-07-02 00:57:37,598 INFO chronaris.pipelines.stage_i.public.deep_baseline_runtime: deep_train batch dataset=nasa_csm model=chronaris_public_fusion_context_only track=objective group=loft_only seed=42 fold=001/002 epoch=004/005 batch=010/010 loss=0.674212 elapsed_s=0.4 status=running
2026-07-02 00:57:37,599 INFO chronaris.pipelines.stage_i.public.deep_baseline_runtime: deep_train epoch_done dataset=nasa_csm model=chronaris_public_fusion_context_only track=objective group=loft_only seed=42 fold=001/002 epoch=004/005 train_loss=0.691138 elapsed_s=0.1
2026-07-02 00:57:37,618 INFO chronaris.pipelines.stage_i.public.deep_baseline_runtime: deep_train epoch_start dataset=nasa_csm model=chronaris_public_fusion_context_only track=objective group=loft_only seed=42 fold=001/002 epoch=005/005 batch_count=10
2026-07-02 00:57:37,628 INFO chronaris.pipelines.stage_i.public.deep_baseline_runtime: deep_train batch dataset=nasa_csm model=chronaris_public_fusion_context_only track=objective group=loft_only seed=42 fold=001/002 epoch=005/005 batch=001/010 loss=0.656482 elapsed_s=0.4 status=running
2026-07-02 00:57:37,682 INFO chronaris.pipelines.stage_i.public.deep_baseline_runtime: deep_train batch dataset=nasa_csm model=chronaris_public_fusion_context_only track=objective group=loft_only seed=42 fold=001/002 epoch=005/005 batch=010/010 loss=0.538134 elapsed_s=0.5 status=running
2026-07-02 00:57:37,684 INFO chronaris.pipelines.stage_i.public.deep_baseline_runtime: deep_train epoch_done dataset=nasa_csm model=chronaris_public_fusion_context_only track=objective group=loft_only seed=42 fold=001/002 epoch=005/005 train_loss=0.612483 elapsed_s=0.1
2026-07-02 00:57:37,702 INFO chronaris.pipelines.stage_i.public.deep_baseline_runtime: deep_train fold_done dataset=nasa_csm model=chronaris_public_fusion_context_only track=objective group=loft_only seed=42 fold=001/002 elapsed_s=0.5
2026-07-02 00:57:37,982 INFO chronaris.pipelines.stage_i.public.deep_baseline_runtime: deep_train fold_start dataset=nasa_csm model=chronaris_public_fusion_context_only track=objective group=loft_only seed=42 fold=002/002 split_group=subject_11 task=classification train_count=1279 epochs=5 batch_size=128
2026-07-02 00:57:37,984 INFO chronaris.pipelines.stage_i.public.deep_baseline_runtime: deep_train epoch_start dataset=nasa_csm model=chronaris_public_fusion_context_only track=objective group=loft_only seed=42 fold=002/002 epoch=001/005 batch_count=10
2026-07-02 00:57:38,011 INFO chronaris.pipelines.stage_i.public.deep_baseline_runtime: deep_train batch dataset=nasa_csm model=chronaris_public_fusion_context_only track=objective group=loft_only seed=42 fold=002/002 epoch=001/005 batch=001/010 loss=1.138237 elapsed_s=0.0 status=running
2026-07-02 00:57:38,072 INFO chronaris.pipelines.stage_i.public.deep_baseline_runtime: deep_train batch dataset=nasa_csm model=chronaris_public_fusion_context_only track=objective group=loft_only seed=42 fold=002/002 epoch=001/005 batch=010/010 loss=1.036851 elapsed_s=0.1 status=running
2026-07-02 00:57:38,073 INFO chronaris.pipelines.stage_i.public.deep_baseline_runtime: deep_train epoch_done dataset=nasa_csm model=chronaris_public_fusion_context_only track=objective group=loft_only seed=42 fold=002/002 epoch=001/005 train_loss=1.075666 elapsed_s=0.1
2026-07-02 00:57:38,093 INFO chronaris.pipelines.stage_i.public.deep_baseline_runtime: deep_train epoch_start dataset=nasa_csm model=chronaris_public_fusion_context_only track=objective group=loft_only seed=42 fold=002/002 epoch=002/005 batch_count=10
2026-07-02 00:57:38,101 INFO chronaris.pipelines.stage_i.public.deep_baseline_runtime: deep_train batch dataset=nasa_csm model=chronaris_public_fusion_context_only track=objective group=loft_only seed=42 fold=002/002 epoch=002/005 batch=001/010 loss=1.015254 elapsed_s=0.1 status=running
2026-07-02 00:57:38,156 INFO chronaris.pipelines.stage_i.public.deep_baseline_runtime: deep_train batch dataset=nasa_csm model=chronaris_public_fusion_context_only track=objective group=loft_only seed=42 fold=002/002 epoch=002/005 batch=010/010 loss=0.857494 elapsed_s=0.2 status=running
2026-07-02 00:57:38,158 INFO chronaris.pipelines.stage_i.public.deep_baseline_runtime: deep_train epoch_done dataset=nasa_csm model=chronaris_public_fusion_context_only track=objective group=loft_only seed=42 fold=002/002 epoch=002/005 train_loss=0.935471 elapsed_s=0.1
2026-07-02 00:57:38,177 INFO chronaris.pipelines.stage_i.public.deep_baseline_runtime: deep_train epoch_start dataset=nasa_csm model=chronaris_public_fusion_context_only track=objective group=loft_only seed=42 fold=002/002 epoch=003/005 batch_count=10
2026-07-02 00:57:38,186 INFO chronaris.pipelines.stage_i.public.deep_baseline_runtime: deep_train batch dataset=nasa_csm model=chronaris_public_fusion_context_only track=objective group=loft_only seed=42 fold=002/002 epoch=003/005 batch=001/010 loss=0.805475 elapsed_s=0.2 status=running
2026-07-02 00:57:38,242 INFO chronaris.pipelines.stage_i.public.deep_baseline_runtime: deep_train batch dataset=nasa_csm model=chronaris_public_fusion_context_only track=objective group=loft_only seed=42 fold=002/002 epoch=003/005 batch=010/010 loss=0.735448 elapsed_s=0.3 status=running
2026-07-02 00:57:38,244 INFO chronaris.pipelines.stage_i.public.deep_baseline_runtime: deep_train epoch_done dataset=nasa_csm model=chronaris_public_fusion_context_only track=objective group=loft_only seed=42 fold=002/002 epoch=003/005 train_loss=0.801519 elapsed_s=0.1
2026-07-02 00:57:38,263 INFO chronaris.pipelines.stage_i.public.deep_baseline_runtime: deep_train epoch_start dataset=nasa_csm model=chronaris_public_fusion_context_only track=objective group=loft_only seed=42 fold=002/002 epoch=004/005 batch_count=10
2026-07-02 00:57:38,272 INFO chronaris.pipelines.stage_i.public.deep_baseline_runtime: deep_train batch dataset=nasa_csm model=chronaris_public_fusion_context_only track=objective group=loft_only seed=42 fold=002/002 epoch=004/005 batch=001/010 loss=0.797695 elapsed_s=0.3 status=running
2026-07-02 00:57:38,325 INFO chronaris.pipelines.stage_i.public.deep_baseline_runtime: deep_train batch dataset=nasa_csm model=chronaris_public_fusion_context_only track=objective group=loft_only seed=42 fold=002/002 epoch=004/005 batch=010/010 loss=0.673398 elapsed_s=0.3 status=running
2026-07-02 00:57:38,327 INFO chronaris.pipelines.stage_i.public.deep_baseline_runtime: deep_train epoch_done dataset=nasa_csm model=chronaris_public_fusion_context_only track=objective group=loft_only seed=42 fold=002/002 epoch=004/005 train_loss=0.708501 elapsed_s=0.1
2026-07-02 00:57:38,346 INFO chronaris.pipelines.stage_i.public.deep_baseline_runtime: deep_train epoch_start dataset=nasa_csm model=chronaris_public_fusion_context_only track=objective group=loft_only seed=42 fold=002/002 epoch=005/005 batch_count=10
2026-07-02 00:57:38,356 INFO chronaris.pipelines.stage_i.public.deep_baseline_runtime: deep_train batch dataset=nasa_csm model=chronaris_public_fusion_context_only track=objective group=loft_only seed=42 fold=002/002 epoch=005/005 batch=001/010 loss=0.619586 elapsed_s=0.4 status=running
2026-07-02 00:57:38,409 INFO chronaris.pipelines.stage_i.public.deep_baseline_runtime: deep_train batch dataset=nasa_csm model=chronaris_public_fusion_context_only track=objective group=loft_only seed=42 fold=002/002 epoch=005/005 batch=010/010 loss=0.566970 elapsed_s=0.4 status=running
2026-07-02 00:57:38,411 INFO chronaris.pipelines.stage_i.public.deep_baseline_runtime: deep_train epoch_done dataset=nasa_csm model=chronaris_public_fusion_context_only track=objective group=loft_only seed=42 fold=002/002 epoch=005/005 train_loss=0.632436 elapsed_s=0.1
2026-07-02 00:57:38,430 INFO chronaris.pipelines.stage_i.public.deep_baseline_runtime: deep_train fold_done dataset=nasa_csm model=chronaris_public_fusion_context_only track=objective group=loft_only seed=42 fold=002/002 elapsed_s=0.4
2026-07-02 00:57:38,717 INFO chronaris.pipelines.stage_i.public.deep_baseline_runtime: deep_train fold_start dataset=nasa_csm model=chronaris_public_fusion_context_only track=objective group=combined seed=42 fold=001/002 split_group=subject_10 task=classification train_count=2623 epochs=5 batch_size=128
2026-07-02 00:57:38,719 INFO chronaris.pipelines.stage_i.public.deep_baseline_runtime: deep_train epoch_start dataset=nasa_csm model=chronaris_public_fusion_context_only track=objective group=combined seed=42 fold=001/002 epoch=001/005 batch_count=21
2026-07-02 00:57:38,730 INFO chronaris.pipelines.stage_i.public.deep_baseline_runtime: deep_train batch dataset=nasa_csm model=chronaris_public_fusion_context_only track=objective group=combined seed=42 fold=001/002 epoch=001/005 batch=001/021 loss=1.112365 elapsed_s=0.0 status=running
2026-07-02 00:57:38,853 INFO chronaris.pipelines.stage_i.public.deep_baseline_runtime: deep_train batch dataset=nasa_csm model=chronaris_public_fusion_context_only track=objective group=combined seed=42 fold=001/002 epoch=001/005 batch=020/021 loss=1.083889 elapsed_s=0.1 status=running
2026-07-02 00:57:38,861 INFO chronaris.pipelines.stage_i.public.deep_baseline_runtime: deep_train batch dataset=nasa_csm model=chronaris_public_fusion_context_only track=objective group=combined seed=42 fold=001/002 epoch=001/005 batch=021/021 loss=1.099784 elapsed_s=0.1 status=running
2026-07-02 00:57:38,863 INFO chronaris.pipelines.stage_i.public.deep_baseline_runtime: deep_train epoch_done dataset=nasa_csm model=chronaris_public_fusion_context_only track=objective group=combined seed=42 fold=001/002 epoch=001/005 train_loss=1.101011 elapsed_s=0.1
2026-07-02 00:57:38,884 INFO chronaris.pipelines.stage_i.public.deep_baseline_runtime: deep_train epoch_start dataset=nasa_csm model=chronaris_public_fusion_context_only track=objective group=combined seed=42 fold=001/002 epoch=002/005 batch_count=21
2026-07-02 00:57:38,895 INFO chronaris.pipelines.stage_i.public.deep_baseline_runtime: deep_train batch dataset=nasa_csm model=chronaris_public_fusion_context_only track=objective group=combined seed=42 fold=001/002 epoch=002/005 batch=001/021 loss=1.078481 elapsed_s=0.2 status=running
2026-07-02 00:57:39,019 INFO chronaris.pipelines.stage_i.public.deep_baseline_runtime: deep_train batch dataset=nasa_csm model=chronaris_public_fusion_context_only track=objective group=combined seed=42 fold=001/002 epoch=002/005 batch=020/021 loss=0.995179 elapsed_s=0.3 status=running
2026-07-02 00:57:39,027 INFO chronaris.pipelines.stage_i.public.deep_baseline_runtime: deep_train batch dataset=nasa_csm model=chronaris_public_fusion_context_only track=objective group=combined seed=42 fold=001/002 epoch=002/005 batch=021/021 loss=1.047267 elapsed_s=0.3 status=running
2026-07-02 00:57:39,057 INFO chronaris.pipelines.stage_i.public.deep_baseline_runtime: deep_train epoch_done dataset=nasa_csm model=chronaris_public_fusion_context_only track=objective group=combined seed=42 fold=001/002 epoch=002/005 train_loss=1.038902 elapsed_s=0.2
2026-07-02 00:57:39,079 INFO chronaris.pipelines.stage_i.public.deep_baseline_runtime: deep_train epoch_start dataset=nasa_csm model=chronaris_public_fusion_context_only track=objective group=combined seed=42 fold=001/002 epoch=003/005 batch_count=21
2026-07-02 00:57:39,089 INFO chronaris.pipelines.stage_i.public.deep_baseline_runtime: deep_train batch dataset=nasa_csm model=chronaris_public_fusion_context_only track=objective group=combined seed=42 fold=001/002 epoch=003/005 batch=001/021 loss=0.949956 elapsed_s=0.4 status=running
2026-07-02 00:57:39,211 INFO chronaris.pipelines.stage_i.public.deep_baseline_runtime: deep_train batch dataset=nasa_csm model=chronaris_public_fusion_context_only track=objective group=combined seed=42 fold=001/002 epoch=003/005 batch=020/021 loss=0.911369 elapsed_s=0.5 status=running
2026-07-02 00:57:39,220 INFO chronaris.pipelines.stage_i.public.deep_baseline_runtime: deep_train batch dataset=nasa_csm model=chronaris_public_fusion_context_only track=objective group=combined seed=42 fold=001/002 epoch=003/005 batch=021/021 loss=0.950646 elapsed_s=0.5 status=running
2026-07-02 00:57:39,231 INFO chronaris.pipelines.stage_i.public.deep_baseline_runtime: deep_train epoch_done dataset=nasa_csm model=chronaris_public_fusion_context_only track=objective group=combined seed=42 fold=001/002 epoch=003/005 train_loss=0.950735 elapsed_s=0.2
2026-07-02 00:57:39,250 INFO chronaris.pipelines.stage_i.public.deep_baseline_runtime: deep_train epoch_start dataset=nasa_csm model=chronaris_public_fusion_context_only track=objective group=combined seed=42 fold=001/002 epoch=004/005 batch_count=21
2026-07-02 00:57:39,275 INFO chronaris.pipelines.stage_i.public.deep_baseline_runtime: deep_train batch dataset=nasa_csm model=chronaris_public_fusion_context_only track=objective group=combined seed=42 fold=001/002 epoch=004/005 batch=001/021 loss=0.913674 elapsed_s=0.6 status=running
2026-07-02 00:57:39,427 INFO chronaris.pipelines.stage_i.public.deep_baseline_runtime: deep_train batch dataset=nasa_csm model=chronaris_public_fusion_context_only track=objective group=combined seed=42 fold=001/002 epoch=004/005 batch=020/021 loss=0.862811 elapsed_s=0.7 status=running
2026-07-02 00:57:39,436 INFO chronaris.pipelines.stage_i.public.deep_baseline_runtime: deep_train batch dataset=nasa_csm model=chronaris_public_fusion_context_only track=objective group=combined seed=42 fold=001/002 epoch=004/005 batch=021/021 loss=0.805817 elapsed_s=0.7 status=running
2026-07-02 00:57:39,447 INFO chronaris.pipelines.stage_i.public.deep_baseline_runtime: deep_train epoch_done dataset=nasa_csm model=chronaris_public_fusion_context_only track=objective group=combined seed=42 fold=001/002 epoch=004/005 train_loss=0.889166 elapsed_s=0.2
2026-07-02 00:57:39,469 INFO chronaris.pipelines.stage_i.public.deep_baseline_runtime: deep_train epoch_start dataset=nasa_csm model=chronaris_public_fusion_context_only track=objective group=combined seed=42 fold=001/002 epoch=005/005 batch_count=21
2026-07-02 00:57:39,541 INFO chronaris.pipelines.stage_i.public.deep_baseline_runtime: deep_train batch dataset=nasa_csm model=chronaris_public_fusion_context_only track=objective group=combined seed=42 fold=001/002 epoch=005/005 batch=001/021 loss=0.855180 elapsed_s=0.8 status=running
2026-07-02 00:57:39,696 INFO chronaris.pipelines.stage_i.public.deep_baseline_runtime: deep_train batch dataset=nasa_csm model=chronaris_public_fusion_context_only track=objective group=combined seed=42 fold=001/002 epoch=005/005 batch=020/021 loss=0.850520 elapsed_s=1.0 status=running
2026-07-02 00:57:39,705 INFO chronaris.pipelines.stage_i.public.deep_baseline_runtime: deep_train batch dataset=nasa_csm model=chronaris_public_fusion_context_only track=objective group=combined seed=42 fold=001/002 epoch=005/005 batch=021/021 loss=0.850867 elapsed_s=1.0 status=running
2026-07-02 00:57:39,717 INFO chronaris.pipelines.stage_i.public.deep_baseline_runtime: deep_train epoch_done dataset=nasa_csm model=chronaris_public_fusion_context_only track=objective group=combined seed=42 fold=001/002 epoch=005/005 train_loss=0.822562 elapsed_s=0.2
2026-07-02 00:57:39,738 INFO chronaris.pipelines.stage_i.public.deep_baseline_runtime: deep_train fold_done dataset=nasa_csm model=chronaris_public_fusion_context_only track=objective group=combined seed=42 fold=001/002 elapsed_s=1.0
2026-07-02 00:57:40,110 INFO chronaris.pipelines.stage_i.public.deep_baseline_runtime: deep_train fold_start dataset=nasa_csm model=chronaris_public_fusion_context_only track=objective group=combined seed=42 fold=002/002 split_group=subject_11 task=classification train_count=2645 epochs=5 batch_size=128
2026-07-02 00:57:40,113 INFO chronaris.pipelines.stage_i.public.deep_baseline_runtime: deep_train epoch_start dataset=nasa_csm model=chronaris_public_fusion_context_only track=objective group=combined seed=42 fold=002/002 epoch=001/005 batch_count=21
2026-07-02 00:57:40,125 INFO chronaris.pipelines.stage_i.public.deep_baseline_runtime: deep_train batch dataset=nasa_csm model=chronaris_public_fusion_context_only track=objective group=combined seed=42 fold=002/002 epoch=001/005 batch=001/021 loss=1.118957 elapsed_s=0.0 status=running
2026-07-02 00:57:40,244 INFO chronaris.pipelines.stage_i.public.deep_baseline_runtime: deep_train batch dataset=nasa_csm model=chronaris_public_fusion_context_only track=objective group=combined seed=42 fold=002/002 epoch=001/005 batch=020/021 loss=1.081446 elapsed_s=0.1 status=running
2026-07-02 00:57:40,253 INFO chronaris.pipelines.stage_i.public.deep_baseline_runtime: deep_train batch dataset=nasa_csm model=chronaris_public_fusion_context_only track=objective group=combined seed=42 fold=002/002 epoch=001/005 batch=021/021 loss=1.072791 elapsed_s=0.1 status=running
2026-07-02 00:57:40,255 INFO chronaris.pipelines.stage_i.public.deep_baseline_runtime: deep_train epoch_done dataset=nasa_csm model=chronaris_public_fusion_context_only track=objective group=combined seed=42 fold=002/002 epoch=001/005 train_loss=1.093094 elapsed_s=0.1
2026-07-02 00:57:40,274 INFO chronaris.pipelines.stage_i.public.deep_baseline_runtime: deep_train epoch_start dataset=nasa_csm model=chronaris_public_fusion_context_only track=objective group=combined seed=42 fold=002/002 epoch=002/005 batch_count=21
2026-07-02 00:57:40,284 INFO chronaris.pipelines.stage_i.public.deep_baseline_runtime: deep_train batch dataset=nasa_csm model=chronaris_public_fusion_context_only track=objective group=combined seed=42 fold=002/002 epoch=002/005 batch=001/021 loss=1.078279 elapsed_s=0.2 status=running
2026-07-02 00:57:40,410 INFO chronaris.pipelines.stage_i.public.deep_baseline_runtime: deep_train batch dataset=nasa_csm model=chronaris_public_fusion_context_only track=objective group=combined seed=42 fold=002/002 epoch=002/005 batch=020/021 loss=0.941835 elapsed_s=0.3 status=running
2026-07-02 00:57:40,420 INFO chronaris.pipelines.stage_i.public.deep_baseline_runtime: deep_train batch dataset=nasa_csm model=chronaris_public_fusion_context_only track=objective group=combined seed=42 fold=002/002 epoch=002/005 batch=021/021 loss=0.970662 elapsed_s=0.3 status=running
2026-07-02 00:57:40,423 INFO chronaris.pipelines.stage_i.public.deep_baseline_runtime: deep_train epoch_done dataset=nasa_csm model=chronaris_public_fusion_context_only track=objective group=combined seed=42 fold=002/002 epoch=002/005 train_loss=1.026111 elapsed_s=0.1
2026-07-02 00:57:40,443 INFO chronaris.pipelines.stage_i.public.deep_baseline_runtime: deep_train epoch_start dataset=nasa_csm model=chronaris_public_fusion_context_only track=objective group=combined seed=42 fold=002/002 epoch=003/005 batch_count=21
2026-07-02 00:57:40,454 INFO chronaris.pipelines.stage_i.public.deep_baseline_runtime: deep_train batch dataset=nasa_csm model=chronaris_public_fusion_context_only track=objective group=combined seed=42 fold=002/002 epoch=003/005 batch=001/021 loss=0.959485 elapsed_s=0.3 status=running
2026-07-02 00:57:40,571 INFO chronaris.pipelines.stage_i.public.deep_baseline_runtime: deep_train batch dataset=nasa_csm model=chronaris_public_fusion_context_only track=objective group=combined seed=42 fold=002/002 epoch=003/005 batch=020/021 loss=0.919277 elapsed_s=0.5 status=running
2026-07-02 00:57:40,580 INFO chronaris.pipelines.stage_i.public.deep_baseline_runtime: deep_train batch dataset=nasa_csm model=chronaris_public_fusion_context_only track=objective group=combined seed=42 fold=002/002 epoch=003/005 batch=021/021 loss=0.944356 elapsed_s=0.5 status=running
2026-07-02 00:57:40,582 INFO chronaris.pipelines.stage_i.public.deep_baseline_runtime: deep_train epoch_done dataset=nasa_csm model=chronaris_public_fusion_context_only track=objective group=combined seed=42 fold=002/002 epoch=003/005 train_loss=0.938215 elapsed_s=0.1
2026-07-02 00:57:40,603 INFO chronaris.pipelines.stage_i.public.deep_baseline_runtime: deep_train epoch_start dataset=nasa_csm model=chronaris_public_fusion_context_only track=objective group=combined seed=42 fold=002/002 epoch=004/005 batch_count=21
2026-07-02 00:57:40,613 INFO chronaris.pipelines.stage_i.public.deep_baseline_runtime: deep_train batch dataset=nasa_csm model=chronaris_public_fusion_context_only track=objective group=combined seed=42 fold=002/002 epoch=004/005 batch=001/021 loss=0.923614 elapsed_s=0.5 status=running
2026-07-02 00:57:40,729 INFO chronaris.pipelines.stage_i.public.deep_baseline_runtime: deep_train batch dataset=nasa_csm model=chronaris_public_fusion_context_only track=objective group=combined seed=42 fold=002/002 epoch=004/005 batch=020/021 loss=0.860483 elapsed_s=0.6 status=running
2026-07-02 00:57:40,739 INFO chronaris.pipelines.stage_i.public.deep_baseline_runtime: deep_train batch dataset=nasa_csm model=chronaris_public_fusion_context_only track=objective group=combined seed=42 fold=002/002 epoch=004/005 batch=021/021 loss=0.860598 elapsed_s=0.6 status=running
2026-07-02 00:57:40,742 INFO chronaris.pipelines.stage_i.public.deep_baseline_runtime: deep_train epoch_done dataset=nasa_csm model=chronaris_public_fusion_context_only track=objective group=combined seed=42 fold=002/002 epoch=004/005 train_loss=0.883334 elapsed_s=0.1
2026-07-02 00:57:40,763 INFO chronaris.pipelines.stage_i.public.deep_baseline_runtime: deep_train epoch_start dataset=nasa_csm model=chronaris_public_fusion_context_only track=objective group=combined seed=42 fold=002/002 epoch=005/005 batch_count=21
2026-07-02 00:57:40,773 INFO chronaris.pipelines.stage_i.public.deep_baseline_runtime: deep_train batch dataset=nasa_csm model=chronaris_public_fusion_context_only track=objective group=combined seed=42 fold=002/002 epoch=005/005 batch=001/021 loss=0.894827 elapsed_s=0.7 status=running
2026-07-02 00:57:40,894 INFO chronaris.pipelines.stage_i.public.deep_baseline_runtime: deep_train batch dataset=nasa_csm model=chronaris_public_fusion_context_only track=objective group=combined seed=42 fold=002/002 epoch=005/005 batch=020/021 loss=0.792520 elapsed_s=0.8 status=running
2026-07-02 00:57:40,903 INFO chronaris.pipelines.stage_i.public.deep_baseline_runtime: deep_train batch dataset=nasa_csm model=chronaris_public_fusion_context_only track=objective group=combined seed=42 fold=002/002 epoch=005/005 batch=021/021 loss=0.763798 elapsed_s=0.8 status=running
2026-07-02 00:57:40,907 INFO chronaris.pipelines.stage_i.public.deep_baseline_runtime: deep_train epoch_done dataset=nasa_csm model=chronaris_public_fusion_context_only track=objective group=combined seed=42 fold=002/002 epoch=005/005 train_loss=0.818355 elapsed_s=0.1
2026-07-02 00:57:40,928 INFO chronaris.pipelines.stage_i.public.deep_baseline_runtime: deep_train fold_done dataset=nasa_csm model=chronaris_public_fusion_context_only track=objective group=combined seed=42 fold=002/002 elapsed_s=0.8
