2026-07-11 18:37:50,549 INFO chronaris.pipelines.task_eval.dingxin_locked_pretraining: dingxin_locked_pretraining observer start run_id=2026-07-12_dingxin-locked-pretraining-smoke run_root=docs/artifacts/runs/2026-07-12_dingxin-locked-pretraining-smoke
2026-07-11 18:38:15,406 ERROR chronaris.pipelines.task_eval.dingxin_locked_pretraining: dingxin_locked_pretraining failed run_id=2026-07-12_dingxin-locked-pretraining-smoke
Traceback (most recent call last):
  File "/home/wangminan/projects/chronaris/src/chronaris/evaluation/application_tasks/dingxin_locked_pretraining_run.py", line 130, in run_dingxin_locked_pretraining
    for name in data.schema.vehicle_feature_names
                ^^^^^^^^^^^
AttributeError: 'DingxinFoldPretrainingData' object has no attribute 'schema'
2026-07-11 18:46:46,674 INFO chronaris.pipelines.task_eval.dingxin_locked_pretraining: dingxin_locked_pretraining observer start run_id=2026-07-12_dingxin-locked-pretraining-smoke run_root=docs/artifacts/runs/2026-07-12_dingxin-locked-pretraining-smoke
2026-07-11 19:22:20,401 INFO chronaris.pipelines.task_eval.dingxin_locked_pretraining: dingxin_locked_pretraining observer start run_id=2026-07-12_dingxin-locked-pretraining-smoke run_root=docs/artifacts/runs/2026-07-12_dingxin-locked-pretraining-smoke
2026-07-11 19:36:16,915 INFO chronaris.pipelines.task_eval.dingxin_locked_pretraining: dingxin_locked_pretraining observer start run_id=2026-07-12_dingxin-locked-pretraining-smoke run_root=docs/artifacts/runs/2026-07-12_dingxin-locked-pretraining-smoke
2026-07-11 19:40:25,405 ERROR chronaris.pipelines.task_eval.dingxin_locked_pretraining: dingxin_locked_pretraining failed run_id=2026-07-12_dingxin-locked-pretraining-smoke
Traceback (most recent call last):
  File "/home/wangminan/projects/chronaris/src/chronaris/evaluation/application_tasks/dingxin_locked_pretraining_run.py", line 142, in run_dingxin_locked_pretraining
    normalizer = TrainOnlyRobustNormalizer().fit_from_batch_provider(
                 ^^^^^^^^^^^^^^^^^^^^^^^^^^^^^^^^^^^^^^^^^^^^^^^^^^^^
  File "/home/wangminan/projects/chronaris/src/chronaris/representation/normalization.py", line 130, in fit_from_batch_provider
    self.vehicle = _fit_stream_statistics_from_observed_parts(
                   ^^^^^^^^^^^^^^^^^^^^^^^^^^^^^^^^^^^^^^^^^^^
  File "/home/wangminan/projects/chronaris/src/chronaris/representation/normalization.py", line 428, in _fit_stream_statistics_from_observed_parts
    iqr = torch.quantile(observed, 0.75) - torch.quantile(observed, 0.25)
                                           ^^^^^^^^^^^^^^^^^^^^^^^^^^^^^^
KeyboardInterrupt
2026-07-11 19:41:05,861 INFO chronaris.pipelines.task_eval.dingxin_locked_pretraining: dingxin_locked_pretraining observer start run_id=2026-07-12_dingxin-locked-pretraining-smoke run_root=docs/artifacts/runs/2026-07-12_dingxin-locked-pretraining-smoke
