2026-07-02 00:57:16,036 INFO chronaris.pipelines.stage_i.public.deep_baseline: stage_i_deep_baseline observer start run_id=no_fusion_normalization__seed42 run_root=/home/wangminan/projects/chronaris/docs/artifacts/assets/stage_i_public_fusion_ablation/20260701T-stage-i-public-fusion-ablation-r1/screen/nasa_csm/no_fusion_normalization__seed42
2026-07-02 00:57:17,180 INFO chronaris.pipelines.stage_i.public.deep_baseline_runtime: deep_train fold_start dataset=nasa_csm model=chronaris_public_fusion track=objective group=benchmark_only seed=42 fold=001/002 split_group=subject_10 task=classification train_count=1364 epochs=5 batch_size=128
2026-07-02 00:57:17,181 INFO chronaris.pipelines.stage_i.public.deep_baseline_runtime: deep_train epoch_start dataset=nasa_csm model=chronaris_public_fusion track=objective group=benchmark_only seed=42 fold=001/002 epoch=001/005 batch_count=11
2026-07-02 00:57:17,210 INFO chronaris.pipelines.stage_i.public.deep_baseline_runtime: deep_train batch dataset=nasa_csm model=chronaris_public_fusion track=objective group=benchmark_only seed=42 fold=001/002 epoch=001/005 batch=001/011 loss=1.110313 elapsed_s=0.0 status=running
2026-07-02 00:57:17,431 INFO chronaris.pipelines.stage_i.public.deep_baseline_runtime: deep_train batch dataset=nasa_csm model=chronaris_public_fusion track=objective group=benchmark_only seed=42 fold=001/002 epoch=001/005 batch=011/011 loss=1.057313 elapsed_s=0.3 status=running
2026-07-02 00:57:17,432 INFO chronaris.pipelines.stage_i.public.deep_baseline_runtime: deep_train epoch_done dataset=nasa_csm model=chronaris_public_fusion track=objective group=benchmark_only seed=42 fold=001/002 epoch=001/005 train_loss=1.086240 elapsed_s=0.3
2026-07-02 00:57:17,469 INFO chronaris.pipelines.stage_i.public.deep_baseline_runtime: deep_train epoch_start dataset=nasa_csm model=chronaris_public_fusion track=objective group=benchmark_only seed=42 fold=001/002 epoch=002/005 batch_count=11
2026-07-02 00:57:17,492 INFO chronaris.pipelines.stage_i.public.deep_baseline_runtime: deep_train batch dataset=nasa_csm model=chronaris_public_fusion track=objective group=benchmark_only seed=42 fold=001/002 epoch=002/005 batch=001/011 loss=1.074927 elapsed_s=0.3 status=running
2026-07-02 00:57:17,680 INFO chronaris.pipelines.stage_i.public.deep_baseline_runtime: deep_train batch dataset=nasa_csm model=chronaris_public_fusion track=objective group=benchmark_only seed=42 fold=001/002 epoch=002/005 batch=011/011 loss=1.017824 elapsed_s=0.5 status=running
2026-07-02 00:57:17,681 INFO chronaris.pipelines.stage_i.public.deep_baseline_runtime: deep_train epoch_done dataset=nasa_csm model=chronaris_public_fusion track=objective group=benchmark_only seed=42 fold=001/002 epoch=002/005 train_loss=1.041399 elapsed_s=0.2
2026-07-02 00:57:17,716 INFO chronaris.pipelines.stage_i.public.deep_baseline_runtime: deep_train epoch_start dataset=nasa_csm model=chronaris_public_fusion track=objective group=benchmark_only seed=42 fold=001/002 epoch=003/005 batch_count=11
2026-07-02 00:57:17,742 INFO chronaris.pipelines.stage_i.public.deep_baseline_runtime: deep_train batch dataset=nasa_csm model=chronaris_public_fusion track=objective group=benchmark_only seed=42 fold=001/002 epoch=003/005 batch=001/011 loss=1.082316 elapsed_s=0.6 status=running
2026-07-02 00:57:17,980 INFO chronaris.pipelines.stage_i.public.deep_baseline_runtime: deep_train batch dataset=nasa_csm model=chronaris_public_fusion track=objective group=benchmark_only seed=42 fold=001/002 epoch=003/005 batch=011/011 loss=0.934765 elapsed_s=0.8 status=running
2026-07-02 00:57:17,981 INFO chronaris.pipelines.stage_i.public.deep_baseline_runtime: deep_train epoch_done dataset=nasa_csm model=chronaris_public_fusion track=objective group=benchmark_only seed=42 fold=001/002 epoch=003/005 train_loss=0.971494 elapsed_s=0.3
2026-07-02 00:57:18,021 INFO chronaris.pipelines.stage_i.public.deep_baseline_runtime: deep_train epoch_start dataset=nasa_csm model=chronaris_public_fusion track=objective group=benchmark_only seed=42 fold=001/002 epoch=004/005 batch_count=11
2026-07-02 00:57:18,069 INFO chronaris.pipelines.stage_i.public.deep_baseline_runtime: deep_train batch dataset=nasa_csm model=chronaris_public_fusion track=objective group=benchmark_only seed=42 fold=001/002 epoch=004/005 batch=001/011 loss=0.870373 elapsed_s=0.9 status=running
2026-07-02 00:57:18,250 INFO chronaris.pipelines.stage_i.public.deep_baseline_runtime: deep_train batch dataset=nasa_csm model=chronaris_public_fusion track=objective group=benchmark_only seed=42 fold=001/002 epoch=004/005 batch=011/011 loss=0.868844 elapsed_s=1.1 status=running
2026-07-02 00:57:18,251 INFO chronaris.pipelines.stage_i.public.deep_baseline_runtime: deep_train epoch_done dataset=nasa_csm model=chronaris_public_fusion track=objective group=benchmark_only seed=42 fold=001/002 epoch=004/005 train_loss=0.818435 elapsed_s=0.2
2026-07-02 00:57:18,285 INFO chronaris.pipelines.stage_i.public.deep_baseline_runtime: deep_train epoch_start dataset=nasa_csm model=chronaris_public_fusion track=objective group=benchmark_only seed=42 fold=001/002 epoch=005/005 batch_count=11
2026-07-02 00:57:18,356 INFO chronaris.pipelines.stage_i.public.deep_baseline_runtime: deep_train batch dataset=nasa_csm model=chronaris_public_fusion track=objective group=benchmark_only seed=42 fold=001/002 epoch=005/005 batch=001/011 loss=0.818683 elapsed_s=1.2 status=running
2026-07-02 00:57:18,498 INFO chronaris.pipelines.stage_i.public.deep_baseline_runtime: deep_train batch dataset=nasa_csm model=chronaris_public_fusion track=objective group=benchmark_only seed=42 fold=001/002 epoch=005/005 batch=011/011 loss=0.670478 elapsed_s=1.3 status=running
2026-07-02 00:57:18,499 INFO chronaris.pipelines.stage_i.public.deep_baseline_runtime: deep_train epoch_done dataset=nasa_csm model=chronaris_public_fusion track=objective group=benchmark_only seed=42 fold=001/002 epoch=005/005 train_loss=0.668790 elapsed_s=0.2
2026-07-02 00:57:18,534 INFO chronaris.pipelines.stage_i.public.deep_baseline_runtime: deep_train fold_done dataset=nasa_csm model=chronaris_public_fusion track=objective group=benchmark_only seed=42 fold=001/002 elapsed_s=1.4
2026-07-02 00:57:18,869 INFO chronaris.pipelines.stage_i.public.deep_baseline_runtime: deep_train fold_start dataset=nasa_csm model=chronaris_public_fusion track=objective group=benchmark_only seed=42 fold=002/002 split_group=subject_11 task=classification train_count=1366 epochs=5 batch_size=128
2026-07-02 00:57:18,870 INFO chronaris.pipelines.stage_i.public.deep_baseline_runtime: deep_train epoch_start dataset=nasa_csm model=chronaris_public_fusion track=objective group=benchmark_only seed=42 fold=002/002 epoch=001/005 batch_count=11
2026-07-02 00:57:18,908 INFO chronaris.pipelines.stage_i.public.deep_baseline_runtime: deep_train batch dataset=nasa_csm model=chronaris_public_fusion track=objective group=benchmark_only seed=42 fold=002/002 epoch=001/005 batch=001/011 loss=1.098053 elapsed_s=0.0 status=running
2026-07-02 00:57:19,037 INFO chronaris.pipelines.stage_i.public.deep_baseline_runtime: deep_train batch dataset=nasa_csm model=chronaris_public_fusion track=objective group=benchmark_only seed=42 fold=002/002 epoch=001/005 batch=011/011 loss=1.043039 elapsed_s=0.2 status=running
2026-07-02 00:57:19,038 INFO chronaris.pipelines.stage_i.public.deep_baseline_runtime: deep_train epoch_done dataset=nasa_csm model=chronaris_public_fusion track=objective group=benchmark_only seed=42 fold=002/002 epoch=001/005 train_loss=1.090641 elapsed_s=0.2
2026-07-02 00:57:19,070 INFO chronaris.pipelines.stage_i.public.deep_baseline_runtime: deep_train epoch_start dataset=nasa_csm model=chronaris_public_fusion track=objective group=benchmark_only seed=42 fold=002/002 epoch=002/005 batch_count=11
2026-07-02 00:57:19,098 INFO chronaris.pipelines.stage_i.public.deep_baseline_runtime: deep_train batch dataset=nasa_csm model=chronaris_public_fusion track=objective group=benchmark_only seed=42 fold=002/002 epoch=002/005 batch=001/011 loss=1.054227 elapsed_s=0.2 status=running
2026-07-02 00:57:19,233 INFO chronaris.pipelines.stage_i.public.deep_baseline_runtime: deep_train batch dataset=nasa_csm model=chronaris_public_fusion track=objective group=benchmark_only seed=42 fold=002/002 epoch=002/005 batch=011/011 loss=1.061680 elapsed_s=0.4 status=running
2026-07-02 00:57:19,234 INFO chronaris.pipelines.stage_i.public.deep_baseline_runtime: deep_train epoch_done dataset=nasa_csm model=chronaris_public_fusion track=objective group=benchmark_only seed=42 fold=002/002 epoch=002/005 train_loss=1.043954 elapsed_s=0.2
2026-07-02 00:57:19,269 INFO chronaris.pipelines.stage_i.public.deep_baseline_runtime: deep_train epoch_start dataset=nasa_csm model=chronaris_public_fusion track=objective group=benchmark_only seed=42 fold=002/002 epoch=003/005 batch_count=11
2026-07-02 00:57:19,292 INFO chronaris.pipelines.stage_i.public.deep_baseline_runtime: deep_train batch dataset=nasa_csm model=chronaris_public_fusion track=objective group=benchmark_only seed=42 fold=002/002 epoch=003/005 batch=001/011 loss=1.043452 elapsed_s=0.4 status=running
2026-07-02 00:57:19,421 INFO chronaris.pipelines.stage_i.public.deep_baseline_runtime: deep_train batch dataset=nasa_csm model=chronaris_public_fusion track=objective group=benchmark_only seed=42 fold=002/002 epoch=003/005 batch=011/011 loss=0.956947 elapsed_s=0.6 status=running
2026-07-02 00:57:19,422 INFO chronaris.pipelines.stage_i.public.deep_baseline_runtime: deep_train epoch_done dataset=nasa_csm model=chronaris_public_fusion track=objective group=benchmark_only seed=42 fold=002/002 epoch=003/005 train_loss=0.982988 elapsed_s=0.2
2026-07-02 00:57:19,457 INFO chronaris.pipelines.stage_i.public.deep_baseline_runtime: deep_train epoch_start dataset=nasa_csm model=chronaris_public_fusion track=objective group=benchmark_only seed=42 fold=002/002 epoch=004/005 batch_count=11
2026-07-02 00:57:19,521 INFO chronaris.pipelines.stage_i.public.deep_baseline_runtime: deep_train batch dataset=nasa_csm model=chronaris_public_fusion track=objective group=benchmark_only seed=42 fold=002/002 epoch=004/005 batch=001/011 loss=0.870566 elapsed_s=0.7 status=running
2026-07-02 00:57:19,659 INFO chronaris.pipelines.stage_i.public.deep_baseline_runtime: deep_train batch dataset=nasa_csm model=chronaris_public_fusion track=objective group=benchmark_only seed=42 fold=002/002 epoch=004/005 batch=011/011 loss=0.686222 elapsed_s=0.8 status=running
2026-07-02 00:57:19,660 INFO chronaris.pipelines.stage_i.public.deep_baseline_runtime: deep_train epoch_done dataset=nasa_csm model=chronaris_public_fusion track=objective group=benchmark_only seed=42 fold=002/002 epoch=004/005 train_loss=0.816322 elapsed_s=0.2
2026-07-02 00:57:19,695 INFO chronaris.pipelines.stage_i.public.deep_baseline_runtime: deep_train epoch_start dataset=nasa_csm model=chronaris_public_fusion track=objective group=benchmark_only seed=42 fold=002/002 epoch=005/005 batch_count=11
2026-07-02 00:57:19,787 INFO chronaris.pipelines.stage_i.public.deep_baseline_runtime: deep_train batch dataset=nasa_csm model=chronaris_public_fusion track=objective group=benchmark_only seed=42 fold=002/002 epoch=005/005 batch=001/011 loss=0.741672 elapsed_s=0.9 status=running
2026-07-02 00:57:19,950 INFO chronaris.pipelines.stage_i.public.deep_baseline_runtime: deep_train batch dataset=nasa_csm model=chronaris_public_fusion track=objective group=benchmark_only seed=42 fold=002/002 epoch=005/005 batch=011/011 loss=0.686689 elapsed_s=1.1 status=running
2026-07-02 00:57:19,951 INFO chronaris.pipelines.stage_i.public.deep_baseline_runtime: deep_train epoch_done dataset=nasa_csm model=chronaris_public_fusion track=objective group=benchmark_only seed=42 fold=002/002 epoch=005/005 train_loss=0.667040 elapsed_s=0.3
2026-07-02 00:57:19,987 INFO chronaris.pipelines.stage_i.public.deep_baseline_runtime: deep_train fold_done dataset=nasa_csm model=chronaris_public_fusion track=objective group=benchmark_only seed=42 fold=002/002 elapsed_s=1.1
2026-07-02 00:57:20,285 INFO chronaris.pipelines.stage_i.public.deep_baseline_runtime: deep_train fold_start dataset=nasa_csm model=chronaris_public_fusion track=objective group=loft_only seed=42 fold=001/002 split_group=subject_10 task=classification train_count=1259 epochs=5 batch_size=128
2026-07-02 00:57:20,286 INFO chronaris.pipelines.stage_i.public.deep_baseline_runtime: deep_train epoch_start dataset=nasa_csm model=chronaris_public_fusion track=objective group=loft_only seed=42 fold=001/002 epoch=001/005 batch_count=10
2026-07-02 00:57:20,328 INFO chronaris.pipelines.stage_i.public.deep_baseline_runtime: deep_train batch dataset=nasa_csm model=chronaris_public_fusion track=objective group=loft_only seed=42 fold=001/002 epoch=001/005 batch=001/010 loss=1.104459 elapsed_s=0.0 status=running
2026-07-02 00:57:20,450 INFO chronaris.pipelines.stage_i.public.deep_baseline_runtime: deep_train batch dataset=nasa_csm model=chronaris_public_fusion track=objective group=loft_only seed=42 fold=001/002 epoch=001/005 batch=010/010 loss=0.944864 elapsed_s=0.2 status=running
2026-07-02 00:57:20,451 INFO chronaris.pipelines.stage_i.public.deep_baseline_runtime: deep_train epoch_done dataset=nasa_csm model=chronaris_public_fusion track=objective group=loft_only seed=42 fold=001/002 epoch=001/005 train_loss=1.017081 elapsed_s=0.2
2026-07-02 00:57:20,485 INFO chronaris.pipelines.stage_i.public.deep_baseline_runtime: deep_train epoch_start dataset=nasa_csm model=chronaris_public_fusion track=objective group=loft_only seed=42 fold=001/002 epoch=002/005 batch_count=10
2026-07-02 00:57:20,499 INFO chronaris.pipelines.stage_i.public.deep_baseline_runtime: deep_train batch dataset=nasa_csm model=chronaris_public_fusion track=objective group=loft_only seed=42 fold=001/002 epoch=002/005 batch=001/010 loss=0.922187 elapsed_s=0.2 status=running
2026-07-02 00:57:20,670 INFO chronaris.pipelines.stage_i.public.deep_baseline_runtime: deep_train batch dataset=nasa_csm model=chronaris_public_fusion track=objective group=loft_only seed=42 fold=001/002 epoch=002/005 batch=010/010 loss=0.735569 elapsed_s=0.4 status=running
2026-07-02 00:57:20,672 INFO chronaris.pipelines.stage_i.public.deep_baseline_runtime: deep_train epoch_done dataset=nasa_csm model=chronaris_public_fusion track=objective group=loft_only seed=42 fold=001/002 epoch=002/005 train_loss=0.797447 elapsed_s=0.2
2026-07-02 00:57:20,708 INFO chronaris.pipelines.stage_i.public.deep_baseline_runtime: deep_train epoch_start dataset=nasa_csm model=chronaris_public_fusion track=objective group=loft_only seed=42 fold=001/002 epoch=003/005 batch_count=10
2026-07-02 00:57:20,743 INFO chronaris.pipelines.stage_i.public.deep_baseline_runtime: deep_train batch dataset=nasa_csm model=chronaris_public_fusion track=objective group=loft_only seed=42 fold=001/002 epoch=003/005 batch=001/010 loss=0.675775 elapsed_s=0.5 status=running
2026-07-02 00:57:20,924 INFO chronaris.pipelines.stage_i.public.deep_baseline_runtime: deep_train batch dataset=nasa_csm model=chronaris_public_fusion track=objective group=loft_only seed=42 fold=001/002 epoch=003/005 batch=010/010 loss=0.643477 elapsed_s=0.6 status=running
2026-07-02 00:57:20,926 INFO chronaris.pipelines.stage_i.public.deep_baseline_runtime: deep_train epoch_done dataset=nasa_csm model=chronaris_public_fusion track=objective group=loft_only seed=42 fold=001/002 epoch=003/005 train_loss=0.695864 elapsed_s=0.2
2026-07-02 00:57:20,962 INFO chronaris.pipelines.stage_i.public.deep_baseline_runtime: deep_train epoch_start dataset=nasa_csm model=chronaris_public_fusion track=objective group=loft_only seed=42 fold=001/002 epoch=004/005 batch_count=10
2026-07-02 00:57:21,073 INFO chronaris.pipelines.stage_i.public.deep_baseline_runtime: deep_train batch dataset=nasa_csm model=chronaris_public_fusion track=objective group=loft_only seed=42 fold=001/002 epoch=004/005 batch=001/010 loss=0.670827 elapsed_s=0.8 status=running
2026-07-02 00:57:21,256 INFO chronaris.pipelines.stage_i.public.deep_baseline_runtime: deep_train batch dataset=nasa_csm model=chronaris_public_fusion track=objective group=loft_only seed=42 fold=001/002 epoch=004/005 batch=010/010 loss=0.610439 elapsed_s=1.0 status=running
2026-07-02 00:57:21,258 INFO chronaris.pipelines.stage_i.public.deep_baseline_runtime: deep_train epoch_done dataset=nasa_csm model=chronaris_public_fusion track=objective group=loft_only seed=42 fold=001/002 epoch=004/005 train_loss=0.645890 elapsed_s=0.3
2026-07-02 00:57:21,295 INFO chronaris.pipelines.stage_i.public.deep_baseline_runtime: deep_train epoch_start dataset=nasa_csm model=chronaris_public_fusion track=objective group=loft_only seed=42 fold=001/002 epoch=005/005 batch_count=10
2026-07-02 00:57:21,311 INFO chronaris.pipelines.stage_i.public.deep_baseline_runtime: deep_train batch dataset=nasa_csm model=chronaris_public_fusion track=objective group=loft_only seed=42 fold=001/002 epoch=005/005 batch=001/010 loss=0.646052 elapsed_s=1.0 status=running
2026-07-02 00:57:21,430 INFO chronaris.pipelines.stage_i.public.deep_baseline_runtime: deep_train batch dataset=nasa_csm model=chronaris_public_fusion track=objective group=loft_only seed=42 fold=001/002 epoch=005/005 batch=010/010 loss=0.539182 elapsed_s=1.1 status=running
2026-07-02 00:57:21,431 INFO chronaris.pipelines.stage_i.public.deep_baseline_runtime: deep_train epoch_done dataset=nasa_csm model=chronaris_public_fusion track=objective group=loft_only seed=42 fold=001/002 epoch=005/005 train_loss=0.586086 elapsed_s=0.1
2026-07-02 00:57:21,469 INFO chronaris.pipelines.stage_i.public.deep_baseline_runtime: deep_train fold_done dataset=nasa_csm model=chronaris_public_fusion track=objective group=loft_only seed=42 fold=001/002 elapsed_s=1.2
2026-07-02 00:57:21,817 INFO chronaris.pipelines.stage_i.public.deep_baseline_runtime: deep_train fold_start dataset=nasa_csm model=chronaris_public_fusion track=objective group=loft_only seed=42 fold=002/002 split_group=subject_11 task=classification train_count=1279 epochs=5 batch_size=128
2026-07-02 00:57:21,818 INFO chronaris.pipelines.stage_i.public.deep_baseline_runtime: deep_train epoch_start dataset=nasa_csm model=chronaris_public_fusion track=objective group=loft_only seed=42 fold=002/002 epoch=001/005 batch_count=10
2026-07-02 00:57:21,839 INFO chronaris.pipelines.stage_i.public.deep_baseline_runtime: deep_train batch dataset=nasa_csm model=chronaris_public_fusion track=objective group=loft_only seed=42 fold=002/002 epoch=001/005 batch=001/010 loss=1.092028 elapsed_s=0.0 status=running
2026-07-02 00:57:21,955 INFO chronaris.pipelines.stage_i.public.deep_baseline_runtime: deep_train batch dataset=nasa_csm model=chronaris_public_fusion track=objective group=loft_only seed=42 fold=002/002 epoch=001/005 batch=010/010 loss=0.949671 elapsed_s=0.1 status=running
2026-07-02 00:57:21,957 INFO chronaris.pipelines.stage_i.public.deep_baseline_runtime: deep_train epoch_done dataset=nasa_csm model=chronaris_public_fusion track=objective group=loft_only seed=42 fold=002/002 epoch=001/005 train_loss=1.013324 elapsed_s=0.1
2026-07-02 00:57:21,990 INFO chronaris.pipelines.stage_i.public.deep_baseline_runtime: deep_train epoch_start dataset=nasa_csm model=chronaris_public_fusion track=objective group=loft_only seed=42 fold=002/002 epoch=002/005 batch_count=10
2026-07-02 00:57:22,005 INFO chronaris.pipelines.stage_i.public.deep_baseline_runtime: deep_train batch dataset=nasa_csm model=chronaris_public_fusion track=objective group=loft_only seed=42 fold=002/002 epoch=002/005 batch=001/010 loss=0.920720 elapsed_s=0.2 status=running
2026-07-02 00:57:22,114 INFO chronaris.pipelines.stage_i.public.deep_baseline_runtime: deep_train batch dataset=nasa_csm model=chronaris_public_fusion track=objective group=loft_only seed=42 fold=002/002 epoch=002/005 batch=010/010 loss=0.694058 elapsed_s=0.3 status=running
2026-07-02 00:57:22,116 INFO chronaris.pipelines.stage_i.public.deep_baseline_runtime: deep_train epoch_done dataset=nasa_csm model=chronaris_public_fusion track=objective group=loft_only seed=42 fold=002/002 epoch=002/005 train_loss=0.809970 elapsed_s=0.1
2026-07-02 00:57:22,179 INFO chronaris.pipelines.stage_i.public.deep_baseline_runtime: deep_train epoch_start dataset=nasa_csm model=chronaris_public_fusion track=objective group=loft_only seed=42 fold=002/002 epoch=003/005 batch_count=10
2026-07-02 00:57:22,200 INFO chronaris.pipelines.stage_i.public.deep_baseline_runtime: deep_train batch dataset=nasa_csm model=chronaris_public_fusion track=objective group=loft_only seed=42 fold=002/002 epoch=003/005 batch=001/010 loss=0.648661 elapsed_s=0.4 status=running
2026-07-02 00:57:22,320 INFO chronaris.pipelines.stage_i.public.deep_baseline_runtime: deep_train batch dataset=nasa_csm model=chronaris_public_fusion track=objective group=loft_only seed=42 fold=002/002 epoch=003/005 batch=010/010 loss=0.660625 elapsed_s=0.5 status=running
2026-07-02 00:57:22,321 INFO chronaris.pipelines.stage_i.public.deep_baseline_runtime: deep_train epoch_done dataset=nasa_csm model=chronaris_public_fusion track=objective group=loft_only seed=42 fold=002/002 epoch=003/005 train_loss=0.709367 elapsed_s=0.1
2026-07-02 00:57:22,357 INFO chronaris.pipelines.stage_i.public.deep_baseline_runtime: deep_train epoch_start dataset=nasa_csm model=chronaris_public_fusion track=objective group=loft_only seed=42 fold=002/002 epoch=004/005 batch_count=10
2026-07-02 00:57:22,398 INFO chronaris.pipelines.stage_i.public.deep_baseline_runtime: deep_train batch dataset=nasa_csm model=chronaris_public_fusion track=objective group=loft_only seed=42 fold=002/002 epoch=004/005 batch=001/010 loss=0.746212 elapsed_s=0.6 status=running
2026-07-02 00:57:22,521 INFO chronaris.pipelines.stage_i.public.deep_baseline_runtime: deep_train batch dataset=nasa_csm model=chronaris_public_fusion track=objective group=loft_only seed=42 fold=002/002 epoch=004/005 batch=010/010 loss=0.590233 elapsed_s=0.7 status=running
2026-07-02 00:57:22,523 INFO chronaris.pipelines.stage_i.public.deep_baseline_runtime: deep_train epoch_done dataset=nasa_csm model=chronaris_public_fusion track=objective group=loft_only seed=42 fold=002/002 epoch=004/005 train_loss=0.613200 elapsed_s=0.2
2026-07-02 00:57:22,559 INFO chronaris.pipelines.stage_i.public.deep_baseline_runtime: deep_train epoch_start dataset=nasa_csm model=chronaris_public_fusion track=objective group=loft_only seed=42 fold=002/002 epoch=005/005 batch_count=10
2026-07-02 00:57:22,583 INFO chronaris.pipelines.stage_i.public.deep_baseline_runtime: deep_train batch dataset=nasa_csm model=chronaris_public_fusion track=objective group=loft_only seed=42 fold=002/002 epoch=005/005 batch=001/010 loss=0.522878 elapsed_s=0.8 status=running
2026-07-02 00:57:22,699 INFO chronaris.pipelines.stage_i.public.deep_baseline_runtime: deep_train batch dataset=nasa_csm model=chronaris_public_fusion track=objective group=loft_only seed=42 fold=002/002 epoch=005/005 batch=010/010 loss=0.525251 elapsed_s=0.9 status=running
2026-07-02 00:57:22,701 INFO chronaris.pipelines.stage_i.public.deep_baseline_runtime: deep_train epoch_done dataset=nasa_csm model=chronaris_public_fusion track=objective group=loft_only seed=42 fold=002/002 epoch=005/005 train_loss=0.576868 elapsed_s=0.1
2026-07-02 00:57:22,753 INFO chronaris.pipelines.stage_i.public.deep_baseline_runtime: deep_train fold_done dataset=nasa_csm model=chronaris_public_fusion track=objective group=loft_only seed=42 fold=002/002 elapsed_s=0.9
2026-07-02 00:57:23,149 INFO chronaris.pipelines.stage_i.public.deep_baseline_runtime: deep_train fold_start dataset=nasa_csm model=chronaris_public_fusion track=objective group=combined seed=42 fold=001/002 split_group=subject_10 task=classification train_count=2623 epochs=5 batch_size=128
2026-07-02 00:57:23,151 INFO chronaris.pipelines.stage_i.public.deep_baseline_runtime: deep_train epoch_start dataset=nasa_csm model=chronaris_public_fusion track=objective group=combined seed=42 fold=001/002 epoch=001/005 batch_count=21
2026-07-02 00:57:23,173 INFO chronaris.pipelines.stage_i.public.deep_baseline_runtime: deep_train batch dataset=nasa_csm model=chronaris_public_fusion track=objective group=combined seed=42 fold=001/002 epoch=001/005 batch=001/021 loss=1.114310 elapsed_s=0.0 status=running
2026-07-02 00:57:23,444 INFO chronaris.pipelines.stage_i.public.deep_baseline_runtime: deep_train batch dataset=nasa_csm model=chronaris_public_fusion track=objective group=combined seed=42 fold=001/002 epoch=001/005 batch=020/021 loss=1.011342 elapsed_s=0.3 status=running
2026-07-02 00:57:23,459 INFO chronaris.pipelines.stage_i.public.deep_baseline_runtime: deep_train batch dataset=nasa_csm model=chronaris_public_fusion track=objective group=combined seed=42 fold=001/002 epoch=001/005 batch=021/021 loss=0.957807 elapsed_s=0.3 status=running
2026-07-02 00:57:23,461 INFO chronaris.pipelines.stage_i.public.deep_baseline_runtime: deep_train epoch_done dataset=nasa_csm model=chronaris_public_fusion track=objective group=combined seed=42 fold=001/002 epoch=001/005 train_loss=1.069570 elapsed_s=0.3
2026-07-02 00:57:23,495 INFO chronaris.pipelines.stage_i.public.deep_baseline_runtime: deep_train epoch_start dataset=nasa_csm model=chronaris_public_fusion track=objective group=combined seed=42 fold=001/002 epoch=002/005 batch_count=21
2026-07-02 00:57:23,510 INFO chronaris.pipelines.stage_i.public.deep_baseline_runtime: deep_train batch dataset=nasa_csm model=chronaris_public_fusion track=objective group=combined seed=42 fold=001/002 epoch=002/005 batch=001/021 loss=1.003069 elapsed_s=0.4 status=running
2026-07-02 00:57:23,761 INFO chronaris.pipelines.stage_i.public.deep_baseline_runtime: deep_train batch dataset=nasa_csm model=chronaris_public_fusion track=objective group=combined seed=42 fold=001/002 epoch=002/005 batch=020/021 loss=0.976461 elapsed_s=0.6 status=running
2026-07-02 00:57:23,779 INFO chronaris.pipelines.stage_i.public.deep_baseline_runtime: deep_train batch dataset=nasa_csm model=chronaris_public_fusion track=objective group=combined seed=42 fold=001/002 epoch=002/005 batch=021/021 loss=1.002805 elapsed_s=0.6 status=running
2026-07-02 00:57:23,781 INFO chronaris.pipelines.stage_i.public.deep_baseline_runtime: deep_train epoch_done dataset=nasa_csm model=chronaris_public_fusion track=objective group=combined seed=42 fold=001/002 epoch=002/005 train_loss=0.967790 elapsed_s=0.3
2026-07-02 00:57:23,818 INFO chronaris.pipelines.stage_i.public.deep_baseline_runtime: deep_train epoch_start dataset=nasa_csm model=chronaris_public_fusion track=objective group=combined seed=42 fold=001/002 epoch=003/005 batch_count=21
2026-07-02 00:57:23,854 INFO chronaris.pipelines.stage_i.public.deep_baseline_runtime: deep_train batch dataset=nasa_csm model=chronaris_public_fusion track=objective group=combined seed=42 fold=001/002 epoch=003/005 batch=001/021 loss=0.859668 elapsed_s=0.7 status=running
2026-07-02 00:57:24,091 INFO chronaris.pipelines.stage_i.public.deep_baseline_runtime: deep_train batch dataset=nasa_csm model=chronaris_public_fusion track=objective group=combined seed=42 fold=001/002 epoch=003/005 batch=020/021 loss=0.869624 elapsed_s=0.9 status=running
2026-07-02 00:57:24,108 INFO chronaris.pipelines.stage_i.public.deep_baseline_runtime: deep_train batch dataset=nasa_csm model=chronaris_public_fusion track=objective group=combined seed=42 fold=001/002 epoch=003/005 batch=021/021 loss=0.902625 elapsed_s=1.0 status=running
2026-07-02 00:57:24,110 INFO chronaris.pipelines.stage_i.public.deep_baseline_runtime: deep_train epoch_done dataset=nasa_csm model=chronaris_public_fusion track=objective group=combined seed=42 fold=001/002 epoch=003/005 train_loss=0.914133 elapsed_s=0.3
2026-07-02 00:57:24,150 INFO chronaris.pipelines.stage_i.public.deep_baseline_runtime: deep_train epoch_start dataset=nasa_csm model=chronaris_public_fusion track=objective group=combined seed=42 fold=001/002 epoch=004/005 batch_count=21
2026-07-02 00:57:24,171 INFO chronaris.pipelines.stage_i.public.deep_baseline_runtime: deep_train batch dataset=nasa_csm model=chronaris_public_fusion track=objective group=combined seed=42 fold=001/002 epoch=004/005 batch=001/021 loss=0.876780 elapsed_s=1.0 status=running
2026-07-02 00:57:24,401 INFO chronaris.pipelines.stage_i.public.deep_baseline_runtime: deep_train batch dataset=nasa_csm model=chronaris_public_fusion track=objective group=combined seed=42 fold=001/002 epoch=004/005 batch=020/021 loss=0.820443 elapsed_s=1.3 status=running
2026-07-02 00:57:24,416 INFO chronaris.pipelines.stage_i.public.deep_baseline_runtime: deep_train batch dataset=nasa_csm model=chronaris_public_fusion track=objective group=combined seed=42 fold=001/002 epoch=004/005 batch=021/021 loss=0.781030 elapsed_s=1.3 status=running
2026-07-02 00:57:24,418 INFO chronaris.pipelines.stage_i.public.deep_baseline_runtime: deep_train epoch_done dataset=nasa_csm model=chronaris_public_fusion track=objective group=combined seed=42 fold=001/002 epoch=004/005 train_loss=0.874140 elapsed_s=0.3
2026-07-02 00:57:24,454 INFO chronaris.pipelines.stage_i.public.deep_baseline_runtime: deep_train epoch_start dataset=nasa_csm model=chronaris_public_fusion track=objective group=combined seed=42 fold=001/002 epoch=005/005 batch_count=21
2026-07-02 00:57:24,474 INFO chronaris.pipelines.stage_i.public.deep_baseline_runtime: deep_train batch dataset=nasa_csm model=chronaris_public_fusion track=objective group=combined seed=42 fold=001/002 epoch=005/005 batch=001/021 loss=0.831100 elapsed_s=1.3 status=running
2026-07-02 00:57:24,707 INFO chronaris.pipelines.stage_i.public.deep_baseline_runtime: deep_train batch dataset=nasa_csm model=chronaris_public_fusion track=objective group=combined seed=42 fold=001/002 epoch=005/005 batch=020/021 loss=0.871509 elapsed_s=1.6 status=running
2026-07-02 00:57:24,722 INFO chronaris.pipelines.stage_i.public.deep_baseline_runtime: deep_train batch dataset=nasa_csm model=chronaris_public_fusion track=objective group=combined seed=42 fold=001/002 epoch=005/005 batch=021/021 loss=0.828874 elapsed_s=1.6 status=running
2026-07-02 00:57:24,724 INFO chronaris.pipelines.stage_i.public.deep_baseline_runtime: deep_train epoch_done dataset=nasa_csm model=chronaris_public_fusion track=objective group=combined seed=42 fold=001/002 epoch=005/005 train_loss=0.824897 elapsed_s=0.3
2026-07-02 00:57:24,760 INFO chronaris.pipelines.stage_i.public.deep_baseline_runtime: deep_train fold_done dataset=nasa_csm model=chronaris_public_fusion track=objective group=combined seed=42 fold=001/002 elapsed_s=1.6
2026-07-02 00:57:25,085 INFO chronaris.pipelines.stage_i.public.deep_baseline_runtime: deep_train fold_start dataset=nasa_csm model=chronaris_public_fusion track=objective group=combined seed=42 fold=002/002 split_group=subject_11 task=classification train_count=2645 epochs=5 batch_size=128
2026-07-02 00:57:25,088 INFO chronaris.pipelines.stage_i.public.deep_baseline_runtime: deep_train epoch_start dataset=nasa_csm model=chronaris_public_fusion track=objective group=combined seed=42 fold=002/002 epoch=001/005 batch_count=21
2026-07-02 00:57:25,108 INFO chronaris.pipelines.stage_i.public.deep_baseline_runtime: deep_train batch dataset=nasa_csm model=chronaris_public_fusion track=objective group=combined seed=42 fold=002/002 epoch=001/005 batch=001/021 loss=1.102592 elapsed_s=0.0 status=running
2026-07-02 00:57:25,339 INFO chronaris.pipelines.stage_i.public.deep_baseline_runtime: deep_train batch dataset=nasa_csm model=chronaris_public_fusion track=objective group=combined seed=42 fold=002/002 epoch=001/005 batch=020/021 loss=1.024935 elapsed_s=0.3 status=running
2026-07-02 00:57:25,354 INFO chronaris.pipelines.stage_i.public.deep_baseline_runtime: deep_train batch dataset=nasa_csm model=chronaris_public_fusion track=objective group=combined seed=42 fold=002/002 epoch=001/005 batch=021/021 loss=0.994750 elapsed_s=0.3 status=running
2026-07-02 00:57:25,357 INFO chronaris.pipelines.stage_i.public.deep_baseline_runtime: deep_train epoch_done dataset=nasa_csm model=chronaris_public_fusion track=objective group=combined seed=42 fold=002/002 epoch=001/005 train_loss=1.068104 elapsed_s=0.3
2026-07-02 00:57:25,392 INFO chronaris.pipelines.stage_i.public.deep_baseline_runtime: deep_train epoch_start dataset=nasa_csm model=chronaris_public_fusion track=objective group=combined seed=42 fold=002/002 epoch=002/005 batch_count=21
2026-07-02 00:57:25,407 INFO chronaris.pipelines.stage_i.public.deep_baseline_runtime: deep_train batch dataset=nasa_csm model=chronaris_public_fusion track=objective group=combined seed=42 fold=002/002 epoch=002/005 batch=001/021 loss=1.006587 elapsed_s=0.3 status=running
2026-07-02 00:57:25,635 INFO chronaris.pipelines.stage_i.public.deep_baseline_runtime: deep_train batch dataset=nasa_csm model=chronaris_public_fusion track=objective group=combined seed=42 fold=002/002 epoch=002/005 batch=020/021 loss=0.872304 elapsed_s=0.5 status=running
2026-07-02 00:57:25,649 INFO chronaris.pipelines.stage_i.public.deep_baseline_runtime: deep_train batch dataset=nasa_csm model=chronaris_public_fusion track=objective group=combined seed=42 fold=002/002 epoch=002/005 batch=021/021 loss=0.878009 elapsed_s=0.6 status=running
2026-07-02 00:57:25,652 INFO chronaris.pipelines.stage_i.public.deep_baseline_runtime: deep_train epoch_done dataset=nasa_csm model=chronaris_public_fusion track=objective group=combined seed=42 fold=002/002 epoch=002/005 train_loss=0.953647 elapsed_s=0.3
2026-07-02 00:57:25,687 INFO chronaris.pipelines.stage_i.public.deep_baseline_runtime: deep_train epoch_start dataset=nasa_csm model=chronaris_public_fusion track=objective group=combined seed=42 fold=002/002 epoch=003/005 batch_count=21
2026-07-02 00:57:25,707 INFO chronaris.pipelines.stage_i.public.deep_baseline_runtime: deep_train batch dataset=nasa_csm model=chronaris_public_fusion track=objective group=combined seed=42 fold=002/002 epoch=003/005 batch=001/021 loss=0.951296 elapsed_s=0.6 status=running
2026-07-02 00:57:25,938 INFO chronaris.pipelines.stage_i.public.deep_baseline_runtime: deep_train batch dataset=nasa_csm model=chronaris_public_fusion track=objective group=combined seed=42 fold=002/002 epoch=003/005 batch=020/021 loss=0.882093 elapsed_s=0.8 status=running
2026-07-02 00:57:25,953 INFO chronaris.pipelines.stage_i.public.deep_baseline_runtime: deep_train batch dataset=nasa_csm model=chronaris_public_fusion track=objective group=combined seed=42 fold=002/002 epoch=003/005 batch=021/021 loss=0.882875 elapsed_s=0.9 status=running
2026-07-02 00:57:25,955 INFO chronaris.pipelines.stage_i.public.deep_baseline_runtime: deep_train epoch_done dataset=nasa_csm model=chronaris_public_fusion track=objective group=combined seed=42 fold=002/002 epoch=003/005 train_loss=0.907396 elapsed_s=0.3
2026-07-02 00:57:25,990 INFO chronaris.pipelines.stage_i.public.deep_baseline_runtime: deep_train epoch_start dataset=nasa_csm model=chronaris_public_fusion track=objective group=combined seed=42 fold=002/002 epoch=004/005 batch_count=21
2026-07-02 00:57:26,039 INFO chronaris.pipelines.stage_i.public.deep_baseline_runtime: deep_train batch dataset=nasa_csm model=chronaris_public_fusion track=objective group=combined seed=42 fold=002/002 epoch=004/005 batch=001/021 loss=0.874873 elapsed_s=1.0 status=running
2026-07-02 00:57:26,263 INFO chronaris.pipelines.stage_i.public.deep_baseline_runtime: deep_train batch dataset=nasa_csm model=chronaris_public_fusion track=objective group=combined seed=42 fold=002/002 epoch=004/005 batch=020/021 loss=0.837414 elapsed_s=1.2 status=running
2026-07-02 00:57:26,279 INFO chronaris.pipelines.stage_i.public.deep_baseline_runtime: deep_train batch dataset=nasa_csm model=chronaris_public_fusion track=objective group=combined seed=42 fold=002/002 epoch=004/005 batch=021/021 loss=0.763857 elapsed_s=1.2 status=running
2026-07-02 00:57:26,282 INFO chronaris.pipelines.stage_i.public.deep_baseline_runtime: deep_train epoch_done dataset=nasa_csm model=chronaris_public_fusion track=objective group=combined seed=42 fold=002/002 epoch=004/005 train_loss=0.855972 elapsed_s=0.3
2026-07-02 00:57:26,317 INFO chronaris.pipelines.stage_i.public.deep_baseline_runtime: deep_train epoch_start dataset=nasa_csm model=chronaris_public_fusion track=objective group=combined seed=42 fold=002/002 epoch=005/005 batch_count=21
2026-07-02 00:57:26,336 INFO chronaris.pipelines.stage_i.public.deep_baseline_runtime: deep_train batch dataset=nasa_csm model=chronaris_public_fusion track=objective group=combined seed=42 fold=002/002 epoch=005/005 batch=001/021 loss=0.847741 elapsed_s=1.2 status=running
2026-07-02 00:57:26,564 INFO chronaris.pipelines.stage_i.public.deep_baseline_runtime: deep_train batch dataset=nasa_csm model=chronaris_public_fusion track=objective group=combined seed=42 fold=002/002 epoch=005/005 batch=020/021 loss=0.790054 elapsed_s=1.5 status=running
2026-07-02 00:57:26,579 INFO chronaris.pipelines.stage_i.public.deep_baseline_runtime: deep_train batch dataset=nasa_csm model=chronaris_public_fusion track=objective group=combined seed=42 fold=002/002 epoch=005/005 batch=021/021 loss=0.706672 elapsed_s=1.5 status=running
2026-07-02 00:57:26,581 INFO chronaris.pipelines.stage_i.public.deep_baseline_runtime: deep_train epoch_done dataset=nasa_csm model=chronaris_public_fusion track=objective group=combined seed=42 fold=002/002 epoch=005/005 train_loss=0.788952 elapsed_s=0.3
2026-07-02 00:57:26,616 INFO chronaris.pipelines.stage_i.public.deep_baseline_runtime: deep_train fold_done dataset=nasa_csm model=chronaris_public_fusion track=objective group=combined seed=42 fold=002/002 elapsed_s=1.5
