2026-07-02 00:56:29,059 INFO chronaris.pipelines.stage_i.public.deep_baseline: stage_i_deep_baseline observer start run_id=lag_window_8__seed42 run_root=/home/wangminan/projects/chronaris/docs/artifacts/assets/stage_i_public_fusion_ablation/20260701T-stage-i-public-fusion-ablation-r1/screen/nasa_csm/lag_window_8__seed42
2026-07-02 00:56:30,142 INFO chronaris.pipelines.stage_i.public.deep_baseline_runtime: deep_train fold_start dataset=nasa_csm model=chronaris_public_fusion track=objective group=benchmark_only seed=42 fold=001/002 split_group=subject_10 task=classification train_count=1364 epochs=5 batch_size=128
2026-07-02 00:56:30,143 INFO chronaris.pipelines.stage_i.public.deep_baseline_runtime: deep_train epoch_start dataset=nasa_csm model=chronaris_public_fusion track=objective group=benchmark_only seed=42 fold=001/002 epoch=001/005 batch_count=11
2026-07-02 00:56:30,165 INFO chronaris.pipelines.stage_i.public.deep_baseline_runtime: deep_train batch dataset=nasa_csm model=chronaris_public_fusion track=objective group=benchmark_only seed=42 fold=001/002 epoch=001/005 batch=001/011 loss=1.113079 elapsed_s=0.0 status=running
2026-07-02 00:56:30,363 INFO chronaris.pipelines.stage_i.public.deep_baseline_runtime: deep_train batch dataset=nasa_csm model=chronaris_public_fusion track=objective group=benchmark_only seed=42 fold=001/002 epoch=001/005 batch=011/011 loss=1.054960 elapsed_s=0.2 status=running
2026-07-02 00:56:30,364 INFO chronaris.pipelines.stage_i.public.deep_baseline_runtime: deep_train epoch_done dataset=nasa_csm model=chronaris_public_fusion track=objective group=benchmark_only seed=42 fold=001/002 epoch=001/005 train_loss=1.086893 elapsed_s=0.2
2026-07-02 00:56:30,398 INFO chronaris.pipelines.stage_i.public.deep_baseline_runtime: deep_train epoch_start dataset=nasa_csm model=chronaris_public_fusion track=objective group=benchmark_only seed=42 fold=001/002 epoch=002/005 batch_count=11
2026-07-02 00:56:30,418 INFO chronaris.pipelines.stage_i.public.deep_baseline_runtime: deep_train batch dataset=nasa_csm model=chronaris_public_fusion track=objective group=benchmark_only seed=42 fold=001/002 epoch=002/005 batch=001/011 loss=1.073900 elapsed_s=0.3 status=running
2026-07-02 00:56:30,602 INFO chronaris.pipelines.stage_i.public.deep_baseline_runtime: deep_train batch dataset=nasa_csm model=chronaris_public_fusion track=objective group=benchmark_only seed=42 fold=001/002 epoch=002/005 batch=011/011 loss=1.020144 elapsed_s=0.5 status=running
2026-07-02 00:56:30,602 INFO chronaris.pipelines.stage_i.public.deep_baseline_runtime: deep_train epoch_done dataset=nasa_csm model=chronaris_public_fusion track=objective group=benchmark_only seed=42 fold=001/002 epoch=002/005 train_loss=1.042081 elapsed_s=0.2
2026-07-02 00:56:30,635 INFO chronaris.pipelines.stage_i.public.deep_baseline_runtime: deep_train epoch_start dataset=nasa_csm model=chronaris_public_fusion track=objective group=benchmark_only seed=42 fold=001/002 epoch=003/005 batch_count=11
2026-07-02 00:56:30,657 INFO chronaris.pipelines.stage_i.public.deep_baseline_runtime: deep_train batch dataset=nasa_csm model=chronaris_public_fusion track=objective group=benchmark_only seed=42 fold=001/002 epoch=003/005 batch=001/011 loss=1.083424 elapsed_s=0.5 status=running
2026-07-02 00:56:30,789 INFO chronaris.pipelines.stage_i.public.deep_baseline_runtime: deep_train batch dataset=nasa_csm model=chronaris_public_fusion track=objective group=benchmark_only seed=42 fold=001/002 epoch=003/005 batch=011/011 loss=0.939166 elapsed_s=0.6 status=running
2026-07-02 00:56:30,789 INFO chronaris.pipelines.stage_i.public.deep_baseline_runtime: deep_train epoch_done dataset=nasa_csm model=chronaris_public_fusion track=objective group=benchmark_only seed=42 fold=001/002 epoch=003/005 train_loss=0.975905 elapsed_s=0.2
2026-07-02 00:56:30,823 INFO chronaris.pipelines.stage_i.public.deep_baseline_runtime: deep_train epoch_start dataset=nasa_csm model=chronaris_public_fusion track=objective group=benchmark_only seed=42 fold=001/002 epoch=004/005 batch_count=11
2026-07-02 00:56:30,844 INFO chronaris.pipelines.stage_i.public.deep_baseline_runtime: deep_train batch dataset=nasa_csm model=chronaris_public_fusion track=objective group=benchmark_only seed=42 fold=001/002 epoch=004/005 batch=001/011 loss=0.876789 elapsed_s=0.7 status=running
2026-07-02 00:56:30,971 INFO chronaris.pipelines.stage_i.public.deep_baseline_runtime: deep_train batch dataset=nasa_csm model=chronaris_public_fusion track=objective group=benchmark_only seed=42 fold=001/002 epoch=004/005 batch=011/011 loss=0.860119 elapsed_s=0.8 status=running
2026-07-02 00:56:30,972 INFO chronaris.pipelines.stage_i.public.deep_baseline_runtime: deep_train epoch_done dataset=nasa_csm model=chronaris_public_fusion track=objective group=benchmark_only seed=42 fold=001/002 epoch=004/005 train_loss=0.821148 elapsed_s=0.1
2026-07-02 00:56:31,006 INFO chronaris.pipelines.stage_i.public.deep_baseline_runtime: deep_train epoch_start dataset=nasa_csm model=chronaris_public_fusion track=objective group=benchmark_only seed=42 fold=001/002 epoch=005/005 batch_count=11
2026-07-02 00:56:31,029 INFO chronaris.pipelines.stage_i.public.deep_baseline_runtime: deep_train batch dataset=nasa_csm model=chronaris_public_fusion track=objective group=benchmark_only seed=42 fold=001/002 epoch=005/005 batch=001/011 loss=0.822247 elapsed_s=0.9 status=running
2026-07-02 00:56:31,160 INFO chronaris.pipelines.stage_i.public.deep_baseline_runtime: deep_train batch dataset=nasa_csm model=chronaris_public_fusion track=objective group=benchmark_only seed=42 fold=001/002 epoch=005/005 batch=011/011 loss=0.676499 elapsed_s=1.0 status=running
2026-07-02 00:56:31,161 INFO chronaris.pipelines.stage_i.public.deep_baseline_runtime: deep_train epoch_done dataset=nasa_csm model=chronaris_public_fusion track=objective group=benchmark_only seed=42 fold=001/002 epoch=005/005 train_loss=0.667735 elapsed_s=0.2
2026-07-02 00:56:31,194 INFO chronaris.pipelines.stage_i.public.deep_baseline_runtime: deep_train fold_done dataset=nasa_csm model=chronaris_public_fusion track=objective group=benchmark_only seed=42 fold=001/002 elapsed_s=1.1
2026-07-02 00:56:31,416 INFO chronaris.pipelines.stage_i.public.deep_baseline_runtime: deep_train fold_start dataset=nasa_csm model=chronaris_public_fusion track=objective group=benchmark_only seed=42 fold=002/002 split_group=subject_11 task=classification train_count=1366 epochs=5 batch_size=128
2026-07-02 00:56:31,417 INFO chronaris.pipelines.stage_i.public.deep_baseline_runtime: deep_train epoch_start dataset=nasa_csm model=chronaris_public_fusion track=objective group=benchmark_only seed=42 fold=002/002 epoch=001/005 batch_count=11
2026-07-02 00:56:31,438 INFO chronaris.pipelines.stage_i.public.deep_baseline_runtime: deep_train batch dataset=nasa_csm model=chronaris_public_fusion track=objective group=benchmark_only seed=42 fold=002/002 epoch=001/005 batch=001/011 loss=1.101654 elapsed_s=0.0 status=running
2026-07-02 00:56:31,564 INFO chronaris.pipelines.stage_i.public.deep_baseline_runtime: deep_train batch dataset=nasa_csm model=chronaris_public_fusion track=objective group=benchmark_only seed=42 fold=002/002 epoch=001/005 batch=011/011 loss=1.044878 elapsed_s=0.1 status=running
2026-07-02 00:56:31,565 INFO chronaris.pipelines.stage_i.public.deep_baseline_runtime: deep_train epoch_done dataset=nasa_csm model=chronaris_public_fusion track=objective group=benchmark_only seed=42 fold=002/002 epoch=001/005 train_loss=1.091925 elapsed_s=0.1
2026-07-02 00:56:31,598 INFO chronaris.pipelines.stage_i.public.deep_baseline_runtime: deep_train epoch_start dataset=nasa_csm model=chronaris_public_fusion track=objective group=benchmark_only seed=42 fold=002/002 epoch=002/005 batch_count=11
2026-07-02 00:56:31,616 INFO chronaris.pipelines.stage_i.public.deep_baseline_runtime: deep_train batch dataset=nasa_csm model=chronaris_public_fusion track=objective group=benchmark_only seed=42 fold=002/002 epoch=002/005 batch=001/011 loss=1.057291 elapsed_s=0.2 status=running
2026-07-02 00:56:31,775 INFO chronaris.pipelines.stage_i.public.deep_baseline_runtime: deep_train batch dataset=nasa_csm model=chronaris_public_fusion track=objective group=benchmark_only seed=42 fold=002/002 epoch=002/005 batch=011/011 loss=1.061672 elapsed_s=0.4 status=running
2026-07-02 00:56:31,775 INFO chronaris.pipelines.stage_i.public.deep_baseline_runtime: deep_train epoch_done dataset=nasa_csm model=chronaris_public_fusion track=objective group=benchmark_only seed=42 fold=002/002 epoch=002/005 train_loss=1.046669 elapsed_s=0.2
2026-07-02 00:56:31,811 INFO chronaris.pipelines.stage_i.public.deep_baseline_runtime: deep_train epoch_start dataset=nasa_csm model=chronaris_public_fusion track=objective group=benchmark_only seed=42 fold=002/002 epoch=003/005 batch_count=11
2026-07-02 00:56:31,845 INFO chronaris.pipelines.stage_i.public.deep_baseline_runtime: deep_train batch dataset=nasa_csm model=chronaris_public_fusion track=objective group=benchmark_only seed=42 fold=002/002 epoch=003/005 batch=001/011 loss=1.047901 elapsed_s=0.4 status=running
2026-07-02 00:56:32,012 INFO chronaris.pipelines.stage_i.public.deep_baseline_runtime: deep_train batch dataset=nasa_csm model=chronaris_public_fusion track=objective group=benchmark_only seed=42 fold=002/002 epoch=003/005 batch=011/011 loss=0.967479 elapsed_s=0.6 status=running
2026-07-02 00:56:32,013 INFO chronaris.pipelines.stage_i.public.deep_baseline_runtime: deep_train epoch_done dataset=nasa_csm model=chronaris_public_fusion track=objective group=benchmark_only seed=42 fold=002/002 epoch=003/005 train_loss=0.985639 elapsed_s=0.2
2026-07-02 00:56:32,078 INFO chronaris.pipelines.stage_i.public.deep_baseline_runtime: deep_train epoch_start dataset=nasa_csm model=chronaris_public_fusion track=objective group=benchmark_only seed=42 fold=002/002 epoch=004/005 batch_count=11
2026-07-02 00:56:32,158 INFO chronaris.pipelines.stage_i.public.deep_baseline_runtime: deep_train batch dataset=nasa_csm model=chronaris_public_fusion track=objective group=benchmark_only seed=42 fold=002/002 epoch=004/005 batch=001/011 loss=0.870731 elapsed_s=0.7 status=running
2026-07-02 00:56:32,289 INFO chronaris.pipelines.stage_i.public.deep_baseline_runtime: deep_train batch dataset=nasa_csm model=chronaris_public_fusion track=objective group=benchmark_only seed=42 fold=002/002 epoch=004/005 batch=011/011 loss=0.684765 elapsed_s=0.9 status=running
2026-07-02 00:56:32,290 INFO chronaris.pipelines.stage_i.public.deep_baseline_runtime: deep_train epoch_done dataset=nasa_csm model=chronaris_public_fusion track=objective group=benchmark_only seed=42 fold=002/002 epoch=004/005 train_loss=0.812939 elapsed_s=0.2
2026-07-02 00:56:32,323 INFO chronaris.pipelines.stage_i.public.deep_baseline_runtime: deep_train epoch_start dataset=nasa_csm model=chronaris_public_fusion track=objective group=benchmark_only seed=42 fold=002/002 epoch=005/005 batch_count=11
2026-07-02 00:56:32,345 INFO chronaris.pipelines.stage_i.public.deep_baseline_runtime: deep_train batch dataset=nasa_csm model=chronaris_public_fusion track=objective group=benchmark_only seed=42 fold=002/002 epoch=005/005 batch=001/011 loss=0.755186 elapsed_s=0.9 status=running
2026-07-02 00:56:32,475 INFO chronaris.pipelines.stage_i.public.deep_baseline_runtime: deep_train batch dataset=nasa_csm model=chronaris_public_fusion track=objective group=benchmark_only seed=42 fold=002/002 epoch=005/005 batch=011/011 loss=0.676578 elapsed_s=1.1 status=running
2026-07-02 00:56:32,477 INFO chronaris.pipelines.stage_i.public.deep_baseline_runtime: deep_train epoch_done dataset=nasa_csm model=chronaris_public_fusion track=objective group=benchmark_only seed=42 fold=002/002 epoch=005/005 train_loss=0.677746 elapsed_s=0.2
2026-07-02 00:56:32,511 INFO chronaris.pipelines.stage_i.public.deep_baseline_runtime: deep_train fold_done dataset=nasa_csm model=chronaris_public_fusion track=objective group=benchmark_only seed=42 fold=002/002 elapsed_s=1.1
2026-07-02 00:56:32,868 INFO chronaris.pipelines.stage_i.public.deep_baseline_runtime: deep_train fold_start dataset=nasa_csm model=chronaris_public_fusion track=objective group=loft_only seed=42 fold=001/002 split_group=subject_10 task=classification train_count=1259 epochs=5 batch_size=128
2026-07-02 00:56:32,870 INFO chronaris.pipelines.stage_i.public.deep_baseline_runtime: deep_train epoch_start dataset=nasa_csm model=chronaris_public_fusion track=objective group=loft_only seed=42 fold=001/002 epoch=001/005 batch_count=10
2026-07-02 00:56:32,888 INFO chronaris.pipelines.stage_i.public.deep_baseline_runtime: deep_train batch dataset=nasa_csm model=chronaris_public_fusion track=objective group=loft_only seed=42 fold=001/002 epoch=001/005 batch=001/010 loss=1.108293 elapsed_s=0.0 status=running
2026-07-02 00:56:33,003 INFO chronaris.pipelines.stage_i.public.deep_baseline_runtime: deep_train batch dataset=nasa_csm model=chronaris_public_fusion track=objective group=loft_only seed=42 fold=001/002 epoch=001/005 batch=010/010 loss=0.958378 elapsed_s=0.1 status=running
2026-07-02 00:56:33,005 INFO chronaris.pipelines.stage_i.public.deep_baseline_runtime: deep_train epoch_done dataset=nasa_csm model=chronaris_public_fusion track=objective group=loft_only seed=42 fold=001/002 epoch=001/005 train_loss=1.025009 elapsed_s=0.1
2026-07-02 00:56:33,037 INFO chronaris.pipelines.stage_i.public.deep_baseline_runtime: deep_train epoch_start dataset=nasa_csm model=chronaris_public_fusion track=objective group=loft_only seed=42 fold=001/002 epoch=002/005 batch_count=10
2026-07-02 00:56:33,053 INFO chronaris.pipelines.stage_i.public.deep_baseline_runtime: deep_train batch dataset=nasa_csm model=chronaris_public_fusion track=objective group=loft_only seed=42 fold=001/002 epoch=002/005 batch=001/010 loss=0.933508 elapsed_s=0.2 status=running
2026-07-02 00:56:33,167 INFO chronaris.pipelines.stage_i.public.deep_baseline_runtime: deep_train batch dataset=nasa_csm model=chronaris_public_fusion track=objective group=loft_only seed=42 fold=001/002 epoch=002/005 batch=010/010 loss=0.736169 elapsed_s=0.3 status=running
2026-07-02 00:56:33,169 INFO chronaris.pipelines.stage_i.public.deep_baseline_runtime: deep_train epoch_done dataset=nasa_csm model=chronaris_public_fusion track=objective group=loft_only seed=42 fold=001/002 epoch=002/005 train_loss=0.802350 elapsed_s=0.1
2026-07-02 00:56:33,214 INFO chronaris.pipelines.stage_i.public.deep_baseline_runtime: deep_train epoch_start dataset=nasa_csm model=chronaris_public_fusion track=objective group=loft_only seed=42 fold=001/002 epoch=003/005 batch_count=10
2026-07-02 00:56:33,244 INFO chronaris.pipelines.stage_i.public.deep_baseline_runtime: deep_train batch dataset=nasa_csm model=chronaris_public_fusion track=objective group=loft_only seed=42 fold=001/002 epoch=003/005 batch=001/010 loss=0.677234 elapsed_s=0.4 status=running
2026-07-02 00:56:33,363 INFO chronaris.pipelines.stage_i.public.deep_baseline_runtime: deep_train batch dataset=nasa_csm model=chronaris_public_fusion track=objective group=loft_only seed=42 fold=001/002 epoch=003/005 batch=010/010 loss=0.648177 elapsed_s=0.5 status=running
2026-07-02 00:56:33,365 INFO chronaris.pipelines.stage_i.public.deep_baseline_runtime: deep_train epoch_done dataset=nasa_csm model=chronaris_public_fusion track=objective group=loft_only seed=42 fold=001/002 epoch=003/005 train_loss=0.695247 elapsed_s=0.2
2026-07-02 00:56:33,399 INFO chronaris.pipelines.stage_i.public.deep_baseline_runtime: deep_train epoch_start dataset=nasa_csm model=chronaris_public_fusion track=objective group=loft_only seed=42 fold=001/002 epoch=004/005 batch_count=10
2026-07-02 00:56:33,427 INFO chronaris.pipelines.stage_i.public.deep_baseline_runtime: deep_train batch dataset=nasa_csm model=chronaris_public_fusion track=objective group=loft_only seed=42 fold=001/002 epoch=004/005 batch=001/010 loss=0.667255 elapsed_s=0.6 status=running
2026-07-02 00:56:33,545 INFO chronaris.pipelines.stage_i.public.deep_baseline_runtime: deep_train batch dataset=nasa_csm model=chronaris_public_fusion track=objective group=loft_only seed=42 fold=001/002 epoch=004/005 batch=010/010 loss=0.611522 elapsed_s=0.7 status=running
2026-07-02 00:56:33,547 INFO chronaris.pipelines.stage_i.public.deep_baseline_runtime: deep_train epoch_done dataset=nasa_csm model=chronaris_public_fusion track=objective group=loft_only seed=42 fold=001/002 epoch=004/005 train_loss=0.643225 elapsed_s=0.1
2026-07-02 00:56:33,581 INFO chronaris.pipelines.stage_i.public.deep_baseline_runtime: deep_train epoch_start dataset=nasa_csm model=chronaris_public_fusion track=objective group=loft_only seed=42 fold=001/002 epoch=005/005 batch_count=10
2026-07-02 00:56:33,605 INFO chronaris.pipelines.stage_i.public.deep_baseline_runtime: deep_train batch dataset=nasa_csm model=chronaris_public_fusion track=objective group=loft_only seed=42 fold=001/002 epoch=005/005 batch=001/010 loss=0.634482 elapsed_s=0.7 status=running
2026-07-02 00:56:33,782 INFO chronaris.pipelines.stage_i.public.deep_baseline_runtime: deep_train batch dataset=nasa_csm model=chronaris_public_fusion track=objective group=loft_only seed=42 fold=001/002 epoch=005/005 batch=010/010 loss=0.531026 elapsed_s=0.9 status=running
2026-07-02 00:56:33,784 INFO chronaris.pipelines.stage_i.public.deep_baseline_runtime: deep_train epoch_done dataset=nasa_csm model=chronaris_public_fusion track=objective group=loft_only seed=42 fold=001/002 epoch=005/005 train_loss=0.584566 elapsed_s=0.2
2026-07-02 00:56:33,823 INFO chronaris.pipelines.stage_i.public.deep_baseline_runtime: deep_train fold_done dataset=nasa_csm model=chronaris_public_fusion track=objective group=loft_only seed=42 fold=001/002 elapsed_s=1.0
2026-07-02 00:56:34,042 INFO chronaris.pipelines.stage_i.public.deep_baseline_runtime: deep_train fold_start dataset=nasa_csm model=chronaris_public_fusion track=objective group=loft_only seed=42 fold=002/002 split_group=subject_11 task=classification train_count=1279 epochs=5 batch_size=128
2026-07-02 00:56:34,044 INFO chronaris.pipelines.stage_i.public.deep_baseline_runtime: deep_train epoch_start dataset=nasa_csm model=chronaris_public_fusion track=objective group=loft_only seed=42 fold=002/002 epoch=001/005 batch_count=10
2026-07-02 00:56:34,083 INFO chronaris.pipelines.stage_i.public.deep_baseline_runtime: deep_train batch dataset=nasa_csm model=chronaris_public_fusion track=objective group=loft_only seed=42 fold=002/002 epoch=001/005 batch=001/010 loss=1.090724 elapsed_s=0.0 status=running
2026-07-02 00:56:34,197 INFO chronaris.pipelines.stage_i.public.deep_baseline_runtime: deep_train batch dataset=nasa_csm model=chronaris_public_fusion track=objective group=loft_only seed=42 fold=002/002 epoch=001/005 batch=010/010 loss=0.959721 elapsed_s=0.2 status=running
2026-07-02 00:56:34,199 INFO chronaris.pipelines.stage_i.public.deep_baseline_runtime: deep_train epoch_done dataset=nasa_csm model=chronaris_public_fusion track=objective group=loft_only seed=42 fold=002/002 epoch=001/005 train_loss=1.018740 elapsed_s=0.2
2026-07-02 00:56:34,232 INFO chronaris.pipelines.stage_i.public.deep_baseline_runtime: deep_train epoch_start dataset=nasa_csm model=chronaris_public_fusion track=objective group=loft_only seed=42 fold=002/002 epoch=002/005 batch_count=10
2026-07-02 00:56:34,271 INFO chronaris.pipelines.stage_i.public.deep_baseline_runtime: deep_train batch dataset=nasa_csm model=chronaris_public_fusion track=objective group=loft_only seed=42 fold=002/002 epoch=002/005 batch=001/010 loss=0.928488 elapsed_s=0.2 status=running
2026-07-02 00:56:34,403 INFO chronaris.pipelines.stage_i.public.deep_baseline_runtime: deep_train batch dataset=nasa_csm model=chronaris_public_fusion track=objective group=loft_only seed=42 fold=002/002 epoch=002/005 batch=010/010 loss=0.695498 elapsed_s=0.4 status=running
2026-07-02 00:56:34,404 INFO chronaris.pipelines.stage_i.public.deep_baseline_runtime: deep_train epoch_done dataset=nasa_csm model=chronaris_public_fusion track=objective group=loft_only seed=42 fold=002/002 epoch=002/005 train_loss=0.811267 elapsed_s=0.2
2026-07-02 00:56:34,438 INFO chronaris.pipelines.stage_i.public.deep_baseline_runtime: deep_train epoch_start dataset=nasa_csm model=chronaris_public_fusion track=objective group=loft_only seed=42 fold=002/002 epoch=003/005 batch_count=10
2026-07-02 00:56:34,459 INFO chronaris.pipelines.stage_i.public.deep_baseline_runtime: deep_train batch dataset=nasa_csm model=chronaris_public_fusion track=objective group=loft_only seed=42 fold=002/002 epoch=003/005 batch=001/010 loss=0.644330 elapsed_s=0.4 status=running
2026-07-02 00:56:34,575 INFO chronaris.pipelines.stage_i.public.deep_baseline_runtime: deep_train batch dataset=nasa_csm model=chronaris_public_fusion track=objective group=loft_only seed=42 fold=002/002 epoch=003/005 batch=010/010 loss=0.664723 elapsed_s=0.5 status=running
2026-07-02 00:56:34,577 INFO chronaris.pipelines.stage_i.public.deep_baseline_runtime: deep_train epoch_done dataset=nasa_csm model=chronaris_public_fusion track=objective group=loft_only seed=42 fold=002/002 epoch=003/005 train_loss=0.705480 elapsed_s=0.1
2026-07-02 00:56:34,611 INFO chronaris.pipelines.stage_i.public.deep_baseline_runtime: deep_train epoch_start dataset=nasa_csm model=chronaris_public_fusion track=objective group=loft_only seed=42 fold=002/002 epoch=004/005 batch_count=10
2026-07-02 00:56:34,632 INFO chronaris.pipelines.stage_i.public.deep_baseline_runtime: deep_train batch dataset=nasa_csm model=chronaris_public_fusion track=objective group=loft_only seed=42 fold=002/002 epoch=004/005 batch=001/010 loss=0.750256 elapsed_s=0.6 status=running
2026-07-02 00:56:34,745 INFO chronaris.pipelines.stage_i.public.deep_baseline_runtime: deep_train batch dataset=nasa_csm model=chronaris_public_fusion track=objective group=loft_only seed=42 fold=002/002 epoch=004/005 batch=010/010 loss=0.565010 elapsed_s=0.7 status=running
2026-07-02 00:56:34,746 INFO chronaris.pipelines.stage_i.public.deep_baseline_runtime: deep_train epoch_done dataset=nasa_csm model=chronaris_public_fusion track=objective group=loft_only seed=42 fold=002/002 epoch=004/005 train_loss=0.605518 elapsed_s=0.1
2026-07-02 00:56:34,779 INFO chronaris.pipelines.stage_i.public.deep_baseline_runtime: deep_train epoch_start dataset=nasa_csm model=chronaris_public_fusion track=objective group=loft_only seed=42 fold=002/002 epoch=005/005 batch_count=10
2026-07-02 00:56:34,801 INFO chronaris.pipelines.stage_i.public.deep_baseline_runtime: deep_train batch dataset=nasa_csm model=chronaris_public_fusion track=objective group=loft_only seed=42 fold=002/002 epoch=005/005 batch=001/010 loss=0.522545 elapsed_s=0.8 status=running
2026-07-02 00:56:34,915 INFO chronaris.pipelines.stage_i.public.deep_baseline_runtime: deep_train batch dataset=nasa_csm model=chronaris_public_fusion track=objective group=loft_only seed=42 fold=002/002 epoch=005/005 batch=010/010 loss=0.509017 elapsed_s=0.9 status=running
2026-07-02 00:56:34,917 INFO chronaris.pipelines.stage_i.public.deep_baseline_runtime: deep_train epoch_done dataset=nasa_csm model=chronaris_public_fusion track=objective group=loft_only seed=42 fold=002/002 epoch=005/005 train_loss=0.568089 elapsed_s=0.1
2026-07-02 00:56:34,950 INFO chronaris.pipelines.stage_i.public.deep_baseline_runtime: deep_train fold_done dataset=nasa_csm model=chronaris_public_fusion track=objective group=loft_only seed=42 fold=002/002 elapsed_s=0.9
2026-07-02 00:56:35,324 INFO chronaris.pipelines.stage_i.public.deep_baseline_runtime: deep_train fold_start dataset=nasa_csm model=chronaris_public_fusion track=objective group=combined seed=42 fold=001/002 split_group=subject_10 task=classification train_count=2623 epochs=5 batch_size=128
2026-07-02 00:56:35,326 INFO chronaris.pipelines.stage_i.public.deep_baseline_runtime: deep_train epoch_start dataset=nasa_csm model=chronaris_public_fusion track=objective group=combined seed=42 fold=001/002 epoch=001/005 batch_count=21
2026-07-02 00:56:35,347 INFO chronaris.pipelines.stage_i.public.deep_baseline_runtime: deep_train batch dataset=nasa_csm model=chronaris_public_fusion track=objective group=combined seed=42 fold=001/002 epoch=001/005 batch=001/021 loss=1.114537 elapsed_s=0.0 status=running
2026-07-02 00:56:35,586 INFO chronaris.pipelines.stage_i.public.deep_baseline_runtime: deep_train batch dataset=nasa_csm model=chronaris_public_fusion track=objective group=combined seed=42 fold=001/002 epoch=001/005 batch=020/021 loss=1.018582 elapsed_s=0.3 status=running
2026-07-02 00:56:35,601 INFO chronaris.pipelines.stage_i.public.deep_baseline_runtime: deep_train batch dataset=nasa_csm model=chronaris_public_fusion track=objective group=combined seed=42 fold=001/002 epoch=001/005 batch=021/021 loss=0.974228 elapsed_s=0.3 status=running
2026-07-02 00:56:35,603 INFO chronaris.pipelines.stage_i.public.deep_baseline_runtime: deep_train epoch_done dataset=nasa_csm model=chronaris_public_fusion track=objective group=combined seed=42 fold=001/002 epoch=001/005 train_loss=1.074106 elapsed_s=0.3
2026-07-02 00:56:35,636 INFO chronaris.pipelines.stage_i.public.deep_baseline_runtime: deep_train epoch_start dataset=nasa_csm model=chronaris_public_fusion track=objective group=combined seed=42 fold=001/002 epoch=002/005 batch_count=21
2026-07-02 00:56:35,666 INFO chronaris.pipelines.stage_i.public.deep_baseline_runtime: deep_train batch dataset=nasa_csm model=chronaris_public_fusion track=objective group=combined seed=42 fold=001/002 epoch=002/005 batch=001/021 loss=1.011951 elapsed_s=0.3 status=running
2026-07-02 00:56:35,906 INFO chronaris.pipelines.stage_i.public.deep_baseline_runtime: deep_train batch dataset=nasa_csm model=chronaris_public_fusion track=objective group=combined seed=42 fold=001/002 epoch=002/005 batch=020/021 loss=0.983073 elapsed_s=0.6 status=running
2026-07-02 00:56:35,920 INFO chronaris.pipelines.stage_i.public.deep_baseline_runtime: deep_train batch dataset=nasa_csm model=chronaris_public_fusion track=objective group=combined seed=42 fold=001/002 epoch=002/005 batch=021/021 loss=1.005287 elapsed_s=0.6 status=running
2026-07-02 00:56:35,921 INFO chronaris.pipelines.stage_i.public.deep_baseline_runtime: deep_train epoch_done dataset=nasa_csm model=chronaris_public_fusion track=objective group=combined seed=42 fold=001/002 epoch=002/005 train_loss=0.973231 elapsed_s=0.3
2026-07-02 00:56:35,954 INFO chronaris.pipelines.stage_i.public.deep_baseline_runtime: deep_train epoch_start dataset=nasa_csm model=chronaris_public_fusion track=objective group=combined seed=42 fold=001/002 epoch=003/005 batch_count=21
2026-07-02 00:56:35,975 INFO chronaris.pipelines.stage_i.public.deep_baseline_runtime: deep_train batch dataset=nasa_csm model=chronaris_public_fusion track=objective group=combined seed=42 fold=001/002 epoch=003/005 batch=001/021 loss=0.852776 elapsed_s=0.6 status=running
2026-07-02 00:56:36,212 INFO chronaris.pipelines.stage_i.public.deep_baseline_runtime: deep_train batch dataset=nasa_csm model=chronaris_public_fusion track=objective group=combined seed=42 fold=001/002 epoch=003/005 batch=020/021 loss=0.865784 elapsed_s=0.9 status=running
2026-07-02 00:56:36,227 INFO chronaris.pipelines.stage_i.public.deep_baseline_runtime: deep_train batch dataset=nasa_csm model=chronaris_public_fusion track=objective group=combined seed=42 fold=001/002 epoch=003/005 batch=021/021 loss=0.892964 elapsed_s=0.9 status=running
2026-07-02 00:56:36,228 INFO chronaris.pipelines.stage_i.public.deep_baseline_runtime: deep_train epoch_done dataset=nasa_csm model=chronaris_public_fusion track=objective group=combined seed=42 fold=001/002 epoch=003/005 train_loss=0.914202 elapsed_s=0.3
2026-07-02 00:56:36,262 INFO chronaris.pipelines.stage_i.public.deep_baseline_runtime: deep_train epoch_start dataset=nasa_csm model=chronaris_public_fusion track=objective group=combined seed=42 fold=001/002 epoch=004/005 batch_count=21
2026-07-02 00:56:36,283 INFO chronaris.pipelines.stage_i.public.deep_baseline_runtime: deep_train batch dataset=nasa_csm model=chronaris_public_fusion track=objective group=combined seed=42 fold=001/002 epoch=004/005 batch=001/021 loss=0.875259 elapsed_s=1.0 status=running
2026-07-02 00:56:36,529 INFO chronaris.pipelines.stage_i.public.deep_baseline_runtime: deep_train batch dataset=nasa_csm model=chronaris_public_fusion track=objective group=combined seed=42 fold=001/002 epoch=004/005 batch=020/021 loss=0.822235 elapsed_s=1.2 status=running
2026-07-02 00:56:36,545 INFO chronaris.pipelines.stage_i.public.deep_baseline_runtime: deep_train batch dataset=nasa_csm model=chronaris_public_fusion track=objective group=combined seed=42 fold=001/002 epoch=004/005 batch=021/021 loss=0.780703 elapsed_s=1.2 status=running
2026-07-02 00:56:36,547 INFO chronaris.pipelines.stage_i.public.deep_baseline_runtime: deep_train epoch_done dataset=nasa_csm model=chronaris_public_fusion track=objective group=combined seed=42 fold=001/002 epoch=004/005 train_loss=0.875514 elapsed_s=0.3
2026-07-02 00:56:36,583 INFO chronaris.pipelines.stage_i.public.deep_baseline_runtime: deep_train epoch_start dataset=nasa_csm model=chronaris_public_fusion track=objective group=combined seed=42 fold=001/002 epoch=005/005 batch_count=21
2026-07-02 00:56:36,604 INFO chronaris.pipelines.stage_i.public.deep_baseline_runtime: deep_train batch dataset=nasa_csm model=chronaris_public_fusion track=objective group=combined seed=42 fold=001/002 epoch=005/005 batch=001/021 loss=0.828537 elapsed_s=1.3 status=running
2026-07-02 00:56:36,854 INFO chronaris.pipelines.stage_i.public.deep_baseline_runtime: deep_train batch dataset=nasa_csm model=chronaris_public_fusion track=objective group=combined seed=42 fold=001/002 epoch=005/005 batch=020/021 loss=0.876602 elapsed_s=1.5 status=running
2026-07-02 00:56:36,870 INFO chronaris.pipelines.stage_i.public.deep_baseline_runtime: deep_train batch dataset=nasa_csm model=chronaris_public_fusion track=objective group=combined seed=42 fold=001/002 epoch=005/005 batch=021/021 loss=0.821975 elapsed_s=1.5 status=running
2026-07-02 00:56:36,872 INFO chronaris.pipelines.stage_i.public.deep_baseline_runtime: deep_train epoch_done dataset=nasa_csm model=chronaris_public_fusion track=objective group=combined seed=42 fold=001/002 epoch=005/005 train_loss=0.820222 elapsed_s=0.3
2026-07-02 00:56:37,817 INFO chronaris.pipelines.stage_i.public.deep_baseline_runtime: deep_train fold_done dataset=nasa_csm model=chronaris_public_fusion track=objective group=combined seed=42 fold=001/002 elapsed_s=1.6
2026-07-02 00:56:40,222 INFO chronaris.pipelines.stage_i.public.deep_baseline_runtime: deep_train fold_start dataset=nasa_csm model=chronaris_public_fusion track=objective group=combined seed=42 fold=002/002 split_group=subject_11 task=classification train_count=2645 epochs=5 batch_size=128
2026-07-02 00:56:40,225 INFO chronaris.pipelines.stage_i.public.deep_baseline_runtime: deep_train epoch_start dataset=nasa_csm model=chronaris_public_fusion track=objective group=combined seed=42 fold=002/002 epoch=001/005 batch_count=21
2026-07-02 00:56:40,246 INFO chronaris.pipelines.stage_i.public.deep_baseline_runtime: deep_train batch dataset=nasa_csm model=chronaris_public_fusion track=objective group=combined seed=42 fold=002/002 epoch=001/005 batch=001/021 loss=1.107583 elapsed_s=0.0 status=running
2026-07-02 00:56:40,487 INFO chronaris.pipelines.stage_i.public.deep_baseline_runtime: deep_train batch dataset=nasa_csm model=chronaris_public_fusion track=objective group=combined seed=42 fold=002/002 epoch=001/005 batch=020/021 loss=1.032391 elapsed_s=0.3 status=running
2026-07-02 00:56:40,504 INFO chronaris.pipelines.stage_i.public.deep_baseline_runtime: deep_train batch dataset=nasa_csm model=chronaris_public_fusion track=objective group=combined seed=42 fold=002/002 epoch=001/005 batch=021/021 loss=1.000753 elapsed_s=0.3 status=running
2026-07-02 00:56:40,507 INFO chronaris.pipelines.stage_i.public.deep_baseline_runtime: deep_train epoch_done dataset=nasa_csm model=chronaris_public_fusion track=objective group=combined seed=42 fold=002/002 epoch=001/005 train_loss=1.072433 elapsed_s=0.3
2026-07-02 00:56:40,542 INFO chronaris.pipelines.stage_i.public.deep_baseline_runtime: deep_train epoch_start dataset=nasa_csm model=chronaris_public_fusion track=objective group=combined seed=42 fold=002/002 epoch=002/005 batch_count=21
2026-07-02 00:56:40,557 INFO chronaris.pipelines.stage_i.public.deep_baseline_runtime: deep_train batch dataset=nasa_csm model=chronaris_public_fusion track=objective group=combined seed=42 fold=002/002 epoch=002/005 batch=001/021 loss=1.016315 elapsed_s=0.3 status=running
2026-07-02 00:56:40,798 INFO chronaris.pipelines.stage_i.public.deep_baseline_runtime: deep_train batch dataset=nasa_csm model=chronaris_public_fusion track=objective group=combined seed=42 fold=002/002 epoch=002/005 batch=020/021 loss=0.870753 elapsed_s=0.6 status=running
2026-07-02 00:56:40,813 INFO chronaris.pipelines.stage_i.public.deep_baseline_runtime: deep_train batch dataset=nasa_csm model=chronaris_public_fusion track=objective group=combined seed=42 fold=002/002 epoch=002/005 batch=021/021 loss=0.877418 elapsed_s=0.6 status=running
2026-07-02 00:56:40,816 INFO chronaris.pipelines.stage_i.public.deep_baseline_runtime: deep_train epoch_done dataset=nasa_csm model=chronaris_public_fusion track=objective group=combined seed=42 fold=002/002 epoch=002/005 train_loss=0.956630 elapsed_s=0.3
2026-07-02 00:56:40,850 INFO chronaris.pipelines.stage_i.public.deep_baseline_runtime: deep_train epoch_start dataset=nasa_csm model=chronaris_public_fusion track=objective group=combined seed=42 fold=002/002 epoch=003/005 batch_count=21
2026-07-02 00:56:40,913 INFO chronaris.pipelines.stage_i.public.deep_baseline_runtime: deep_train batch dataset=nasa_csm model=chronaris_public_fusion track=objective group=combined seed=42 fold=002/002 epoch=003/005 batch=001/021 loss=0.948460 elapsed_s=0.7 status=running
2026-07-02 00:56:41,156 INFO chronaris.pipelines.stage_i.public.deep_baseline_runtime: deep_train batch dataset=nasa_csm model=chronaris_public_fusion track=objective group=combined seed=42 fold=002/002 epoch=003/005 batch=020/021 loss=0.871670 elapsed_s=0.9 status=running
2026-07-02 00:56:41,172 INFO chronaris.pipelines.stage_i.public.deep_baseline_runtime: deep_train batch dataset=nasa_csm model=chronaris_public_fusion track=objective group=combined seed=42 fold=002/002 epoch=003/005 batch=021/021 loss=0.859024 elapsed_s=0.9 status=running
2026-07-02 00:56:41,194 INFO chronaris.pipelines.stage_i.public.deep_baseline_runtime: deep_train epoch_done dataset=nasa_csm model=chronaris_public_fusion track=objective group=combined seed=42 fold=002/002 epoch=003/005 train_loss=0.903717 elapsed_s=0.3
2026-07-02 00:56:41,232 INFO chronaris.pipelines.stage_i.public.deep_baseline_runtime: deep_train epoch_start dataset=nasa_csm model=chronaris_public_fusion track=objective group=combined seed=42 fold=002/002 epoch=004/005 batch_count=21
2026-07-02 00:56:41,253 INFO chronaris.pipelines.stage_i.public.deep_baseline_runtime: deep_train batch dataset=nasa_csm model=chronaris_public_fusion track=objective group=combined seed=42 fold=002/002 epoch=004/005 batch=001/021 loss=0.862354 elapsed_s=1.0 status=running
2026-07-02 00:56:41,491 INFO chronaris.pipelines.stage_i.public.deep_baseline_runtime: deep_train batch dataset=nasa_csm model=chronaris_public_fusion track=objective group=combined seed=42 fold=002/002 epoch=004/005 batch=020/021 loss=0.823359 elapsed_s=1.3 status=running
2026-07-02 00:56:41,507 INFO chronaris.pipelines.stage_i.public.deep_baseline_runtime: deep_train batch dataset=nasa_csm model=chronaris_public_fusion track=objective group=combined seed=42 fold=002/002 epoch=004/005 batch=021/021 loss=0.772532 elapsed_s=1.3 status=running
2026-07-02 00:56:41,509 INFO chronaris.pipelines.stage_i.public.deep_baseline_runtime: deep_train epoch_done dataset=nasa_csm model=chronaris_public_fusion track=objective group=combined seed=42 fold=002/002 epoch=004/005 train_loss=0.852352 elapsed_s=0.3
2026-07-02 00:56:41,544 INFO chronaris.pipelines.stage_i.public.deep_baseline_runtime: deep_train epoch_start dataset=nasa_csm model=chronaris_public_fusion track=objective group=combined seed=42 fold=002/002 epoch=005/005 batch_count=21
2026-07-02 00:56:41,573 INFO chronaris.pipelines.stage_i.public.deep_baseline_runtime: deep_train batch dataset=nasa_csm model=chronaris_public_fusion track=objective group=combined seed=42 fold=002/002 epoch=005/005 batch=001/021 loss=0.842278 elapsed_s=1.3 status=running
2026-07-02 00:56:41,813 INFO chronaris.pipelines.stage_i.public.deep_baseline_runtime: deep_train batch dataset=nasa_csm model=chronaris_public_fusion track=objective group=combined seed=42 fold=002/002 epoch=005/005 batch=020/021 loss=0.779581 elapsed_s=1.6 status=running
2026-07-02 00:56:41,830 INFO chronaris.pipelines.stage_i.public.deep_baseline_runtime: deep_train batch dataset=nasa_csm model=chronaris_public_fusion track=objective group=combined seed=42 fold=002/002 epoch=005/005 batch=021/021 loss=0.694971 elapsed_s=1.6 status=running
2026-07-02 00:56:41,833 INFO chronaris.pipelines.stage_i.public.deep_baseline_runtime: deep_train epoch_done dataset=nasa_csm model=chronaris_public_fusion track=objective group=combined seed=42 fold=002/002 epoch=005/005 train_loss=0.784190 elapsed_s=0.3
2026-07-02 00:56:41,867 INFO chronaris.pipelines.stage_i.public.deep_baseline_runtime: deep_train fold_done dataset=nasa_csm model=chronaris_public_fusion track=objective group=combined seed=42 fold=002/002 elapsed_s=1.6
