2026-05-08 17:06:33,148 INFO chronaris.evaluation.public_datasets.pipelines.public_opt_torch: public_opt_torch observer start run_id=20260508T090700Z-task-eval-public-opt-uab-heat-specialist-r1 run_root=/home/wangminan/projects/chronaris/docs/artifacts/runs/2026-05-08_public-opt-uab-heat-specialist-r1
2026-05-08 17:06:33,199 INFO chronaris.evaluation.public_datasets.pipelines.public_opt_torch: public_opt_torch start run_id=20260508T090700Z-task-eval-public-opt-uab-heat-specialist-r1 requested_device=cuda resolved_device=cuda
2026-05-08 17:07:06,643 INFO chronaris.evaluation.public_datasets.pipelines.public_opt_torch: public_opt_torch prepared dataset_id=uab_workload_dataset samples=33492 subsets=['heat_the_chair', 'n_back'] feature_profiles=('physiology_lowdim',)
2026-05-08 17:07:06,919 INFO chronaris.evaluation.public_datasets.pipelines.public_opt_torch: public_opt_torch screen candidate 1/16 candidate_id=heat_linear_huber_lowdim__lr0p001__wd0p0001
2026-05-08 17:07:06,920 INFO chronaris.evaluation.public_datasets.pipelines.public_opt_torch: public_opt_torch candidate=heat_linear_huber_lowdim__lr0p001__wd0p0001 subset=heat_the_chair start
2026-05-08 17:07:06,921 INFO chronaris.evaluation.public_datasets.pipelines.public_opt_torch: public_opt_torch candidate=heat_linear_huber_lowdim__lr0p001__wd0p0001 subset=heat_the_chair fold=1/2 train=5116 test=324 held_out=subject_01
2026-05-08 17:07:08,936 INFO chronaris.evaluation.public_datasets.pipelines.public_opt_torch: public_opt_torch candidate=heat_linear_huber_lowdim__lr0p001__wd0p0001 subset=heat_the_chair fold=2/2 train=5126 test=314 held_out=subject_02
2026-05-08 17:07:09,777 INFO chronaris.evaluation.public_datasets.pipelines.public_opt_torch: public_opt_torch candidate=heat_linear_huber_lowdim__lr0p001__wd0p0001 subset=heat_the_chair done rmse=5.4432 mae=5.0891
2026-05-08 17:07:09,777 INFO chronaris.evaluation.public_datasets.pipelines.public_opt_torch: public_opt_torch screen candidate done candidate_id=heat_linear_huber_lowdim__lr0p001__wd0p0001 mean_rmse=5.4432 mean_mae=5.0891
2026-05-08 17:07:09,778 INFO chronaris.evaluation.public_datasets.pipelines.public_opt_torch: public_opt_torch screen candidate 2/16 candidate_id=heat_linear_huber_lowdim__lr0p001__wd0p001
2026-05-08 17:07:09,778 INFO chronaris.evaluation.public_datasets.pipelines.public_opt_torch: public_opt_torch candidate=heat_linear_huber_lowdim__lr0p001__wd0p001 subset=heat_the_chair start
2026-05-08 17:07:09,780 INFO chronaris.evaluation.public_datasets.pipelines.public_opt_torch: public_opt_torch candidate=heat_linear_huber_lowdim__lr0p001__wd0p001 subset=heat_the_chair fold=1/2 train=5116 test=324 held_out=subject_01
2026-05-08 17:07:10,611 INFO chronaris.evaluation.public_datasets.pipelines.public_opt_torch: public_opt_torch candidate=heat_linear_huber_lowdim__lr0p001__wd0p001 subset=heat_the_chair fold=2/2 train=5126 test=314 held_out=subject_02
2026-05-08 17:07:11,459 INFO chronaris.evaluation.public_datasets.pipelines.public_opt_torch: public_opt_torch candidate=heat_linear_huber_lowdim__lr0p001__wd0p001 subset=heat_the_chair done rmse=5.4433 mae=5.0892
2026-05-08 17:07:11,460 INFO chronaris.evaluation.public_datasets.pipelines.public_opt_torch: public_opt_torch screen candidate done candidate_id=heat_linear_huber_lowdim__lr0p001__wd0p001 mean_rmse=5.4433 mean_mae=5.0892
2026-05-08 17:07:11,460 INFO chronaris.evaluation.public_datasets.pipelines.public_opt_torch: public_opt_torch screen candidate 3/16 candidate_id=heat_linear_huber_lowdim__lr0p0003__wd0p0001
2026-05-08 17:07:11,461 INFO chronaris.evaluation.public_datasets.pipelines.public_opt_torch: public_opt_torch candidate=heat_linear_huber_lowdim__lr0p0003__wd0p0001 subset=heat_the_chair start
2026-05-08 17:07:11,462 INFO chronaris.evaluation.public_datasets.pipelines.public_opt_torch: public_opt_torch candidate=heat_linear_huber_lowdim__lr0p0003__wd0p0001 subset=heat_the_chair fold=1/2 train=5116 test=324 held_out=subject_01
2026-05-08 17:07:12,652 INFO chronaris.evaluation.public_datasets.pipelines.public_opt_torch: public_opt_torch candidate=heat_linear_huber_lowdim__lr0p0003__wd0p0001 subset=heat_the_chair fold=2/2 train=5126 test=314 held_out=subject_02
2026-05-08 17:07:13,494 INFO chronaris.evaluation.public_datasets.pipelines.public_opt_torch: public_opt_torch candidate=heat_linear_huber_lowdim__lr0p0003__wd0p0001 subset=heat_the_chair done rmse=5.6848 mae=5.3468
2026-05-08 17:07:13,495 INFO chronaris.evaluation.public_datasets.pipelines.public_opt_torch: public_opt_torch screen candidate done candidate_id=heat_linear_huber_lowdim__lr0p0003__wd0p0001 mean_rmse=5.6848 mean_mae=5.3468
2026-05-08 17:07:13,495 INFO chronaris.evaluation.public_datasets.pipelines.public_opt_torch: public_opt_torch screen candidate 4/16 candidate_id=heat_linear_huber_lowdim__lr0p0003__wd0p001
2026-05-08 17:07:13,496 INFO chronaris.evaluation.public_datasets.pipelines.public_opt_torch: public_opt_torch candidate=heat_linear_huber_lowdim__lr0p0003__wd0p001 subset=heat_the_chair start
2026-05-08 17:07:13,497 INFO chronaris.evaluation.public_datasets.pipelines.public_opt_torch: public_opt_torch candidate=heat_linear_huber_lowdim__lr0p0003__wd0p001 subset=heat_the_chair fold=1/2 train=5116 test=324 held_out=subject_01
2026-05-08 17:07:14,361 INFO chronaris.evaluation.public_datasets.pipelines.public_opt_torch: public_opt_torch candidate=heat_linear_huber_lowdim__lr0p0003__wd0p001 subset=heat_the_chair fold=2/2 train=5126 test=314 held_out=subject_02
2026-05-08 17:07:15,221 INFO chronaris.evaluation.public_datasets.pipelines.public_opt_torch: public_opt_torch candidate=heat_linear_huber_lowdim__lr0p0003__wd0p001 subset=heat_the_chair done rmse=5.6848 mae=5.3468
2026-05-08 17:07:15,222 INFO chronaris.evaluation.public_datasets.pipelines.public_opt_torch: public_opt_torch screen candidate done candidate_id=heat_linear_huber_lowdim__lr0p0003__wd0p001 mean_rmse=5.6848 mean_mae=5.3468
2026-05-08 17:07:15,223 INFO chronaris.evaluation.public_datasets.pipelines.public_opt_torch: public_opt_torch screen candidate 5/16 candidate_id=heat_mlp_lowdim__lr0p001__wd0p0001
2026-05-08 17:07:15,223 INFO chronaris.evaluation.public_datasets.pipelines.public_opt_torch: public_opt_torch candidate=heat_mlp_lowdim__lr0p001__wd0p0001 subset=heat_the_chair start
2026-05-08 17:07:15,224 INFO chronaris.evaluation.public_datasets.pipelines.public_opt_torch: public_opt_torch candidate=heat_mlp_lowdim__lr0p001__wd0p0001 subset=heat_the_chair fold=1/2 train=5116 test=324 held_out=subject_01
2026-05-08 17:07:15,895 INFO chronaris.evaluation.public_datasets.pipelines.public_opt_torch: public_opt_torch candidate=heat_mlp_lowdim__lr0p001__wd0p0001 subset=heat_the_chair fold=2/2 train=5126 test=314 held_out=subject_02
2026-05-08 17:07:16,443 INFO chronaris.evaluation.public_datasets.pipelines.public_opt_torch: public_opt_torch candidate=heat_mlp_lowdim__lr0p001__wd0p0001 subset=heat_the_chair done rmse=2.2439 mae=1.9685
2026-05-08 17:07:16,443 INFO chronaris.evaluation.public_datasets.pipelines.public_opt_torch: public_opt_torch screen candidate done candidate_id=heat_mlp_lowdim__lr0p001__wd0p0001 mean_rmse=2.2439 mean_mae=1.9685
2026-05-08 17:07:16,445 INFO chronaris.evaluation.public_datasets.pipelines.public_opt_torch: public_opt_torch screen candidate 6/16 candidate_id=heat_mlp_lowdim__lr0p001__wd0p001
2026-05-08 17:07:16,445 INFO chronaris.evaluation.public_datasets.pipelines.public_opt_torch: public_opt_torch candidate=heat_mlp_lowdim__lr0p001__wd0p001 subset=heat_the_chair start
2026-05-08 17:07:16,447 INFO chronaris.evaluation.public_datasets.pipelines.public_opt_torch: public_opt_torch candidate=heat_mlp_lowdim__lr0p001__wd0p001 subset=heat_the_chair fold=1/2 train=5116 test=324 held_out=subject_01
2026-05-08 17:07:17,092 INFO chronaris.evaluation.public_datasets.pipelines.public_opt_torch: public_opt_torch candidate=heat_mlp_lowdim__lr0p001__wd0p001 subset=heat_the_chair fold=2/2 train=5126 test=314 held_out=subject_02
2026-05-08 17:07:17,970 INFO chronaris.evaluation.public_datasets.pipelines.public_opt_torch: public_opt_torch candidate=heat_mlp_lowdim__lr0p001__wd0p001 subset=heat_the_chair done rmse=2.2440 mae=1.9687
2026-05-08 17:07:17,971 INFO chronaris.evaluation.public_datasets.pipelines.public_opt_torch: public_opt_torch screen candidate done candidate_id=heat_mlp_lowdim__lr0p001__wd0p001 mean_rmse=2.2440 mean_mae=1.9687
2026-05-08 17:07:17,985 INFO chronaris.evaluation.public_datasets.pipelines.public_opt_torch: public_opt_torch screen candidate 7/16 candidate_id=heat_mlp_lowdim__lr0p0003__wd0p0001
2026-05-08 17:07:17,986 INFO chronaris.evaluation.public_datasets.pipelines.public_opt_torch: public_opt_torch candidate=heat_mlp_lowdim__lr0p0003__wd0p0001 subset=heat_the_chair start
2026-05-08 17:07:18,011 INFO chronaris.evaluation.public_datasets.pipelines.public_opt_torch: public_opt_torch candidate=heat_mlp_lowdim__lr0p0003__wd0p0001 subset=heat_the_chair fold=1/2 train=5116 test=324 held_out=subject_01
2026-05-08 17:07:19,132 INFO chronaris.evaluation.public_datasets.pipelines.public_opt_torch: public_opt_torch candidate=heat_mlp_lowdim__lr0p0003__wd0p0001 subset=heat_the_chair fold=2/2 train=5126 test=314 held_out=subject_02
2026-05-08 17:07:20,257 INFO chronaris.evaluation.public_datasets.pipelines.public_opt_torch: public_opt_torch candidate=heat_mlp_lowdim__lr0p0003__wd0p0001 subset=heat_the_chair done rmse=2.1728 mae=1.8863
2026-05-08 17:07:20,258 INFO chronaris.evaluation.public_datasets.pipelines.public_opt_torch: public_opt_torch screen candidate done candidate_id=heat_mlp_lowdim__lr0p0003__wd0p0001 mean_rmse=2.1728 mean_mae=1.8863
2026-05-08 17:07:20,259 INFO chronaris.evaluation.public_datasets.pipelines.public_opt_torch: public_opt_torch screen candidate 8/16 candidate_id=heat_mlp_lowdim__lr0p0003__wd0p001
2026-05-08 17:07:20,259 INFO chronaris.evaluation.public_datasets.pipelines.public_opt_torch: public_opt_torch candidate=heat_mlp_lowdim__lr0p0003__wd0p001 subset=heat_the_chair start
2026-05-08 17:07:20,260 INFO chronaris.evaluation.public_datasets.pipelines.public_opt_torch: public_opt_torch candidate=heat_mlp_lowdim__lr0p0003__wd0p001 subset=heat_the_chair fold=1/2 train=5116 test=324 held_out=subject_01
2026-05-08 17:07:21,379 INFO chronaris.evaluation.public_datasets.pipelines.public_opt_torch: public_opt_torch candidate=heat_mlp_lowdim__lr0p0003__wd0p001 subset=heat_the_chair fold=2/2 train=5126 test=314 held_out=subject_02
2026-05-08 17:07:22,518 INFO chronaris.evaluation.public_datasets.pipelines.public_opt_torch: public_opt_torch candidate=heat_mlp_lowdim__lr0p0003__wd0p001 subset=heat_the_chair done rmse=2.1729 mae=1.8864
2026-05-08 17:07:22,519 INFO chronaris.evaluation.public_datasets.pipelines.public_opt_torch: public_opt_torch screen candidate done candidate_id=heat_mlp_lowdim__lr0p0003__wd0p001 mean_rmse=2.1729 mean_mae=1.8864
2026-05-08 17:07:22,519 INFO chronaris.evaluation.public_datasets.pipelines.public_opt_torch: public_opt_torch screen candidate 9/16 candidate_id=heat_residual_correction__lr0p001__wd0p0001
2026-05-08 17:07:22,520 INFO chronaris.evaluation.public_datasets.pipelines.public_opt_torch: public_opt_torch candidate=heat_residual_correction__lr0p001__wd0p0001 subset=heat_the_chair start
2026-05-08 17:07:22,521 INFO chronaris.evaluation.public_datasets.pipelines.public_opt_torch: public_opt_torch candidate=heat_residual_correction__lr0p001__wd0p0001 subset=heat_the_chair fold=1/2 train=5116 test=324 held_out=subject_01
2026-05-08 17:07:22,539 INFO chronaris.evaluation.public_datasets.pipelines.public_opt_torch: public_opt_torch candidate=heat_residual_correction__lr0p001__wd0p0001 subset=heat_the_chair fold=2/2 train=5126 test=314 held_out=subject_02
2026-05-08 17:07:22,556 INFO chronaris.evaluation.public_datasets.pipelines.public_opt_torch: public_opt_torch candidate=heat_residual_correction__lr0p001__wd0p0001 subset=heat_the_chair done rmse=2.0960 mae=1.7883
2026-05-08 17:07:22,557 INFO chronaris.evaluation.public_datasets.pipelines.public_opt_torch: public_opt_torch screen candidate done candidate_id=heat_residual_correction__lr0p001__wd0p0001 mean_rmse=2.0960 mean_mae=1.7883
2026-05-08 17:07:22,558 INFO chronaris.evaluation.public_datasets.pipelines.public_opt_torch: public_opt_torch screen candidate 10/16 candidate_id=heat_residual_correction__lr0p001__wd0p001
2026-05-08 17:07:22,558 INFO chronaris.evaluation.public_datasets.pipelines.public_opt_torch: public_opt_torch candidate=heat_residual_correction__lr0p001__wd0p001 subset=heat_the_chair start
2026-05-08 17:07:22,560 INFO chronaris.evaluation.public_datasets.pipelines.public_opt_torch: public_opt_torch candidate=heat_residual_correction__lr0p001__wd0p001 subset=heat_the_chair fold=1/2 train=5116 test=324 held_out=subject_01
2026-05-08 17:07:22,576 INFO chronaris.evaluation.public_datasets.pipelines.public_opt_torch: public_opt_torch candidate=heat_residual_correction__lr0p001__wd0p001 subset=heat_the_chair fold=2/2 train=5126 test=314 held_out=subject_02
2026-05-08 17:07:22,591 INFO chronaris.evaluation.public_datasets.pipelines.public_opt_torch: public_opt_torch candidate=heat_residual_correction__lr0p001__wd0p001 subset=heat_the_chair done rmse=2.0960 mae=1.7883
2026-05-08 17:07:22,592 INFO chronaris.evaluation.public_datasets.pipelines.public_opt_torch: public_opt_torch screen candidate done candidate_id=heat_residual_correction__lr0p001__wd0p001 mean_rmse=2.0960 mean_mae=1.7883
2026-05-08 17:07:22,593 INFO chronaris.evaluation.public_datasets.pipelines.public_opt_torch: public_opt_torch screen candidate 11/16 candidate_id=heat_residual_correction__lr0p0003__wd0p0001
2026-05-08 17:07:22,593 INFO chronaris.evaluation.public_datasets.pipelines.public_opt_torch: public_opt_torch candidate=heat_residual_correction__lr0p0003__wd0p0001 subset=heat_the_chair start
2026-05-08 17:07:22,595 INFO chronaris.evaluation.public_datasets.pipelines.public_opt_torch: public_opt_torch candidate=heat_residual_correction__lr0p0003__wd0p0001 subset=heat_the_chair fold=1/2 train=5116 test=324 held_out=subject_01
2026-05-08 17:07:22,609 INFO chronaris.evaluation.public_datasets.pipelines.public_opt_torch: public_opt_torch candidate=heat_residual_correction__lr0p0003__wd0p0001 subset=heat_the_chair fold=2/2 train=5126 test=314 held_out=subject_02
2026-05-08 17:07:22,622 INFO chronaris.evaluation.public_datasets.pipelines.public_opt_torch: public_opt_torch candidate=heat_residual_correction__lr0p0003__wd0p0001 subset=heat_the_chair done rmse=2.0960 mae=1.7883
2026-05-08 17:07:22,623 INFO chronaris.evaluation.public_datasets.pipelines.public_opt_torch: public_opt_torch screen candidate done candidate_id=heat_residual_correction__lr0p0003__wd0p0001 mean_rmse=2.0960 mean_mae=1.7883
2026-05-08 17:07:22,624 INFO chronaris.evaluation.public_datasets.pipelines.public_opt_torch: public_opt_torch screen candidate 12/16 candidate_id=heat_residual_correction__lr0p0003__wd0p001
2026-05-08 17:07:22,624 INFO chronaris.evaluation.public_datasets.pipelines.public_opt_torch: public_opt_torch candidate=heat_residual_correction__lr0p0003__wd0p001 subset=heat_the_chair start
2026-05-08 17:07:22,634 INFO chronaris.evaluation.public_datasets.pipelines.public_opt_torch: public_opt_torch candidate=heat_residual_correction__lr0p0003__wd0p001 subset=heat_the_chair fold=1/2 train=5116 test=324 held_out=subject_01
2026-05-08 17:07:22,653 INFO chronaris.evaluation.public_datasets.pipelines.public_opt_torch: public_opt_torch candidate=heat_residual_correction__lr0p0003__wd0p001 subset=heat_the_chair fold=2/2 train=5126 test=314 held_out=subject_02
2026-05-08 17:07:22,672 INFO chronaris.evaluation.public_datasets.pipelines.public_opt_torch: public_opt_torch candidate=heat_residual_correction__lr0p0003__wd0p001 subset=heat_the_chair done rmse=2.0960 mae=1.7883
2026-05-08 17:07:22,673 INFO chronaris.evaluation.public_datasets.pipelines.public_opt_torch: public_opt_torch screen candidate done candidate_id=heat_residual_correction__lr0p0003__wd0p001 mean_rmse=2.0960 mean_mae=1.7883
2026-05-08 17:07:22,683 INFO chronaris.evaluation.public_datasets.pipelines.public_opt_torch: public_opt_torch screen candidate 13/16 candidate_id=heat_affine_calibrated_blend__lr0p001__wd0p0001
2026-05-08 17:07:22,683 INFO chronaris.evaluation.public_datasets.pipelines.public_opt_torch: public_opt_torch candidate=heat_affine_calibrated_blend__lr0p001__wd0p0001 subset=heat_the_chair start
2026-05-08 17:07:22,685 INFO chronaris.evaluation.public_datasets.pipelines.public_opt_torch: public_opt_torch candidate=heat_affine_calibrated_blend__lr0p001__wd0p0001 subset=heat_the_chair fold=1/2 train=5116 test=324 held_out=subject_01
2026-05-08 17:07:22,703 INFO chronaris.evaluation.public_datasets.pipelines.public_opt_torch: public_opt_torch candidate=heat_affine_calibrated_blend__lr0p001__wd0p0001 subset=heat_the_chair fold=2/2 train=5126 test=314 held_out=subject_02
2026-05-08 17:07:22,721 INFO chronaris.evaluation.public_datasets.pipelines.public_opt_torch: public_opt_torch candidate=heat_affine_calibrated_blend__lr0p001__wd0p0001 subset=heat_the_chair done rmse=2.6046 mae=2.3403
2026-05-08 17:07:22,723 INFO chronaris.evaluation.public_datasets.pipelines.public_opt_torch: public_opt_torch screen candidate done candidate_id=heat_affine_calibrated_blend__lr0p001__wd0p0001 mean_rmse=2.6046 mean_mae=2.3403
2026-05-08 17:07:22,723 INFO chronaris.evaluation.public_datasets.pipelines.public_opt_torch: public_opt_torch screen candidate 14/16 candidate_id=heat_affine_calibrated_blend__lr0p001__wd0p001
2026-05-08 17:07:22,724 INFO chronaris.evaluation.public_datasets.pipelines.public_opt_torch: public_opt_torch candidate=heat_affine_calibrated_blend__lr0p001__wd0p001 subset=heat_the_chair start
2026-05-08 17:07:22,725 INFO chronaris.evaluation.public_datasets.pipelines.public_opt_torch: public_opt_torch candidate=heat_affine_calibrated_blend__lr0p001__wd0p001 subset=heat_the_chair fold=1/2 train=5116 test=324 held_out=subject_01
2026-05-08 17:07:22,743 INFO chronaris.evaluation.public_datasets.pipelines.public_opt_torch: public_opt_torch candidate=heat_affine_calibrated_blend__lr0p001__wd0p001 subset=heat_the_chair fold=2/2 train=5126 test=314 held_out=subject_02
2026-05-08 17:07:22,761 INFO chronaris.evaluation.public_datasets.pipelines.public_opt_torch: public_opt_torch candidate=heat_affine_calibrated_blend__lr0p001__wd0p001 subset=heat_the_chair done rmse=2.6045 mae=2.3403
2026-05-08 17:07:22,763 INFO chronaris.evaluation.public_datasets.pipelines.public_opt_torch: public_opt_torch screen candidate done candidate_id=heat_affine_calibrated_blend__lr0p001__wd0p001 mean_rmse=2.6045 mean_mae=2.3403
2026-05-08 17:07:22,770 INFO chronaris.evaluation.public_datasets.pipelines.public_opt_torch: public_opt_torch screen candidate 15/16 candidate_id=heat_affine_calibrated_blend__lr0p0003__wd0p0001
2026-05-08 17:07:22,770 INFO chronaris.evaluation.public_datasets.pipelines.public_opt_torch: public_opt_torch candidate=heat_affine_calibrated_blend__lr0p0003__wd0p0001 subset=heat_the_chair start
2026-05-08 17:07:22,772 INFO chronaris.evaluation.public_datasets.pipelines.public_opt_torch: public_opt_torch candidate=heat_affine_calibrated_blend__lr0p0003__wd0p0001 subset=heat_the_chair fold=1/2 train=5116 test=324 held_out=subject_01
2026-05-08 17:07:22,790 INFO chronaris.evaluation.public_datasets.pipelines.public_opt_torch: public_opt_torch candidate=heat_affine_calibrated_blend__lr0p0003__wd0p0001 subset=heat_the_chair fold=2/2 train=5126 test=314 held_out=subject_02
2026-05-08 17:07:22,808 INFO chronaris.evaluation.public_datasets.pipelines.public_opt_torch: public_opt_torch candidate=heat_affine_calibrated_blend__lr0p0003__wd0p0001 subset=heat_the_chair done rmse=2.6046 mae=2.3403
2026-05-08 17:07:22,810 INFO chronaris.evaluation.public_datasets.pipelines.public_opt_torch: public_opt_torch screen candidate done candidate_id=heat_affine_calibrated_blend__lr0p0003__wd0p0001 mean_rmse=2.6046 mean_mae=2.3403
2026-05-08 17:07:22,811 INFO chronaris.evaluation.public_datasets.pipelines.public_opt_torch: public_opt_torch screen candidate 16/16 candidate_id=heat_affine_calibrated_blend__lr0p0003__wd0p001
2026-05-08 17:07:22,812 INFO chronaris.evaluation.public_datasets.pipelines.public_opt_torch: public_opt_torch candidate=heat_affine_calibrated_blend__lr0p0003__wd0p001 subset=heat_the_chair start
2026-05-08 17:07:22,813 INFO chronaris.evaluation.public_datasets.pipelines.public_opt_torch: public_opt_torch candidate=heat_affine_calibrated_blend__lr0p0003__wd0p001 subset=heat_the_chair fold=1/2 train=5116 test=324 held_out=subject_01
2026-05-08 17:07:22,830 INFO chronaris.evaluation.public_datasets.pipelines.public_opt_torch: public_opt_torch candidate=heat_affine_calibrated_blend__lr0p0003__wd0p001 subset=heat_the_chair fold=2/2 train=5126 test=314 held_out=subject_02
2026-05-08 17:07:22,848 INFO chronaris.evaluation.public_datasets.pipelines.public_opt_torch: public_opt_torch candidate=heat_affine_calibrated_blend__lr0p0003__wd0p001 subset=heat_the_chair done rmse=2.6045 mae=2.3403
2026-05-08 17:07:22,849 INFO chronaris.evaluation.public_datasets.pipelines.public_opt_torch: public_opt_torch screen candidate done candidate_id=heat_affine_calibrated_blend__lr0p0003__wd0p001 mean_rmse=2.6045 mean_mae=2.3403
2026-05-08 17:07:22,852 INFO chronaris.evaluation.public_datasets.pipelines.public_opt_torch: public_opt_torch screen complete winner=heat_residual_correction__lr0p0003__wd0p0001 leaderboard_path=/home/wangminan/projects/chronaris/docs/artifacts/runs/2026-05-08_public-opt-uab-heat-specialist-r1/candidate_leaderboard.csv
2026-05-08 17:07:22,855 INFO chronaris.evaluation.public_datasets.pipelines.public_opt_torch: public_opt_torch full LOSO candidate 1/3 candidate_id=heat_residual_correction__lr0p0003__wd0p0001
2026-05-08 17:07:22,856 INFO chronaris.evaluation.public_datasets.pipelines.public_opt_torch: public_opt_torch candidate=heat_residual_correction__lr0p0003__wd0p0001 subset=heat_the_chair start
2026-05-08 17:07:22,857 INFO chronaris.evaluation.public_datasets.pipelines.public_opt_torch: public_opt_torch candidate=heat_residual_correction__lr0p0003__wd0p0001 subset=heat_the_chair fold=1/17 train=5116 test=324 held_out=subject_01
2026-05-08 17:07:22,872 INFO chronaris.evaluation.public_datasets.pipelines.public_opt_torch: public_opt_torch candidate=heat_residual_correction__lr0p0003__wd0p0001 subset=heat_the_chair fold=2/17 train=5126 test=314 held_out=subject_02
2026-05-08 17:07:22,886 INFO chronaris.evaluation.public_datasets.pipelines.public_opt_torch: public_opt_torch candidate=heat_residual_correction__lr0p0003__wd0p0001 subset=heat_the_chair fold=3/17 train=5136 test=304 held_out=subject_03
2026-05-08 17:07:22,902 INFO chronaris.evaluation.public_datasets.pipelines.public_opt_torch: public_opt_torch candidate=heat_residual_correction__lr0p0003__wd0p0001 subset=heat_the_chair fold=4/17 train=5014 test=426 held_out=subject_06
2026-05-08 17:07:22,917 INFO chronaris.evaluation.public_datasets.pipelines.public_opt_torch: public_opt_torch candidate=heat_residual_correction__lr0p0003__wd0p0001 subset=heat_the_chair fold=5/17 train=5199 test=241 held_out=subject_08
2026-05-08 17:07:22,943 INFO chronaris.evaluation.public_datasets.pipelines.public_opt_torch: public_opt_torch candidate=heat_residual_correction__lr0p0003__wd0p0001 subset=heat_the_chair fold=6/17 train=5109 test=331 held_out=subject_12
2026-05-08 17:07:22,956 INFO chronaris.evaluation.public_datasets.pipelines.public_opt_torch: public_opt_torch candidate=heat_residual_correction__lr0p0003__wd0p0001 subset=heat_the_chair fold=7/17 train=5127 test=313 held_out=subject_16
2026-05-08 17:07:22,971 INFO chronaris.evaluation.public_datasets.pipelines.public_opt_torch: public_opt_torch candidate=heat_residual_correction__lr0p0003__wd0p0001 subset=heat_the_chair fold=8/17 train=5225 test=215 held_out=subject_17
2026-05-08 17:07:22,986 INFO chronaris.evaluation.public_datasets.pipelines.public_opt_torch: public_opt_torch candidate=heat_residual_correction__lr0p0003__wd0p0001 subset=heat_the_chair fold=9/17 train=5110 test=330 held_out=subject_18
2026-05-08 17:07:22,998 INFO chronaris.evaluation.public_datasets.pipelines.public_opt_torch: public_opt_torch candidate=heat_residual_correction__lr0p0003__wd0p0001 subset=heat_the_chair fold=10/17 train=5128 test=312 held_out=subject_19
2026-05-08 17:07:23,009 INFO chronaris.evaluation.public_datasets.pipelines.public_opt_torch: public_opt_torch candidate=heat_residual_correction__lr0p0003__wd0p0001 subset=heat_the_chair fold=11/17 train=5125 test=315 held_out=subject_20
2026-05-08 17:07:23,020 INFO chronaris.evaluation.public_datasets.pipelines.public_opt_torch: public_opt_torch candidate=heat_residual_correction__lr0p0003__wd0p0001 subset=heat_the_chair fold=12/17 train=5129 test=311 held_out=subject_21
2026-05-08 17:07:23,032 INFO chronaris.evaluation.public_datasets.pipelines.public_opt_torch: public_opt_torch candidate=heat_residual_correction__lr0p0003__wd0p0001 subset=heat_the_chair fold=13/17 train=5139 test=301 held_out=subject_22
2026-05-08 17:07:23,043 INFO chronaris.evaluation.public_datasets.pipelines.public_opt_torch: public_opt_torch candidate=heat_residual_correction__lr0p0003__wd0p0001 subset=heat_the_chair fold=14/17 train=5116 test=324 held_out=subject_23
2026-05-08 17:07:23,057 INFO chronaris.evaluation.public_datasets.pipelines.public_opt_torch: public_opt_torch candidate=heat_residual_correction__lr0p0003__wd0p0001 subset=heat_the_chair fold=15/17 train=5110 test=330 held_out=subject_24
2026-05-08 17:07:23,069 INFO chronaris.evaluation.public_datasets.pipelines.public_opt_torch: public_opt_torch candidate=heat_residual_correction__lr0p0003__wd0p0001 subset=heat_the_chair fold=16/17 train=5012 test=428 held_out=subject_25
2026-05-08 17:07:23,093 INFO chronaris.evaluation.public_datasets.pipelines.public_opt_torch: public_opt_torch candidate=heat_residual_correction__lr0p0003__wd0p0001 subset=heat_the_chair fold=17/17 train=5119 test=321 held_out=subject_26
2026-05-08 17:07:23,109 INFO chronaris.evaluation.public_datasets.pipelines.public_opt_torch: public_opt_torch candidate=heat_residual_correction__lr0p0003__wd0p0001 subset=heat_the_chair done rmse=1.4630 mae=1.1594
2026-05-08 17:07:23,111 INFO chronaris.evaluation.public_datasets.pipelines.public_opt_torch: public_opt_torch full LOSO done candidate_id=heat_residual_correction__lr0p0003__wd0p0001 mean_rmse=1.4630 mean_mae=1.1594
2026-05-08 17:07:23,112 INFO chronaris.evaluation.public_datasets.pipelines.public_opt_torch: public_opt_torch full LOSO candidate 2/3 candidate_id=heat_residual_correction__lr0p001__wd0p0001
2026-05-08 17:07:23,112 INFO chronaris.evaluation.public_datasets.pipelines.public_opt_torch: public_opt_torch candidate=heat_residual_correction__lr0p001__wd0p0001 subset=heat_the_chair start
2026-05-08 17:07:23,114 INFO chronaris.evaluation.public_datasets.pipelines.public_opt_torch: public_opt_torch candidate=heat_residual_correction__lr0p001__wd0p0001 subset=heat_the_chair fold=1/17 train=5116 test=324 held_out=subject_01
2026-05-08 17:07:23,128 INFO chronaris.evaluation.public_datasets.pipelines.public_opt_torch: public_opt_torch candidate=heat_residual_correction__lr0p001__wd0p0001 subset=heat_the_chair fold=2/17 train=5126 test=314 held_out=subject_02
2026-05-08 17:07:23,142 INFO chronaris.evaluation.public_datasets.pipelines.public_opt_torch: public_opt_torch candidate=heat_residual_correction__lr0p001__wd0p0001 subset=heat_the_chair fold=3/17 train=5136 test=304 held_out=subject_03
2026-05-08 17:07:23,156 INFO chronaris.evaluation.public_datasets.pipelines.public_opt_torch: public_opt_torch candidate=heat_residual_correction__lr0p001__wd0p0001 subset=heat_the_chair fold=4/17 train=5014 test=426 held_out=subject_06
2026-05-08 17:07:23,170 INFO chronaris.evaluation.public_datasets.pipelines.public_opt_torch: public_opt_torch candidate=heat_residual_correction__lr0p001__wd0p0001 subset=heat_the_chair fold=5/17 train=5199 test=241 held_out=subject_08
2026-05-08 17:07:23,184 INFO chronaris.evaluation.public_datasets.pipelines.public_opt_torch: public_opt_torch candidate=heat_residual_correction__lr0p001__wd0p0001 subset=heat_the_chair fold=6/17 train=5109 test=331 held_out=subject_12
2026-05-08 17:07:23,197 INFO chronaris.evaluation.public_datasets.pipelines.public_opt_torch: public_opt_torch candidate=heat_residual_correction__lr0p001__wd0p0001 subset=heat_the_chair fold=7/17 train=5127 test=313 held_out=subject_16
2026-05-08 17:07:23,211 INFO chronaris.evaluation.public_datasets.pipelines.public_opt_torch: public_opt_torch candidate=heat_residual_correction__lr0p001__wd0p0001 subset=heat_the_chair fold=8/17 train=5225 test=215 held_out=subject_17
2026-05-08 17:07:23,225 INFO chronaris.evaluation.public_datasets.pipelines.public_opt_torch: public_opt_torch candidate=heat_residual_correction__lr0p001__wd0p0001 subset=heat_the_chair fold=9/17 train=5110 test=330 held_out=subject_18
2026-05-08 17:07:23,243 INFO chronaris.evaluation.public_datasets.pipelines.public_opt_torch: public_opt_torch candidate=heat_residual_correction__lr0p001__wd0p0001 subset=heat_the_chair fold=10/17 train=5128 test=312 held_out=subject_19
2026-05-08 17:07:23,258 INFO chronaris.evaluation.public_datasets.pipelines.public_opt_torch: public_opt_torch candidate=heat_residual_correction__lr0p001__wd0p0001 subset=heat_the_chair fold=11/17 train=5125 test=315 held_out=subject_20
2026-05-08 17:07:23,271 INFO chronaris.evaluation.public_datasets.pipelines.public_opt_torch: public_opt_torch candidate=heat_residual_correction__lr0p001__wd0p0001 subset=heat_the_chair fold=12/17 train=5129 test=311 held_out=subject_21
2026-05-08 17:07:23,284 INFO chronaris.evaluation.public_datasets.pipelines.public_opt_torch: public_opt_torch candidate=heat_residual_correction__lr0p001__wd0p0001 subset=heat_the_chair fold=13/17 train=5139 test=301 held_out=subject_22
2026-05-08 17:07:23,296 INFO chronaris.evaluation.public_datasets.pipelines.public_opt_torch: public_opt_torch candidate=heat_residual_correction__lr0p001__wd0p0001 subset=heat_the_chair fold=14/17 train=5116 test=324 held_out=subject_23
2026-05-08 17:07:23,309 INFO chronaris.evaluation.public_datasets.pipelines.public_opt_torch: public_opt_torch candidate=heat_residual_correction__lr0p001__wd0p0001 subset=heat_the_chair fold=15/17 train=5110 test=330 held_out=subject_24
2026-05-08 17:07:23,331 INFO chronaris.evaluation.public_datasets.pipelines.public_opt_torch: public_opt_torch candidate=heat_residual_correction__lr0p001__wd0p0001 subset=heat_the_chair fold=16/17 train=5012 test=428 held_out=subject_25
2026-05-08 17:07:23,344 INFO chronaris.evaluation.public_datasets.pipelines.public_opt_torch: public_opt_torch candidate=heat_residual_correction__lr0p001__wd0p0001 subset=heat_the_chair fold=17/17 train=5119 test=321 held_out=subject_26
2026-05-08 17:07:23,374 INFO chronaris.evaluation.public_datasets.pipelines.public_opt_torch: public_opt_torch candidate=heat_residual_correction__lr0p001__wd0p0001 subset=heat_the_chair done rmse=1.4630 mae=1.1594
2026-05-08 17:07:23,383 INFO chronaris.evaluation.public_datasets.pipelines.public_opt_torch: public_opt_torch full LOSO done candidate_id=heat_residual_correction__lr0p001__wd0p0001 mean_rmse=1.4630 mean_mae=1.1594
2026-05-08 17:07:23,404 INFO chronaris.evaluation.public_datasets.pipelines.public_opt_torch: public_opt_torch full LOSO candidate 3/3 candidate_id=heat_affine_calibrated_blend__lr0p0003__wd0p001
2026-05-08 17:07:23,417 INFO chronaris.evaluation.public_datasets.pipelines.public_opt_torch: public_opt_torch candidate=heat_affine_calibrated_blend__lr0p0003__wd0p001 subset=heat_the_chair start
2026-05-08 17:07:23,419 INFO chronaris.evaluation.public_datasets.pipelines.public_opt_torch: public_opt_torch candidate=heat_affine_calibrated_blend__lr0p0003__wd0p001 subset=heat_the_chair fold=1/17 train=5116 test=324 held_out=subject_01
2026-05-08 17:07:23,460 INFO chronaris.evaluation.public_datasets.pipelines.public_opt_torch: public_opt_torch candidate=heat_affine_calibrated_blend__lr0p0003__wd0p001 subset=heat_the_chair fold=2/17 train=5126 test=314 held_out=subject_02
2026-05-08 17:07:23,482 INFO chronaris.evaluation.public_datasets.pipelines.public_opt_torch: public_opt_torch candidate=heat_affine_calibrated_blend__lr0p0003__wd0p001 subset=heat_the_chair fold=3/17 train=5136 test=304 held_out=subject_03
2026-05-08 17:07:23,497 INFO chronaris.evaluation.public_datasets.pipelines.public_opt_torch: public_opt_torch candidate=heat_affine_calibrated_blend__lr0p0003__wd0p001 subset=heat_the_chair fold=4/17 train=5014 test=426 held_out=subject_06
2026-05-08 17:07:23,514 INFO chronaris.evaluation.public_datasets.pipelines.public_opt_torch: public_opt_torch candidate=heat_affine_calibrated_blend__lr0p0003__wd0p001 subset=heat_the_chair fold=5/17 train=5199 test=241 held_out=subject_08
2026-05-08 17:07:23,529 INFO chronaris.evaluation.public_datasets.pipelines.public_opt_torch: public_opt_torch candidate=heat_affine_calibrated_blend__lr0p0003__wd0p001 subset=heat_the_chair fold=6/17 train=5109 test=331 held_out=subject_12
2026-05-08 17:07:23,544 INFO chronaris.evaluation.public_datasets.pipelines.public_opt_torch: public_opt_torch candidate=heat_affine_calibrated_blend__lr0p0003__wd0p001 subset=heat_the_chair fold=7/17 train=5127 test=313 held_out=subject_16
2026-05-08 17:07:23,558 INFO chronaris.evaluation.public_datasets.pipelines.public_opt_torch: public_opt_torch candidate=heat_affine_calibrated_blend__lr0p0003__wd0p001 subset=heat_the_chair fold=8/17 train=5225 test=215 held_out=subject_17
2026-05-08 17:07:23,572 INFO chronaris.evaluation.public_datasets.pipelines.public_opt_torch: public_opt_torch candidate=heat_affine_calibrated_blend__lr0p0003__wd0p001 subset=heat_the_chair fold=9/17 train=5110 test=330 held_out=subject_18
2026-05-08 17:07:23,589 INFO chronaris.evaluation.public_datasets.pipelines.public_opt_torch: public_opt_torch candidate=heat_affine_calibrated_blend__lr0p0003__wd0p001 subset=heat_the_chair fold=10/17 train=5128 test=312 held_out=subject_19
2026-05-08 17:07:23,604 INFO chronaris.evaluation.public_datasets.pipelines.public_opt_torch: public_opt_torch candidate=heat_affine_calibrated_blend__lr0p0003__wd0p001 subset=heat_the_chair fold=11/17 train=5125 test=315 held_out=subject_20
2026-05-08 17:07:23,617 INFO chronaris.evaluation.public_datasets.pipelines.public_opt_torch: public_opt_torch candidate=heat_affine_calibrated_blend__lr0p0003__wd0p001 subset=heat_the_chair fold=12/17 train=5129 test=311 held_out=subject_21
2026-05-08 17:07:23,631 INFO chronaris.evaluation.public_datasets.pipelines.public_opt_torch: public_opt_torch candidate=heat_affine_calibrated_blend__lr0p0003__wd0p001 subset=heat_the_chair fold=13/17 train=5139 test=301 held_out=subject_22
2026-05-08 17:07:23,644 INFO chronaris.evaluation.public_datasets.pipelines.public_opt_torch: public_opt_torch candidate=heat_affine_calibrated_blend__lr0p0003__wd0p001 subset=heat_the_chair fold=14/17 train=5116 test=324 held_out=subject_23
2026-05-08 17:07:23,658 INFO chronaris.evaluation.public_datasets.pipelines.public_opt_torch: public_opt_torch candidate=heat_affine_calibrated_blend__lr0p0003__wd0p001 subset=heat_the_chair fold=15/17 train=5110 test=330 held_out=subject_24
2026-05-08 17:07:23,671 INFO chronaris.evaluation.public_datasets.pipelines.public_opt_torch: public_opt_torch candidate=heat_affine_calibrated_blend__lr0p0003__wd0p001 subset=heat_the_chair fold=16/17 train=5012 test=428 held_out=subject_25
2026-05-08 17:07:23,686 INFO chronaris.evaluation.public_datasets.pipelines.public_opt_torch: public_opt_torch candidate=heat_affine_calibrated_blend__lr0p0003__wd0p001 subset=heat_the_chair fold=17/17 train=5119 test=321 held_out=subject_26
2026-05-08 17:07:23,701 INFO chronaris.evaluation.public_datasets.pipelines.public_opt_torch: public_opt_torch candidate=heat_affine_calibrated_blend__lr0p0003__wd0p001 subset=heat_the_chair done rmse=1.8804 mae=1.5603
2026-05-08 17:07:23,703 INFO chronaris.evaluation.public_datasets.pipelines.public_opt_torch: public_opt_torch full LOSO done candidate_id=heat_affine_calibrated_blend__lr0p0003__wd0p001 mean_rmse=1.8804 mean_mae=1.5603
2026-05-08 17:07:23,707 INFO chronaris.evaluation.public_datasets.pipelines.public_opt_torch: public_opt_torch selected route run_id=20260508T090700Z-task-eval-public-opt-uab-heat-specialist-r1 selection={'ensemble_policy': 'none', 'selection_scope': 'per_subset_best_of_full_candidates'}
2026-05-08 17:07:23,745 INFO chronaris.evaluation.public_datasets.pipelines.public_opt_torch: public_opt_torch finished run_id=20260508T090700Z-task-eval-public-opt-uab-heat-specialist-r1 status=NASA closed, UAB partial summary_path=/home/wangminan/projects/chronaris/docs/artifacts/runs/2026-05-08_public-opt-uab-heat-specialist-r1/public_opt_torch_summary.json report_path=/home/wangminan/projects/chronaris/docs/reports/task-eval-public-opt-20260508T090700Z-task-eval-public-opt-uab-heat-specialist-r1.md
